2026-07-16 16:31:32 [INFO ] [main] c.m.MigrationReportApplication : Starting MigrationReportApplication using Java 21.0.1 with PID 30472 (D:\MigrationReportTool\Backend\MigrationReport\target\classes started by Shaik Firoz in D:\MigrationReportTool\Backend\MigrationReport)
2026-07-16 16:31:32 [INFO ] [main] c.m.MigrationReportApplication : No active profile set, falling back to 1 default profile: "default"
2026-07-16 16:31:33 [INFO ] [main] o.s.d.r.c.RepositoryConfigurationDelegate : Bootstrapping Spring Data JPA repositories in DEFAULT mode.
2026-07-16 16:31:33 [INFO ] [main] o.s.d.r.c.RepositoryConfigurationDelegate : Finished Spring Data repository scanning in 36 ms. Found 2 JPA repository interfaces.
2026-07-16 16:31:33 [INFO ] [main] o.s.boot.tomcat.TomcatWebServer : Tomcat initialized with port 8080 (http)
2026-07-16 16:31:33 [INFO ] [main] o.a.catalina.core.StandardService : Starting service [Tomcat]
2026-07-16 16:31:33 [INFO ] [main] o.a.catalina.core.StandardEngine : Starting Servlet engine: [Apache Tomcat/11.0.24]
2026-07-16 16:31:34 [INFO ] [main] o.s.b.w.c.s.WebApplicationContextInitializer : Root WebApplicationContext: initialization completed in 983 ms
2026-07-16 16:31:34 [WARN ] [main] o.s.b.w.s.s.c.AnnotationConfigServletWebServerApplicationContext : Exception encountered during context initialization - cancelling refresh attempt: org.springframework.beans.factory.BeanCreationException: Error creating bean with name 'entityManagerFactory' defined in class path resource [org/springframework/boot/hibernate/autoconfigure/HibernateJpaConfiguration.class]: Failed to initialize dependency 'dataSourceScriptDatabaseInitializer' of LoadTimeWeaverAware bean 'entityManagerFactory': Error creating bean with name 'dataSourceScriptDatabaseInitializer' defined in class path resource [org/springframework/boot/jdbc/autoconfigure/DataSourceInitializationAutoConfiguration.class]: Unsatisfied dependency expressed through method 'dataSourceScriptDatabaseInitializer' parameter 0: Error creating bean with name 'dataSource' defined in class path resource [com/migrationreport/config/DataSourceConfig.class]: Failed to instantiate [javax.sql.DataSource]: Factory method 'dataSource' threw exception with message: Unresolved compilation problems: 
	DbConfigWrapper cannot be resolved to a type
	Type mismatch: cannot convert from DbConfigWrapper to DbConfigWrapper
	DbConfigWrapper cannot be resolved to a type

2026-07-16 16:31:34 [INFO ] [main] o.a.catalina.core.StandardService : Stopping service [Tomcat]
2026-07-16 16:31:34 [INFO ] [main] o.s.b.a.l.ConditionEvaluationReportLogger : 

Error starting ApplicationContext. To display the condition evaluation report re-run your application with 'debug' enabled.
2026-07-16 16:31:34 [ERROR] [main] o.s.boot.SpringApplication : Application run failed
org.springframework.beans.factory.BeanCreationException: Error creating bean with name 'entityManagerFactory' defined in class path resource [org/springframework/boot/hibernate/autoconfigure/HibernateJpaConfiguration.class]: Failed to initialize dependency 'dataSourceScriptDatabaseInitializer' of LoadTimeWeaverAware bean 'entityManagerFactory': Error creating bean with name 'dataSourceScriptDatabaseInitializer' defined in class path resource [org/springframework/boot/jdbc/autoconfigure/DataSourceInitializationAutoConfiguration.class]: Unsatisfied dependency expressed through method 'dataSourceScriptDatabaseInitializer' parameter 0: Error creating bean with name 'dataSource' defined in class path resource [com/migrationreport/config/DataSourceConfig.class]: Failed to instantiate [javax.sql.DataSource]: Factory method 'dataSource' threw exception with message: Unresolved compilation problems: 
	DbConfigWrapper cannot be resolved to a type
	Type mismatch: cannot convert from DbConfigWrapper to DbConfigWrapper
	DbConfigWrapper cannot be resolved to a type

	at org.springframework.beans.factory.support.AbstractBeanFactory.doGetBean(AbstractBeanFactory.java:322)
	at org.springframework.beans.factory.support.AbstractBeanFactory.getBean(AbstractBeanFactory.java:201)
	at org.springframework.context.support.AbstractApplicationContext.finishBeanFactoryInitialization(AbstractApplicationContext.java:977)
	at org.springframework.context.support.AbstractApplicationContext.refresh(AbstractApplicationContext.java:621)
	at org.springframework.boot.web.server.servlet.context.ServletWebServerApplicationContext.refresh(ServletWebServerApplicationContext.java:143)
	at org.springframework.boot.SpringApplication.refresh(SpringApplication.java:756)
	at org.springframework.boot.SpringApplication.refreshContext(SpringApplication.java:445)
	at org.springframework.boot.SpringApplication.run(SpringApplication.java:321)
	at org.springframework.boot.SpringApplication.run(SpringApplication.java:1365)
	at org.springframework.boot.SpringApplication.run(SpringApplication.java:1354)
	at com.migrationreport.MigrationReportApplication.main(MigrationReportApplication.java:9)
Caused by: org.springframework.beans.factory.UnsatisfiedDependencyException: Error creating bean with name 'dataSourceScriptDatabaseInitializer' defined in class path resource [org/springframework/boot/jdbc/autoconfigure/DataSourceInitializationAutoConfiguration.class]: Unsatisfied dependency expressed through method 'dataSourceScriptDatabaseInitializer' parameter 0: Error creating bean with name 'dataSource' defined in class path resource [com/migrationreport/config/DataSourceConfig.class]: Failed to instantiate [javax.sql.DataSource]: Factory method 'dataSource' threw exception with message: Unresolved compilation problems: 
	DbConfigWrapper cannot be resolved to a type
	Type mismatch: cannot convert from DbConfigWrapper to DbConfigWrapper
	DbConfigWrapper cannot be resolved to a type

	at org.springframework.beans.factory.support.ConstructorResolver.createArgumentArray(ConstructorResolver.java:804)
	at org.springframework.beans.factory.support.ConstructorResolver.instantiateUsingFactoryMethod(ConstructorResolver.java:546)
	at org.springframework.beans.factory.support.AbstractAutowireCapableBeanFactory.instantiateUsingFactoryMethod(AbstractAutowireCapableBeanFactory.java:1360)
	at org.springframework.beans.factory.support.AbstractAutowireCapableBeanFactory.createBeanInstance(AbstractAutowireCapableBeanFactory.java:1192)
	at org.springframework.beans.factory.support.AbstractAutowireCapableBeanFactory.doCreateBean(AbstractAutowireCapableBeanFactory.java:565)
	at org.springframework.beans.factory.support.AbstractAutowireCapableBeanFactory.createBean(AbstractAutowireCapableBeanFactory.java:525)
	at org.springframework.beans.factory.support.AbstractBeanFactory.lambda$doGetBean$0(AbstractBeanFactory.java:333)
	at org.springframework.beans.factory.support.DefaultSingletonBeanRegistry.getSingleton(DefaultSingletonBeanRegistry.java:371)
	at org.springframework.beans.factory.support.AbstractBeanFactory.doGetBean(AbstractBeanFactory.java:331)
	at org.springframework.beans.factory.support.AbstractBeanFactory.getBean(AbstractBeanFactory.java:196)
	at org.springframework.beans.factory.support.AbstractBeanFactory.doGetBean(AbstractBeanFactory.java:309)
	... 10 common frames omitted
Caused by: org.springframework.beans.factory.BeanCreationException: Error creating bean with name 'dataSource' defined in class path resource [com/migrationreport/config/DataSourceConfig.class]: Failed to instantiate [javax.sql.DataSource]: Factory method 'dataSource' threw exception with message: Unresolved compilation problems: 
	DbConfigWrapper cannot be resolved to a type
	Type mismatch: cannot convert from DbConfigWrapper to DbConfigWrapper
	DbConfigWrapper cannot be resolved to a type

	at org.springframework.beans.factory.support.ConstructorResolver.instantiate(ConstructorResolver.java:657)
	at org.springframework.beans.factory.support.ConstructorResolver.instantiateUsingFactoryMethod(ConstructorResolver.java:489)
	at org.springframework.beans.factory.support.AbstractAutowireCapableBeanFactory.instantiateUsingFactoryMethod(AbstractAutowireCapableBeanFactory.java:1360)
	at org.springframework.beans.factory.support.AbstractAutowireCapableBeanFactory.createBeanInstance(AbstractAutowireCapableBeanFactory.java:1192)
	at org.springframework.beans.factory.support.AbstractAutowireCapableBeanFactory.doCreateBean(AbstractAutowireCapableBeanFactory.java:565)
	at org.springframework.beans.factory.support.AbstractAutowireCapableBeanFactory.createBean(AbstractAutowireCapableBeanFactory.java:525)
	at org.springframework.beans.factory.support.AbstractBeanFactory.lambda$doGetBean$0(AbstractBeanFactory.java:333)
	at org.springframework.beans.factory.support.DefaultSingletonBeanRegistry.getSingleton(DefaultSingletonBeanRegistry.java:371)
	at org.springframework.beans.factory.support.AbstractBeanFactory.doGetBean(AbstractBeanFactory.java:331)
	at org.springframework.beans.factory.support.AbstractBeanFactory.getBean(AbstractBeanFactory.java:201)
	at org.springframework.beans.factory.support.DefaultListableBeanFactory.resolveBean(DefaultListableBeanFactory.java:1232)
	at org.springframework.beans.factory.support.DefaultListableBeanFactory.doResolveDependency(DefaultListableBeanFactory.java:1711)
	at org.springframework.beans.factory.support.DefaultListableBeanFactory.resolveDependency(DefaultListableBeanFactory.java:1658)
	at org.springframework.beans.factory.support.ConstructorResolver.resolveAutowiredArgument(ConstructorResolver.java:912)
	at org.springframework.beans.factory.support.ConstructorResolver.createArgumentArray(ConstructorResolver.java:791)
	... 20 common frames omitted
Caused by: org.springframework.beans.BeanInstantiationException: Failed to instantiate [javax.sql.DataSource]: Factory method 'dataSource' threw exception with message: Unresolved compilation problems: 
	DbConfigWrapper cannot be resolved to a type
	Type mismatch: cannot convert from DbConfigWrapper to DbConfigWrapper
	DbConfigWrapper cannot be resolved to a type

	at org.springframework.beans.factory.support.SimpleInstantiationStrategy.lambda$instantiate$0(SimpleInstantiationStrategy.java:183)
	at org.springframework.beans.factory.support.SimpleInstantiationStrategy.instantiateWithFactoryMethod(SimpleInstantiationStrategy.java:72)
	at org.springframework.beans.factory.support.SimpleInstantiationStrategy.instantiate(SimpleInstantiationStrategy.java:152)
	at org.springframework.beans.factory.support.ConstructorResolver.instantiate(ConstructorResolver.java:653)
	... 34 common frames omitted
Caused by: java.lang.Error: Unresolved compilation problems: 
	DbConfigWrapper cannot be resolved to a type
	Type mismatch: cannot convert from DbConfigWrapper to DbConfigWrapper
	DbConfigWrapper cannot be resolved to a type

	at com.migrationreport.config.DataSourceConfig.dataSource(DataSourceConfig.java:54)
	at com.migrationreport.config.DataSourceConfig$$SpringCGLIB$$0.CGLIB$dataSource$0(<generated>)
	at com.migrationreport.config.DataSourceConfig$$SpringCGLIB$$FastClass$$1.invoke(<generated>)
	at org.springframework.cglib.proxy.MethodProxy.invokeSuper(MethodProxy.java:258)
	at org.springframework.context.annotation.ConfigurationClassEnhancer$BeanMethodInterceptor.intercept(ConfigurationClassEnhancer.java:398)
	at com.migrationreport.config.DataSourceConfig$$SpringCGLIB$$0.dataSource(<generated>)
	at java.base/jdk.internal.reflect.DirectMethodHandleAccessor.invoke(DirectMethodHandleAccessor.java:103)
	at java.base/java.lang.reflect.Method.invoke(Method.java:580)
	at org.springframework.beans.factory.support.SimpleInstantiationStrategy.lambda$instantiate$0(SimpleInstantiationStrategy.java:155)
	... 37 common frames omitted
2026-07-16 16:32:25 [INFO ] [main] c.m.MigrationReportApplicationTests : Starting MigrationReportApplicationTests using Java 21.0.1 with PID 31256 (started by Shaik Firoz in D:\MigrationReportTool\Backend\MigrationReport)
2026-07-16 16:32:25 [INFO ] [main] c.m.MigrationReportApplicationTests : No active profile set, falling back to 1 default profile: "default"
2026-07-16 16:32:25 [INFO ] [main] o.s.d.r.c.RepositoryConfigurationDelegate : Bootstrapping Spring Data JPA repositories in DEFAULT mode.
2026-07-16 16:32:26 [INFO ] [main] o.s.d.r.c.RepositoryConfigurationDelegate : Finished Spring Data repository scanning in 77 ms. Found 2 JPA repository interfaces.
2026-07-16 16:32:26 [INFO ] [main] c.m.config.DataSourceConfig : [CONFIG] Loaded database configuration for active type postgres from D:\MigrationReportTool\Backend\MigrationReport\config\db-config.json
2026-07-16 16:32:26 [INFO ] [main] org.hibernate.orm.jpa : HHH008540: Processing PersistenceUnitInfo [name: default]
2026-07-16 16:32:26 [INFO ] [main] org.hibernate.orm.core : HHH000001: Hibernate ORM core version 7.4.1.Final
2026-07-16 16:32:27 [INFO ] [main] o.s.o.j.p.SpringPersistenceUnitInfo : No LoadTimeWeaver setup: ignoring JPA class transformer
2026-07-16 16:32:27 [INFO ] [main] com.zaxxer.hikari.HikariDataSource : HikariPool-1 - Starting...
2026-07-16 16:32:28 [INFO ] [main] com.zaxxer.hikari.pool.HikariPool : HikariPool-1 - Added connection org.postgresql.jdbc.PgConnection@284b487f
2026-07-16 16:32:28 [INFO ] [main] com.zaxxer.hikari.HikariDataSource : HikariPool-1 - Start completed.
2026-07-16 16:32:28 [INFO ] [main] o.hibernate.orm.connections.pooling : HHH10001005: Database info:
	Database JDBC URL [jdbc:postgresql://localhost:5432/P8Migration]
	Database driver: PostgreSQL JDBC Driver
	Database dialect: PostgreSQLDialect
	Database version: 16.9
	Default catalog/schema: P8Migration/public
	Autocommit mode: undefined/unknown
	Isolation level: READ_COMMITTED [default READ_COMMITTED]
	JDBC fetch size: none
	Pool: DataSourceConnectionProvider
	Minimum pool size: undefined/unknown
	Maximum pool size: undefined/unknown
2026-07-16 16:32:29 [INFO ] [main] org.hibernate.orm.core : HHH000489: No JTA platform available (set 'hibernate.transaction.jta.platform' to enable JTA platform integration)
2026-07-16 16:32:29 [INFO ] [main] o.s.o.j.LocalContainerEntityManagerFactoryBean : Initialized JPA EntityManagerFactory for persistence unit 'default'
2026-07-16 16:32:30 [INFO ] [main] o.s.d.j.r.q.QueryEnhancerFactories : Hibernate is in classpath; If applicable, HQL parser will be used.
2026-07-16 16:32:30 [INFO ] [main] c.m.service.ConfigurationService : [CONFIG] Loading tenant configuration from D:\MigrationReportTool\Backend\MigrationReport\config\tenant-mappings.json
2026-07-16 16:32:30 [INFO ] [main] c.m.service.ConfigurationService : [CONFIG] Loaded 2 applications from config.
2026-07-16 16:32:30 [INFO ] [main] c.m.dialect.DialectConfig : [DIALECT] Initializing PostgreSQL Dialect provider...
2026-07-16 16:32:30 [WARN ] [main] o.s.b.j.a.JpaBaseConfiguration$JpaWebConfiguration : spring.jpa.open-in-view is enabled by default. Therefore, database queries may be performed during view rendering. Explicitly configure spring.jpa.open-in-view to disable this warning
2026-07-16 16:32:31 [INFO ] [main] c.m.MigrationReportApplicationTests : Started MigrationReportApplicationTests in 6.684 seconds (process running for 7.944)
2026-07-16 16:32:32 [INFO ] [SpringApplicationShutdownHook] o.s.o.j.LocalContainerEntityManagerFactoryBean : Closing JPA EntityManagerFactory for persistence unit 'default'
2026-07-16 16:32:32 [INFO ] [SpringApplicationShutdownHook] com.zaxxer.hikari.HikariDataSource : HikariPool-1 - Shutdown initiated...
2026-07-16 16:32:32 [INFO ] [SpringApplicationShutdownHook] com.zaxxer.hikari.HikariDataSource : HikariPool-1 - Shutdown completed.
2026-07-16 16:32:57 [INFO ] [main] c.m.MigrationReportApplication : Starting MigrationReportApplication using Java 21.0.1 with PID 34656 (D:\MigrationReportTool\Backend\MigrationReport\target\classes started by Shaik Firoz in D:\MigrationReportTool\Backend\MigrationReport)
2026-07-16 16:32:57 [INFO ] [main] c.m.MigrationReportApplication : No active profile set, falling back to 1 default profile: "default"
2026-07-16 16:32:58 [INFO ] [main] o.s.d.r.c.RepositoryConfigurationDelegate : Bootstrapping Spring Data JPA repositories in DEFAULT mode.
2026-07-16 16:32:58 [INFO ] [main] o.s.d.r.c.RepositoryConfigurationDelegate : Finished Spring Data repository scanning in 37 ms. Found 2 JPA repository interfaces.
2026-07-16 16:32:58 [INFO ] [main] o.s.boot.tomcat.TomcatWebServer : Tomcat initialized with port 8080 (http)
2026-07-16 16:32:58 [INFO ] [main] o.a.catalina.core.StandardService : Starting service [Tomcat]
2026-07-16 16:32:58 [INFO ] [main] o.a.catalina.core.StandardEngine : Starting Servlet engine: [Apache Tomcat/11.0.24]
2026-07-16 16:32:58 [INFO ] [main] o.s.b.w.c.s.WebApplicationContextInitializer : Root WebApplicationContext: initialization completed in 878 ms
2026-07-16 16:32:58 [INFO ] [main] c.m.config.DataSourceConfig : [CONFIG] Loaded database configuration for active type postgres from D:\MigrationReportTool\Backend\MigrationReport\config\db-config.json
2026-07-16 16:32:58 [INFO ] [main] org.hibernate.orm.jpa : HHH008540: Processing PersistenceUnitInfo [name: default]
2026-07-16 16:32:58 [INFO ] [main] org.hibernate.orm.core : HHH000001: Hibernate ORM core version 7.4.1.Final
2026-07-16 16:32:59 [INFO ] [main] o.s.o.j.p.SpringPersistenceUnitInfo : No LoadTimeWeaver setup: ignoring JPA class transformer
2026-07-16 16:32:59 [INFO ] [main] com.zaxxer.hikari.HikariDataSource : HikariPool-1 - Starting...
2026-07-16 16:32:59 [INFO ] [main] com.zaxxer.hikari.pool.HikariPool : HikariPool-1 - Added connection org.postgresql.jdbc.PgConnection@4e789704
2026-07-16 16:32:59 [INFO ] [main] com.zaxxer.hikari.HikariDataSource : HikariPool-1 - Start completed.
2026-07-16 16:32:59 [INFO ] [main] o.hibernate.orm.connections.pooling : HHH10001005: Database info:
	Database JDBC URL [jdbc:postgresql://localhost:5432/P8Migration]
	Database driver: PostgreSQL JDBC Driver
	Database dialect: PostgreSQLDialect
	Database version: 16.9
	Default catalog/schema: P8Migration/public
	Autocommit mode: undefined/unknown
	Isolation level: READ_COMMITTED [default READ_COMMITTED]
	JDBC fetch size: none
	Pool: DataSourceConnectionProvider
	Minimum pool size: undefined/unknown
	Maximum pool size: undefined/unknown
2026-07-16 16:33:00 [INFO ] [main] org.hibernate.orm.core : HHH000489: No JTA platform available (set 'hibernate.transaction.jta.platform' to enable JTA platform integration)
2026-07-16 16:33:00 [INFO ] [main] o.s.o.j.LocalContainerEntityManagerFactoryBean : Initialized JPA EntityManagerFactory for persistence unit 'default'
2026-07-16 16:33:00 [INFO ] [main] o.s.d.j.r.q.QueryEnhancerFactories : Hibernate is in classpath; If applicable, HQL parser will be used.
2026-07-16 16:33:00 [INFO ] [main] c.m.service.ConfigurationService : [CONFIG] Loading tenant configuration from D:\MigrationReportTool\Backend\MigrationReport\config\tenant-mappings.json
2026-07-16 16:33:00 [INFO ] [main] c.m.service.ConfigurationService : [CONFIG] Loaded 2 applications from config.
2026-07-16 16:33:00 [INFO ] [main] c.m.dialect.DialectConfig : [DIALECT] Initializing PostgreSQL Dialect provider...
2026-07-16 16:33:00 [WARN ] [main] o.s.b.j.a.JpaBaseConfiguration$JpaWebConfiguration : spring.jpa.open-in-view is enabled by default. Therefore, database queries may be performed during view rendering. Explicitly configure spring.jpa.open-in-view to disable this warning
2026-07-16 16:33:00 [INFO ] [main] o.s.boot.tomcat.TomcatWebServer : Tomcat started on port 8080 (http) with context path '/'
2026-07-16 16:33:00 [INFO ] [main] c.m.MigrationReportApplication : Started MigrationReportApplication in 3.434 seconds (process running for 4.095)
2026-07-16 16:40:36 [INFO ] [http-nio-8080-exec-1] o.a.c.c.C.[Tomcat].[localhost].[/] : Initializing Spring DispatcherServlet 'dispatcherServlet'
2026-07-16 16:40:36 [INFO ] [http-nio-8080-exec-1] o.s.web.servlet.DispatcherServlet : Initializing Servlet 'dispatcherServlet'
2026-07-16 16:40:36 [INFO ] [http-nio-8080-exec-1] o.s.web.servlet.DispatcherServlet : Completed initialization in 3 ms
2026-07-16 16:40:36 [INFO ] [http-nio-8080-exec-2] c.m.c.ConfigurationController : Starting method: getConfig
2026-07-16 16:40:36 [INFO ] [http-nio-8080-exec-2] c.m.c.ConfigurationController : [CONFIG] Fetching cached tenant configuration
2026-07-16 16:40:36 [INFO ] [http-nio-8080-exec-2] c.m.c.ConfigurationController : Ending method: getConfig
2026-07-16 16:40:36 [INFO ] [http-nio-8080-exec-4] c.m.c.ConfigurationController : Starting method: getConfig
2026-07-16 16:40:36 [INFO ] [http-nio-8080-exec-4] c.m.c.ConfigurationController : [CONFIG] Fetching cached tenant configuration
2026-07-16 16:40:36 [INFO ] [http-nio-8080-exec-4] c.m.c.ConfigurationController : Ending method: getConfig
2026-07-16 16:40:36 [INFO ] [http-nio-8080-exec-7] c.m.c.ConfigurationController : Starting method: getDbConfig
2026-07-16 16:40:36 [INFO ] [http-nio-8080-exec-7] c.m.c.ConfigurationController : [CONFIG] Fetching Database Configuration
2026-07-16 16:40:36 [INFO ] [http-nio-8080-exec-7] c.m.c.ConfigurationController : Ending method: getDbConfig
2026-07-16 16:40:36 [INFO ] [http-nio-8080-exec-5] c.m.c.ConfigurationController : Starting method: getDbConfig
2026-07-16 16:40:36 [INFO ] [http-nio-8080-exec-5] c.m.c.ConfigurationController : [CONFIG] Fetching Database Configuration
2026-07-16 16:40:36 [INFO ] [http-nio-8080-exec-5] c.m.c.ConfigurationController : Ending method: getDbConfig
2026-07-16 16:40:40 [INFO ] [http-nio-8080-exec-8] c.m.c.ConfigurationController : Starting method: getDatabaseMetadata with arguments: schema=ccol
2026-07-16 16:40:40 [INFO ] [http-nio-8080-exec-8] c.m.c.ConfigurationController : Ending method: getDatabaseMetadata
2026-07-16 16:40:44 [INFO ] [http-nio-8080-exec-9] c.m.c.ConfigurationController : Starting method: getConfig
2026-07-16 16:40:44 [INFO ] [http-nio-8080-exec-9] c.m.c.ConfigurationController : [CONFIG] Fetching cached tenant configuration
2026-07-16 16:40:44 [INFO ] [http-nio-8080-exec-9] c.m.c.ConfigurationController : Ending method: getConfig
2026-07-16 16:40:44 [INFO ] [http-nio-8080-exec-10] c.m.c.ConfigurationController : Starting method: getDbConfig
2026-07-16 16:40:44 [INFO ] [http-nio-8080-exec-10] c.m.c.ConfigurationController : [CONFIG] Fetching Database Configuration
2026-07-16 16:40:44 [INFO ] [http-nio-8080-exec-10] c.m.c.ConfigurationController : Ending method: getDbConfig
2026-07-16 16:40:45 [INFO ] [http-nio-8080-exec-1] c.m.c.ConfigurationController : Starting method: getConfig
2026-07-16 16:40:45 [INFO ] [http-nio-8080-exec-1] c.m.c.ConfigurationController : [CONFIG] Fetching cached tenant configuration
2026-07-16 16:40:45 [INFO ] [http-nio-8080-exec-1] c.m.c.ConfigurationController : Ending method: getConfig
2026-07-16 16:40:45 [INFO ] [http-nio-8080-exec-3] c.m.c.ConfigurationController : Starting method: getDbConfig
2026-07-16 16:40:45 [INFO ] [http-nio-8080-exec-3] c.m.c.ConfigurationController : [CONFIG] Fetching Database Configuration
2026-07-16 16:40:45 [INFO ] [http-nio-8080-exec-3] c.m.c.ConfigurationController : Ending method: getDbConfig
2026-07-16 16:44:14 [INFO ] [http-nio-8080-exec-4] c.m.c.ConfigurationController : Starting method: getConfig
2026-07-16 16:44:14 [INFO ] [http-nio-8080-exec-4] c.m.c.ConfigurationController : [CONFIG] Fetching cached tenant configuration
2026-07-16 16:44:14 [INFO ] [http-nio-8080-exec-4] c.m.c.ConfigurationController : Ending method: getConfig
2026-07-16 16:44:14 [INFO ] [http-nio-8080-exec-7] c.m.c.ConfigurationController : Starting method: getConfig
2026-07-16 16:44:14 [INFO ] [http-nio-8080-exec-7] c.m.c.ConfigurationController : [CONFIG] Fetching cached tenant configuration
2026-07-16 16:44:14 [INFO ] [http-nio-8080-exec-7] c.m.c.ConfigurationController : Ending method: getConfig
2026-07-16 16:44:16 [INFO ] [http-nio-8080-exec-5] c.m.c.ConfigurationController : Starting method: getConfig
2026-07-16 16:44:16 [INFO ] [http-nio-8080-exec-5] c.m.c.ConfigurationController : [CONFIG] Fetching cached tenant configuration
2026-07-16 16:44:16 [INFO ] [http-nio-8080-exec-5] c.m.c.ConfigurationController : Ending method: getConfig
2026-07-16 16:44:16 [INFO ] [http-nio-8080-exec-8] c.m.c.ConfigurationController : Starting method: getConfig
2026-07-16 16:44:16 [INFO ] [http-nio-8080-exec-8] c.m.c.ConfigurationController : [CONFIG] Fetching cached tenant configuration
2026-07-16 16:44:16 [INFO ] [http-nio-8080-exec-8] c.m.c.ConfigurationController : Ending method: getConfig
2026-07-16 16:44:16 [INFO ] [http-nio-8080-exec-10] c.m.c.ConfigurationController : Starting method: getConfig
2026-07-16 16:44:16 [INFO ] [http-nio-8080-exec-10] c.m.c.ConfigurationController : [CONFIG] Fetching cached tenant configuration
2026-07-16 16:44:16 [INFO ] [http-nio-8080-exec-10] c.m.c.ConfigurationController : Ending method: getConfig
2026-07-16 16:44:16 [INFO ] [http-nio-8080-exec-2] c.m.c.ConfigurationController : Starting method: getConfig
2026-07-16 16:44:16 [INFO ] [http-nio-8080-exec-3] c.m.c.ColumnConfigController : Starting method: getReconciliationProperties
2026-07-16 16:44:16 [INFO ] [http-nio-8080-exec-2] c.m.c.ConfigurationController : [CONFIG] Fetching cached tenant configuration
2026-07-16 16:44:16 [INFO ] [http-nio-8080-exec-3] c.m.c.ColumnConfigController : Ending method: getReconciliationProperties
2026-07-16 16:44:16 [INFO ] [http-nio-8080-exec-2] c.m.c.ConfigurationController : Ending method: getConfig
2026-07-16 16:44:16 [INFO ] [http-nio-8080-exec-6] c.m.c.ColumnConfigController : Starting method: getReconciliationProperties
2026-07-16 16:44:16 [INFO ] [http-nio-8080-exec-6] c.m.c.ColumnConfigController : Ending method: getReconciliationProperties
2026-07-16 16:44:17 [INFO ] [http-nio-8080-exec-4] c.m.c.ConfigurationController : Starting method: getConfig
2026-07-16 16:44:17 [INFO ] [http-nio-8080-exec-4] c.m.c.ConfigurationController : [CONFIG] Fetching cached tenant configuration
2026-07-16 16:44:17 [INFO ] [http-nio-8080-exec-4] c.m.c.ConfigurationController : Ending method: getConfig
2026-07-16 16:44:17 [INFO ] [http-nio-8080-exec-7] c.m.c.ConfigurationController : Starting method: getConfig
2026-07-16 16:44:17 [INFO ] [http-nio-8080-exec-7] c.m.c.ConfigurationController : [CONFIG] Fetching cached tenant configuration
2026-07-16 16:44:17 [INFO ] [http-nio-8080-exec-7] c.m.c.ConfigurationController : Ending method: getConfig
2026-07-16 16:44:18 [INFO ] [http-nio-8080-exec-5] c.m.c.ConfigurationController : Starting method: getConfig
2026-07-16 16:44:18 [INFO ] [http-nio-8080-exec-8] c.m.c.ColumnConfigController : Starting method: getReconciliationProperties
2026-07-16 16:44:18 [INFO ] [http-nio-8080-exec-5] c.m.c.ConfigurationController : [CONFIG] Fetching cached tenant configuration
2026-07-16 16:44:18 [INFO ] [http-nio-8080-exec-8] c.m.c.ColumnConfigController : Ending method: getReconciliationProperties
2026-07-16 16:44:18 [INFO ] [http-nio-8080-exec-5] c.m.c.ConfigurationController : Ending method: getConfig
2026-07-16 16:44:18 [INFO ] [http-nio-8080-exec-9] c.m.c.ColumnConfigController : Starting method: getReconciliationProperties
2026-07-16 16:44:18 [INFO ] [http-nio-8080-exec-1] c.m.c.ConfigurationController : Starting method: getConfig
2026-07-16 16:44:18 [INFO ] [http-nio-8080-exec-9] c.m.c.ColumnConfigController : Ending method: getReconciliationProperties
2026-07-16 16:44:18 [INFO ] [http-nio-8080-exec-1] c.m.c.ConfigurationController : [CONFIG] Fetching cached tenant configuration
2026-07-16 16:44:18 [INFO ] [http-nio-8080-exec-1] c.m.c.ConfigurationController : Ending method: getConfig
2026-07-16 16:45:01 [INFO ] [http-nio-8080-exec-10] c.m.c.ConfigurationController : Starting method: getConfig
2026-07-16 16:45:01 [INFO ] [http-nio-8080-exec-10] c.m.c.ConfigurationController : [CONFIG] Fetching cached tenant configuration
2026-07-16 16:45:01 [INFO ] [http-nio-8080-exec-10] c.m.c.ConfigurationController : Ending method: getConfig
2026-07-16 16:45:01 [INFO ] [http-nio-8080-exec-2] c.m.c.ConfigurationController : Starting method: getConfig
2026-07-16 16:45:01 [INFO ] [http-nio-8080-exec-2] c.m.c.ConfigurationController : [CONFIG] Fetching cached tenant configuration
2026-07-16 16:45:01 [INFO ] [http-nio-8080-exec-2] c.m.c.ConfigurationController : Ending method: getConfig
2026-07-16 16:45:05 [INFO ] [http-nio-8080-exec-3] c.m.controller.DiscoveryController : Starting method: getDocumentClasses with arguments: appId=ccol
2026-07-16 16:45:05 [INFO ] [http-nio-8080-exec-3] c.m.controller.DiscoveryController : Ending method: getDocumentClasses
2026-07-16 16:45:15 [INFO ] [http-nio-8080-exec-4] c.m.controller.DiscoveryController : Starting method: generateReport with arguments: endpoint=doc-year-month, criteria=com.migrationreport.dto.DiscoveryCriteria@1806a66e
2026-07-16 16:45:15 [INFO ] [http-nio-8080-exec-4] c.m.controller.DiscoveryController : [DISCOVERY] Generating 'doc-year-month' report for App: 'ccol'
2026-07-16 16:45:15 [INFO ] [http-nio-8080-exec-4] c.m.service.DiscoveryService : [DISCOVERY] Executing Report Endpoint: 'doc-year-month' | SQL: SELECT cd.symbolic_name AS class_name, EXTRACT(YEAR FROM CAST(dv.CREATE_DATE AS TIMESTAMP)) AS creation_year, EXTRACT(MONTH FROM CAST(dv.CREATE_DATE AS TIMESTAMP)) AS creation_month, COUNT(dv.object_id) AS total_documents  FROM ccol.docversion_source dv INNER JOIN ccol.classdef cd ON dv.object_class_id = cd.object_id  WHERE 1=1 AND cd.symbolic_name IN (?) AND dv.CREATE_DATE IS NOT NULL GROUP BY cd.symbolic_name, EXTRACT(YEAR FROM CAST(dv.CREATE_DATE AS TIMESTAMP)), EXTRACT(MONTH FROM CAST(dv.CREATE_DATE AS TIMESTAMP)) ORDER BY cd.symbolic_name, creation_year, creation_month | Params: [CollectionsNotice]
2026-07-16 16:45:15 [INFO ] [http-nio-8080-exec-4] c.m.service.DiscoveryService : [DISCOVERY] Report executed in 28ms. Found 10 records.
2026-07-16 16:45:15 [INFO ] [http-nio-8080-exec-4] c.m.controller.DiscoveryController : [DISCOVERY] 'doc-year-month' report generated in 37ms. Found 10 records.
2026-07-16 16:45:15 [INFO ] [http-nio-8080-exec-4] c.m.controller.DiscoveryController : Ending method: generateReport
2026-07-16 16:45:59 [INFO ] [http-nio-8080-exec-5] c.m.c.ConfigurationController : Starting method: getConfig
2026-07-16 16:45:59 [INFO ] [http-nio-8080-exec-5] c.m.c.ConfigurationController : [CONFIG] Fetching cached tenant configuration
2026-07-16 16:45:59 [INFO ] [http-nio-8080-exec-5] c.m.c.ConfigurationController : Ending method: getConfig
2026-07-16 16:45:59 [INFO ] [http-nio-8080-exec-1] c.m.c.ConfigurationController : Starting method: getConfig
2026-07-16 16:45:59 [INFO ] [http-nio-8080-exec-1] c.m.c.ConfigurationController : [CONFIG] Fetching cached tenant configuration
2026-07-16 16:45:59 [INFO ] [http-nio-8080-exec-1] c.m.c.ConfigurationController : Ending method: getConfig
2026-07-16 16:46:14 [INFO ] [http-nio-8080-exec-9] c.m.controller.DiscoveryController : Starting method: getDocumentClasses with arguments: appId=ccol
2026-07-16 16:46:14 [INFO ] [http-nio-8080-exec-10] c.m.controller.ExceptionController : Starting method: getMetadataFields with arguments: appId=ccol
2026-07-16 16:46:14 [INFO ] [http-nio-8080-exec-9] c.m.controller.DiscoveryController : Ending method: getDocumentClasses
2026-07-16 16:46:14 [INFO ] [http-nio-8080-exec-10] c.m.controller.ExceptionController : Ending method: getMetadataFields
2026-07-16 16:46:29 [INFO ] [http-nio-8080-exec-3] c.m.controller.ExceptionController : Starting method: checkExceptions with arguments: criteria=com.migrationreport.dto.ExceptionCriteria@7b201652
2026-07-16 16:46:29 [INFO ] [http-nio-8080-exec-3] c.m.controller.ExceptionController : [EXCEPTIONS] Checking exceptions for Application: 'ccol'
2026-07-16 16:46:29 [INFO ] [http-nio-8080-exec-3] c.m.service.ExceptionService : [EXCEPTIONS] Executing lookup SQL: SELECT dv.object_id FROM ccol.docversion_source dv INNER JOIN ccol.classdef cd ON dv.object_class_id = cd.object_id WHERE 1=1 AND cd.symbolic_name IN (?) AND (dv.uc7a6_order_no = ?) | Params: [CollectionsNotice, ORD-512719]
2026-07-16 16:46:29 [INFO ] [http-nio-8080-exec-3] c.m.service.ExceptionService : [EXCEPTIONS] Found 1 target IDs in 3ms
2026-07-16 16:46:29 [INFO ] [http-nio-8080-exec-3] c.m.service.ExceptionService : [EXCEPTIONS] Querying Source, Staging, Target tables for 1 object IDs
2026-07-16 16:46:29 [INFO ] [http-nio-8080-exec-3] c.m.service.ExceptionService : [EXCEPTIONS] Data retrieval completed in 17ms. Source: 1, Staging: 1, Target: 1
2026-07-16 16:46:29 [INFO ] [http-nio-8080-exec-3] c.m.controller.ExceptionController : [EXCEPTIONS] Exception check completed in 48ms.
2026-07-16 16:46:29 [INFO ] [http-nio-8080-exec-3] c.m.controller.ExceptionController : Ending method: checkExceptions
2026-07-16 16:47:20 [INFO ] [http-nio-8080-exec-4] c.m.c.ConfigurationController : Starting method: getConfig
2026-07-16 16:47:20 [INFO ] [http-nio-8080-exec-4] c.m.c.ConfigurationController : [CONFIG] Fetching cached tenant configuration
2026-07-16 16:47:20 [INFO ] [http-nio-8080-exec-4] c.m.c.ConfigurationController : Ending method: getConfig
2026-07-16 16:47:20 [INFO ] [http-nio-8080-exec-7] c.m.c.ConfigurationController : Starting method: getConfig
2026-07-16 16:47:20 [INFO ] [http-nio-8080-exec-7] c.m.c.ConfigurationController : [CONFIG] Fetching cached tenant configuration
2026-07-16 16:47:20 [INFO ] [http-nio-8080-exec-7] c.m.c.ConfigurationController : Ending method: getConfig
2026-07-16 16:47:20 [INFO ] [http-nio-8080-exec-8] c.m.c.ConfigurationController : Starting method: getDbConfig
2026-07-16 16:47:20 [INFO ] [http-nio-8080-exec-8] c.m.c.ConfigurationController : [CONFIG] Fetching Database Configuration
2026-07-16 16:47:20 [INFO ] [http-nio-8080-exec-8] c.m.c.ConfigurationController : Ending method: getDbConfig
2026-07-16 16:47:20 [INFO ] [http-nio-8080-exec-5] c.m.c.ConfigurationController : Starting method: getDbConfig
2026-07-16 16:47:20 [INFO ] [http-nio-8080-exec-5] c.m.c.ConfigurationController : [CONFIG] Fetching Database Configuration
2026-07-16 16:47:20 [INFO ] [http-nio-8080-exec-5] c.m.c.ConfigurationController : Ending method: getDbConfig
2026-07-16 16:48:14 [INFO ] [http-nio-8080-exec-9] c.m.c.ConfigurationController : Starting method: getDatabaseMetadata with arguments: schema=pronto_usl
2026-07-16 16:48:14 [INFO ] [http-nio-8080-exec-9] c.m.c.ConfigurationController : Ending method: getDatabaseMetadata
2026-07-16 16:49:46 [INFO ] [http-nio-8080-exec-3] c.m.c.ConfigurationController : Starting method: saveConfig with arguments: config=com.migrationreport.dto.config.TenantConfig@5eda1dd8
2026-07-16 16:49:46 [INFO ] [http-nio-8080-exec-3] c.m.c.ConfigurationController : [CONFIG] Saving new tenant configuration. Apps count: 3
2026-07-16 16:49:46 [INFO ] [http-nio-8080-exec-3] c.m.service.ConfigurationService : [CONFIG] Configuration successfully saved to D:\MigrationReportTool\Backend\MigrationReport\config\tenant-mappings.json
2026-07-16 16:49:46 [INFO ] [http-nio-8080-exec-3] c.m.c.ConfigurationController : Ending method: saveConfig
2026-07-16 16:51:01 [INFO ] [http-nio-8080-exec-7] c.m.c.ConfigurationController : Starting method: getDatabaseMetadata with arguments: schema=ccol
2026-07-16 16:51:01 [INFO ] [http-nio-8080-exec-7] c.m.c.ConfigurationController : Ending method: getDatabaseMetadata
2026-07-16 17:06:10 [INFO ] [RMI TCP Connection(36)-127.0.0.1] o.s.b.a.SpringApplicationAdminMXBeanRegistrar$SpringApplicationAdmin : Application shutdown requested.
2026-07-16 17:06:10 [INFO ] [RMI TCP Connection(36)-127.0.0.1] o.s.boot.tomcat.GracefulShutdown : Commencing graceful shutdown. Waiting for active requests to complete
2026-07-16 17:06:10 [INFO ] [tomcat-shutdown] o.s.boot.tomcat.GracefulShutdown : Graceful shutdown complete
2026-07-16 17:06:10 [INFO ] [RMI TCP Connection(36)-127.0.0.1] o.s.o.j.LocalContainerEntityManagerFactoryBean : Closing JPA EntityManagerFactory for persistence unit 'default'
2026-07-16 17:06:10 [INFO ] [RMI TCP Connection(36)-127.0.0.1] com.zaxxer.hikari.HikariDataSource : HikariPool-1 - Shutdown initiated...
2026-07-16 17:06:10 [INFO ] [RMI TCP Connection(36)-127.0.0.1] com.zaxxer.hikari.HikariDataSource : HikariPool-1 - Shutdown completed.
2026-07-16 17:16:00 [INFO ] [main] c.m.MigrationReportApplicationTests : Starting MigrationReportApplicationTests using Java 21.0.1 with PID 31896 (started by Shaik Firoz in D:\MigrationReportTool\Backend\MigrationReport)
2026-07-16 17:16:00 [INFO ] [main] c.m.MigrationReportApplicationTests : No active profile set, falling back to 1 default profile: "default"
2026-07-16 17:16:02 [INFO ] [main] o.s.d.r.c.RepositoryConfigurationDelegate : Bootstrapping Spring Data JPA repositories in DEFAULT mode.
2026-07-16 17:16:02 [INFO ] [main] o.s.d.r.c.RepositoryConfigurationDelegate : Finished Spring Data repository scanning in 178 ms. Found 2 JPA repository interfaces.
2026-07-16 17:16:04 [INFO ] [main] c.m.config.DataSourceConfig : [CONFIG] Loaded database configuration for active type postgres from D:\MigrationReportTool\Backend\MigrationReport\config\db-config.json
2026-07-16 17:16:04 [INFO ] [main] org.hibernate.orm.jpa : HHH008540: Processing PersistenceUnitInfo [name: default]
2026-07-16 17:16:05 [INFO ] [main] org.hibernate.orm.core : HHH000001: Hibernate ORM core version 7.4.1.Final
2026-07-16 17:16:08 [INFO ] [main] o.s.o.j.p.SpringPersistenceUnitInfo : No LoadTimeWeaver setup: ignoring JPA class transformer
2026-07-16 17:16:08 [INFO ] [main] com.zaxxer.hikari.HikariDataSource : HikariPool-1 - Starting...
2026-07-16 17:16:10 [INFO ] [main] com.zaxxer.hikari.pool.HikariPool : HikariPool-1 - Added connection org.postgresql.jdbc.PgConnection@7c9512c6
2026-07-16 17:16:10 [INFO ] [main] com.zaxxer.hikari.HikariDataSource : HikariPool-1 - Start completed.
2026-07-16 17:16:10 [INFO ] [main] o.hibernate.orm.connections.pooling : HHH10001005: Database info:
	Database JDBC URL [jdbc:postgresql://localhost:5432/P8Migration]
	Database driver: PostgreSQL JDBC Driver
	Database dialect: PostgreSQLDialect
	Database version: 16.9
	Default catalog/schema: P8Migration/public
	Autocommit mode: undefined/unknown
	Isolation level: READ_COMMITTED [default READ_COMMITTED]
	JDBC fetch size: none
	Pool: DataSourceConnectionProvider
	Minimum pool size: undefined/unknown
	Maximum pool size: undefined/unknown
2026-07-16 17:16:14 [INFO ] [main] org.hibernate.orm.core : HHH000489: No JTA platform available (set 'hibernate.transaction.jta.platform' to enable JTA platform integration)
2026-07-16 17:16:15 [INFO ] [main] o.s.o.j.LocalContainerEntityManagerFactoryBean : Initialized JPA EntityManagerFactory for persistence unit 'default'
2026-07-16 17:16:15 [INFO ] [main] o.s.d.j.r.q.QueryEnhancerFactories : Hibernate is in classpath; If applicable, HQL parser will be used.
2026-07-16 17:16:15 [INFO ] [main] c.m.service.ConfigurationService : [CONFIG] Loading tenant configuration from D:\MigrationReportTool\Backend\MigrationReport\config\tenant-mappings.json
2026-07-16 17:16:15 [INFO ] [main] c.m.service.ConfigurationService : [CONFIG] Loaded 3 applications from config.
2026-07-16 17:16:15 [INFO ] [main] c.m.dialect.DialectConfig : [DIALECT] Initializing PostgreSQL Dialect provider...
2026-07-16 17:16:16 [WARN ] [main] o.s.b.j.a.JpaBaseConfiguration$JpaWebConfiguration : spring.jpa.open-in-view is enabled by default. Therefore, database queries may be performed during view rendering. Explicitly configure spring.jpa.open-in-view to disable this warning
2026-07-16 17:16:18 [INFO ] [main] c.m.MigrationReportApplicationTests : Started MigrationReportApplicationTests in 19.107 seconds (process running for 22.723)
2026-07-16 17:16:20 [INFO ] [SpringApplicationShutdownHook] o.s.o.j.LocalContainerEntityManagerFactoryBean : Closing JPA EntityManagerFactory for persistence unit 'default'
2026-07-16 17:16:20 [INFO ] [SpringApplicationShutdownHook] com.zaxxer.hikari.HikariDataSource : HikariPool-1 - Shutdown initiated...
2026-07-16 17:16:20 [INFO ] [SpringApplicationShutdownHook] com.zaxxer.hikari.HikariDataSource : HikariPool-1 - Shutdown completed.
2026-07-16 17:17:09 [INFO ] [main] c.m.MigrationReportApplication : Starting MigrationReportApplication using Java 21.0.1 with PID 17484 (D:\MigrationReportTool\Backend\MigrationReport\target\classes started by Shaik Firoz in D:\MigrationReportTool\Backend\MigrationReport)
2026-07-16 17:17:09 [INFO ] [main] c.m.MigrationReportApplication : No active profile set, falling back to 1 default profile: "default"
2026-07-16 17:17:10 [INFO ] [main] o.s.d.r.c.RepositoryConfigurationDelegate : Bootstrapping Spring Data JPA repositories in DEFAULT mode.
2026-07-16 17:17:10 [INFO ] [main] o.s.d.r.c.RepositoryConfigurationDelegate : Finished Spring Data repository scanning in 90 ms. Found 2 JPA repository interfaces.
2026-07-16 17:17:11 [INFO ] [main] o.s.boot.tomcat.TomcatWebServer : Tomcat initialized with port 8080 (http)
2026-07-16 17:17:11 [INFO ] [main] o.a.catalina.core.StandardService : Starting service [Tomcat]
2026-07-16 17:17:11 [INFO ] [main] o.a.catalina.core.StandardEngine : Starting Servlet engine: [Apache Tomcat/11.0.24]
2026-07-16 17:17:11 [INFO ] [main] o.s.b.w.c.s.WebApplicationContextInitializer : Root WebApplicationContext: initialization completed in 2021 ms
2026-07-16 17:17:11 [INFO ] [main] c.m.config.DataSourceConfig : [CONFIG] Loaded database configuration for active type postgres from D:\MigrationReportTool\Backend\MigrationReport\config\db-config.json
2026-07-16 17:17:11 [INFO ] [main] org.hibernate.orm.jpa : HHH008540: Processing PersistenceUnitInfo [name: default]
2026-07-16 17:17:11 [INFO ] [main] org.hibernate.orm.core : HHH000001: Hibernate ORM core version 7.4.1.Final
2026-07-16 17:17:12 [INFO ] [main] o.s.o.j.p.SpringPersistenceUnitInfo : No LoadTimeWeaver setup: ignoring JPA class transformer
2026-07-16 17:17:12 [INFO ] [main] com.zaxxer.hikari.HikariDataSource : HikariPool-1 - Starting...
2026-07-16 17:17:12 [INFO ] [main] com.zaxxer.hikari.pool.HikariPool : HikariPool-1 - Added connection org.postgresql.jdbc.PgConnection@5b2c7186
2026-07-16 17:17:12 [INFO ] [main] com.zaxxer.hikari.HikariDataSource : HikariPool-1 - Start completed.
2026-07-16 17:17:13 [INFO ] [main] o.hibernate.orm.connections.pooling : HHH10001005: Database info:
	Database JDBC URL [jdbc:postgresql://localhost:5432/P8Migration]
	Database driver: PostgreSQL JDBC Driver
	Database dialect: PostgreSQLDialect
	Database version: 16.9
	Default catalog/schema: P8Migration/public
	Autocommit mode: undefined/unknown
	Isolation level: READ_COMMITTED [default READ_COMMITTED]
	JDBC fetch size: none
	Pool: DataSourceConnectionProvider
	Minimum pool size: undefined/unknown
	Maximum pool size: undefined/unknown
2026-07-16 17:17:14 [INFO ] [main] org.hibernate.orm.core : HHH000489: No JTA platform available (set 'hibernate.transaction.jta.platform' to enable JTA platform integration)
2026-07-16 17:17:14 [INFO ] [main] o.s.o.j.LocalContainerEntityManagerFactoryBean : Initialized JPA EntityManagerFactory for persistence unit 'default'
2026-07-16 17:17:14 [INFO ] [main] o.s.d.j.r.q.QueryEnhancerFactories : Hibernate is in classpath; If applicable, HQL parser will be used.
2026-07-16 17:17:14 [INFO ] [main] c.m.service.ConfigurationService : [CONFIG] Loading tenant configuration from D:\MigrationReportTool\Backend\MigrationReport\config\tenant-mappings.json
2026-07-16 17:17:14 [INFO ] [main] c.m.service.ConfigurationService : [CONFIG] Loaded 3 applications from config.
2026-07-16 17:17:14 [INFO ] [main] c.m.dialect.DialectConfig : [DIALECT] Initializing PostgreSQL Dialect provider...
2026-07-16 17:17:15 [WARN ] [main] o.s.b.j.a.JpaBaseConfiguration$JpaWebConfiguration : spring.jpa.open-in-view is enabled by default. Therefore, database queries may be performed during view rendering. Explicitly configure spring.jpa.open-in-view to disable this warning
2026-07-16 17:17:15 [INFO ] [main] o.s.boot.tomcat.TomcatWebServer : Tomcat started on port 8080 (http) with context path '/'
2026-07-16 17:17:15 [INFO ] [main] c.m.MigrationReportApplication : Started MigrationReportApplication in 7.51 seconds (process running for 8.932)
2026-07-16 17:17:23 [INFO ] [http-nio-8080-exec-2] o.a.c.c.C.[Tomcat].[localhost].[/] : Initializing Spring DispatcherServlet 'dispatcherServlet'
2026-07-16 17:17:23 [INFO ] [http-nio-8080-exec-2] o.s.web.servlet.DispatcherServlet : Initializing Servlet 'dispatcherServlet'
2026-07-16 17:17:23 [INFO ] [http-nio-8080-exec-2] o.s.web.servlet.DispatcherServlet : Completed initialization in 6 ms
2026-07-16 17:17:23 [INFO ] [http-nio-8080-exec-3] c.m.c.ConfigurationController : Starting method: getConfig
2026-07-16 17:17:23 [INFO ] [http-nio-8080-exec-3] c.m.c.ConfigurationController : [CONFIG] Fetching cached tenant configuration
2026-07-16 17:17:23 [INFO ] [http-nio-8080-exec-3] c.m.c.ConfigurationController : Ending method: getConfig
2026-07-16 17:17:24 [INFO ] [http-nio-8080-exec-4] c.m.c.ConfigurationController : Starting method: getConfig
2026-07-16 17:17:24 [INFO ] [http-nio-8080-exec-4] c.m.c.ConfigurationController : [CONFIG] Fetching cached tenant configuration
2026-07-16 17:17:24 [INFO ] [http-nio-8080-exec-4] c.m.c.ConfigurationController : Ending method: getConfig
2026-07-16 17:17:24 [INFO ] [http-nio-8080-exec-6] c.m.c.ConfigurationController : Starting method: getDbConfig
2026-07-16 17:17:24 [INFO ] [http-nio-8080-exec-6] c.m.c.ConfigurationController : [CONFIG] Fetching Database Configuration
2026-07-16 17:17:24 [INFO ] [http-nio-8080-exec-6] c.m.c.ConfigurationController : Ending method: getDbConfig
2026-07-16 17:17:24 [INFO ] [http-nio-8080-exec-6] c.m.c.ConfigurationController : Starting method: getDbConfig
2026-07-16 17:17:24 [INFO ] [http-nio-8080-exec-6] c.m.c.ConfigurationController : [CONFIG] Fetching Database Configuration
2026-07-16 17:17:24 [INFO ] [http-nio-8080-exec-6] c.m.c.ConfigurationController : Ending method: getDbConfig
2026-07-16 17:17:25 [INFO ] [http-nio-8080-exec-7] c.m.c.ConfigurationController : Starting method: getDatabaseMetadata with arguments: schema=ccol
2026-07-16 17:17:25 [INFO ] [http-nio-8080-exec-7] c.m.c.ConfigurationController : Ending method: getDatabaseMetadata
