2026-07-24 10:14:02 [WARN ] [HikariPool-1:housekeeper] com.zaxxer.hikari.pool.HikariPool : HikariPool-1 - Thread starvation or clock leap detected (housekeeper delta=15h57m15s891ms233µs100ns).
2026-07-24 13:39:53 [WARN ] [HikariPool-1:housekeeper] com.zaxxer.hikari.pool.HikariPool : HikariPool-1 - Thread starvation or clock leap detected (housekeeper delta=10m15s498ms416µs900ns).
2026-07-24 14:30:43 [WARN ] [HikariPool-1:housekeeper] com.zaxxer.hikari.pool.HikariPool : HikariPool-1 - Thread starvation or clock leap detected (housekeeper delta=50m50s193ms408µs400ns).
2026-07-24 16:33:08 [INFO ] [RMI TCP Connection(757)-127.0.0.1] o.s.b.a.SpringApplicationAdminMXBeanRegistrar$SpringApplicationAdmin : Application shutdown requested.
2026-07-24 16:33:08 [INFO ] [RMI TCP Connection(757)-127.0.0.1] o.s.boot.tomcat.GracefulShutdown : Commencing graceful shutdown. Waiting for active requests to complete
2026-07-24 16:33:08 [INFO ] [tomcat-shutdown] o.s.boot.tomcat.GracefulShutdown : Graceful shutdown complete
2026-07-24 16:33:08 [INFO ] [RMI TCP Connection(757)-127.0.0.1] o.s.o.j.LocalContainerEntityManagerFactoryBean : Closing JPA EntityManagerFactory for persistence unit 'default'
2026-07-24 16:33:08 [INFO ] [RMI TCP Connection(757)-127.0.0.1] com.zaxxer.hikari.HikariDataSource : HikariPool-1 - Shutdown initiated...
2026-07-24 16:33:08 [INFO ] [RMI TCP Connection(757)-127.0.0.1] com.zaxxer.hikari.HikariDataSource : HikariPool-1 - Shutdown completed.
2026-07-24 18:08:12 [INFO ] [main] c.m.MigrationReportApplicationTests : Starting MigrationReportApplicationTests using Java 21.0.7 with PID 52276 (started by Shaik Firoz in D:\MigrationReportTool\Backend\MigrationReport)
2026-07-24 18:08:12 [INFO ] [main] c.m.MigrationReportApplicationTests : No active profile set, falling back to 1 default profile: "default"
2026-07-24 18:08:14 [INFO ] [main] o.s.d.r.c.RepositoryConfigurationDelegate : Bootstrapping Spring Data JPA repositories in DEFAULT mode.
2026-07-24 18:08:14 [INFO ] [main] o.s.d.r.c.RepositoryConfigurationDelegate : Finished Spring Data repository scanning in 87 ms. Found 1 JPA repository interface.
2026-07-24 18:08:15 [INFO ] [main] c.m.config.DataSourceConfig : [CONFIG] Loaded database configuration for active type postgres from D:\MigrationReportTool\Backend\MigrationReport\config\db-config.json
2026-07-24 18:08:15 [INFO ] [main] org.hibernate.orm.jpa : HHH008540: Processing PersistenceUnitInfo [name: default]
2026-07-24 18:08:15 [INFO ] [main] org.hibernate.orm.core : HHH000001: Hibernate ORM core version 7.4.1.Final
2026-07-24 18:08:16 [INFO ] [main] o.s.o.j.p.SpringPersistenceUnitInfo : No LoadTimeWeaver setup: ignoring JPA class transformer
2026-07-24 18:08:16 [INFO ] [main] com.zaxxer.hikari.HikariDataSource : HikariPool-1 - Starting...
2026-07-24 18:08:17 [INFO ] [main] com.zaxxer.hikari.pool.HikariPool : HikariPool-1 - Added connection org.postgresql.jdbc.PgConnection@574f9e36
2026-07-24 18:08:17 [INFO ] [main] com.zaxxer.hikari.HikariDataSource : HikariPool-1 - Start completed.
2026-07-24 18:08:17 [INFO ] [main] o.hibernate.orm.connections.pooling : HHH10001005: Database info:	Database JDBC URL [jdbc:postgresql://localhost:5432/Migration]	Database driver: PostgreSQL JDBC Driver	Database dialect: PostgreSQLDialect	Database version: 16.9	Default catalog/schema: Migration/public	Autocommit mode: undefined/unknown	Isolation level: READ_COMMITTED [default READ_COMMITTED]	JDBC fetch size: none	Pool: DataSourceConnectionProvider	Minimum pool size: undefined/unknown	Maximum pool size: undefined/unknown
2026-07-24 18:08:18 [INFO ] [main] org.hibernate.orm.core : HHH000489: No JTA platform available (set 'hibernate.transaction.jta.platform' to enable JTA platform integration)
2026-07-24 18:08:19 [INFO ] [main] o.s.o.j.LocalContainerEntityManagerFactoryBean : Initialized JPA EntityManagerFactory for persistence unit 'default'
2026-07-24 18:08:19 [INFO ] [main] o.s.d.j.r.q.QueryEnhancerFactories : Hibernate is in classpath; If applicable, HQL parser will be used.
2026-07-24 18:08:19 [INFO ] [main] c.m.service.ConfigurationService : [CONFIG] Loading tenant configuration from D:\MigrationReportTool\Backend\MigrationReport\config\tenant-mappings.json
2026-07-24 18:08:19 [INFO ] [main] c.m.service.ConfigurationService : [CONFIG] Loaded 1 applications from config.
2026-07-24 18:08:19 [INFO ] [main] c.m.dialect.DialectConfig : [DIALECT] Initializing PostgreSQL Dialect provider...
2026-07-24 18:08:19 [INFO ] [main] c.m.service.PropertyMappingService : [MAPPING] Loading property mapping templates from D:\MigrationReportTool\Backend\MigrationReport\config\property-mapping-templates.json
2026-07-24 18:08:19 [WARN ] [main] o.s.b.j.a.JpaBaseConfiguration$JpaWebConfiguration : spring.jpa.open-in-view is enabled by default. Therefore, database queries may be performed during view rendering. Explicitly configure spring.jpa.open-in-view to disable this warning
2026-07-24 18:08:20 [INFO ] [main] c.m.MigrationReportApplicationTests : Started MigrationReportApplicationTests in 8.753 seconds (process running for 10.577)
2026-07-24 18:08:21 [INFO ] [SpringApplicationShutdownHook] o.s.o.j.LocalContainerEntityManagerFactoryBean : Closing JPA EntityManagerFactory for persistence unit 'default'
2026-07-24 18:08:21 [INFO ] [SpringApplicationShutdownHook] com.zaxxer.hikari.HikariDataSource : HikariPool-1 - Shutdown initiated...
2026-07-24 18:08:21 [INFO ] [SpringApplicationShutdownHook] com.zaxxer.hikari.HikariDataSource : HikariPool-1 - Shutdown completed.
2026-07-24 20:51:31 [INFO ] [main] c.m.MigrationReportApplicationTests : Starting MigrationReportApplicationTests using Java 21.0.7 with PID 53788 (started by Shaik Firoz in D:\MigrationReportTool\Backend\MigrationReport)
2026-07-24 20:51:31 [INFO ] [main] c.m.MigrationReportApplicationTests : No active profile set, falling back to 1 default profile: "default"
2026-07-24 20:51:33 [INFO ] [main] o.s.d.r.c.RepositoryConfigurationDelegate : Bootstrapping Spring Data JPA repositories in DEFAULT mode.
2026-07-24 20:51:33 [INFO ] [main] o.s.d.r.c.RepositoryConfigurationDelegate : Finished Spring Data repository scanning in 208 ms. Found 1 JPA repository interface.
2026-07-24 20:51:36 [INFO ] [main] c.m.config.DataSourceConfig : [CONFIG] Loaded database configuration for active type postgres from D:\MigrationReportTool\Backend\MigrationReport\config\db-config.json
2026-07-24 20:51:37 [INFO ] [main] org.hibernate.orm.jpa : HHH008540: Processing PersistenceUnitInfo [name: default]
2026-07-24 20:51:37 [INFO ] [main] org.hibernate.orm.core : HHH000001: Hibernate ORM core version 7.4.1.Final
2026-07-24 20:51:40 [INFO ] [main] o.s.o.j.p.SpringPersistenceUnitInfo : No LoadTimeWeaver setup: ignoring JPA class transformer
2026-07-24 20:51:40 [INFO ] [main] com.zaxxer.hikari.HikariDataSource : HikariPool-1 - Starting...
2026-07-24 20:51:42 [INFO ] [main] com.zaxxer.hikari.pool.HikariPool : HikariPool-1 - Added connection org.postgresql.jdbc.PgConnection@1fd35a92
2026-07-24 20:51:42 [INFO ] [main] com.zaxxer.hikari.HikariDataSource : HikariPool-1 - Start completed.
2026-07-24 20:51:43 [INFO ] [main] o.hibernate.orm.connections.pooling : HHH10001005: Database info:	Database JDBC URL [jdbc:postgresql://localhost:5432/Migration]	Database driver: PostgreSQL JDBC Driver	Database dialect: PostgreSQLDialect	Database version: 16.9	Default catalog/schema: Migration/public	Autocommit mode: undefined/unknown	Isolation level: READ_COMMITTED [default READ_COMMITTED]	JDBC fetch size: none	Pool: DataSourceConnectionProvider	Minimum pool size: undefined/unknown	Maximum pool size: undefined/unknown
2026-07-24 20:51:47 [INFO ] [main] org.hibernate.orm.core : HHH000489: No JTA platform available (set 'hibernate.transaction.jta.platform' to enable JTA platform integration)
2026-07-24 20:51:47 [INFO ] [main] o.s.o.j.LocalContainerEntityManagerFactoryBean : Initialized JPA EntityManagerFactory for persistence unit 'default'
2026-07-24 20:51:48 [INFO ] [main] o.s.d.j.r.q.QueryEnhancerFactories : Hibernate is in classpath; If applicable, HQL parser will be used.
2026-07-24 20:51:48 [INFO ] [main] c.m.service.ConfigurationService : [CONFIG] Loading tenant configuration from D:\MigrationReportTool\Backend\MigrationReport\config\tenant-mappings.json
2026-07-24 20:51:49 [INFO ] [main] c.m.service.ConfigurationService : [CONFIG] Loaded 1 applications from config.
2026-07-24 20:51:49 [INFO ] [main] c.m.dialect.DialectConfig : [DIALECT] Initializing PostgreSQL Dialect provider...
2026-07-24 20:51:49 [INFO ] [main] c.m.service.PropertyMappingService : [MAPPING] Loading property mapping templates from D:\MigrationReportTool\Backend\MigrationReport\config\property-mapping-templates.json
2026-07-24 20:51:49 [WARN ] [main] o.s.b.j.a.JpaBaseConfiguration$JpaWebConfiguration : spring.jpa.open-in-view is enabled by default. Therefore, database queries may be performed during view rendering. Explicitly configure spring.jpa.open-in-view to disable this warning
2026-07-24 20:51:52 [INFO ] [main] c.m.MigrationReportApplicationTests : Started MigrationReportApplicationTests in 22.013 seconds (process running for 24.69)
2026-07-24 20:51:54 [INFO ] [SpringApplicationShutdownHook] o.s.o.j.LocalContainerEntityManagerFactoryBean : Closing JPA EntityManagerFactory for persistence unit 'default'
2026-07-24 20:51:54 [INFO ] [SpringApplicationShutdownHook] com.zaxxer.hikari.HikariDataSource : HikariPool-1 - Shutdown initiated...
2026-07-24 20:51:54 [INFO ] [SpringApplicationShutdownHook] com.zaxxer.hikari.HikariDataSource : HikariPool-1 - Shutdown completed.
2026-07-24 20:59:25 [INFO ] [main] c.m.MigrationReportApplicationTests : Starting MigrationReportApplicationTests using Java 21.0.7 with PID 47916 (started by Shaik Firoz in D:\MigrationReportTool\Backend\MigrationReport)
2026-07-24 20:59:25 [INFO ] [main] c.m.MigrationReportApplicationTests : No active profile set, falling back to 1 default profile: "default"
2026-07-24 20:59:26 [INFO ] [main] o.s.d.r.c.RepositoryConfigurationDelegate : Bootstrapping Spring Data JPA repositories in DEFAULT mode.
2026-07-24 20:59:27 [INFO ] [main] o.s.d.r.c.RepositoryConfigurationDelegate : Finished Spring Data repository scanning in 102 ms. Found 1 JPA repository interface.
2026-07-24 20:59:28 [INFO ] [main] c.m.config.DataSourceConfig : [CONFIG] Loaded database configuration for active type postgres from D:\MigrationReportTool\Backend\MigrationReport\config\db-config.json
2026-07-24 20:59:28 [INFO ] [main] org.hibernate.orm.jpa : HHH008540: Processing PersistenceUnitInfo [name: default]
2026-07-24 20:59:28 [INFO ] [main] org.hibernate.orm.core : HHH000001: Hibernate ORM core version 7.4.1.Final
2026-07-24 20:59:29 [INFO ] [main] o.s.o.j.p.SpringPersistenceUnitInfo : No LoadTimeWeaver setup: ignoring JPA class transformer
2026-07-24 20:59:29 [INFO ] [main] com.zaxxer.hikari.HikariDataSource : HikariPool-1 - Starting...
2026-07-24 20:59:30 [INFO ] [main] com.zaxxer.hikari.pool.HikariPool : HikariPool-1 - Added connection org.postgresql.jdbc.PgConnection@1fd35a92
2026-07-24 20:59:30 [INFO ] [main] com.zaxxer.hikari.HikariDataSource : HikariPool-1 - Start completed.
2026-07-24 20:59:30 [INFO ] [main] o.hibernate.orm.connections.pooling : HHH10001005: Database info:	Database JDBC URL [jdbc:postgresql://localhost:5432/Migration]	Database driver: PostgreSQL JDBC Driver	Database dialect: PostgreSQLDialect	Database version: 16.9	Default catalog/schema: Migration/public	Autocommit mode: undefined/unknown	Isolation level: READ_COMMITTED [default READ_COMMITTED]	JDBC fetch size: none	Pool: DataSourceConnectionProvider	Minimum pool size: undefined/unknown	Maximum pool size: undefined/unknown
2026-07-24 20:59:31 [INFO ] [main] org.hibernate.orm.core : HHH000489: No JTA platform available (set 'hibernate.transaction.jta.platform' to enable JTA platform integration)
2026-07-24 20:59:31 [INFO ] [main] o.s.o.j.LocalContainerEntityManagerFactoryBean : Initialized JPA EntityManagerFactory for persistence unit 'default'
2026-07-24 20:59:31 [INFO ] [main] o.s.d.j.r.q.QueryEnhancerFactories : Hibernate is in classpath; If applicable, HQL parser will be used.
2026-07-24 20:59:31 [INFO ] [main] c.m.service.ConfigurationService : [CONFIG] Loading tenant configuration from D:\MigrationReportTool\Backend\MigrationReport\config\tenant-mappings.json
2026-07-24 20:59:32 [INFO ] [main] c.m.service.ConfigurationService : [CONFIG] Loaded 1 applications from config.
2026-07-24 20:59:32 [INFO ] [main] c.m.dialect.DialectConfig : [DIALECT] Initializing PostgreSQL Dialect provider...
2026-07-24 20:59:32 [INFO ] [main] c.m.service.PropertyMappingService : [MAPPING] Loading property mapping templates from D:\MigrationReportTool\Backend\MigrationReport\config\property-mapping-templates.json
2026-07-24 20:59:32 [WARN ] [main] o.s.b.j.a.JpaBaseConfiguration$JpaWebConfiguration : spring.jpa.open-in-view is enabled by default. Therefore, database queries may be performed during view rendering. Explicitly configure spring.jpa.open-in-view to disable this warning
2026-07-24 20:59:33 [INFO ] [main] c.m.MigrationReportApplicationTests : Started MigrationReportApplicationTests in 7.972 seconds (process running for 9.758)
2026-07-24 20:59:33 [INFO ] [SpringApplicationShutdownHook] o.s.o.j.LocalContainerEntityManagerFactoryBean : Closing JPA EntityManagerFactory for persistence unit 'default'
2026-07-24 20:59:33 [INFO ] [SpringApplicationShutdownHook] com.zaxxer.hikari.HikariDataSource : HikariPool-1 - Shutdown initiated...
2026-07-24 20:59:33 [INFO ] [SpringApplicationShutdownHook] com.zaxxer.hikari.HikariDataSource : HikariPool-1 - Shutdown completed.
