2026-07-16 00:22:44 [INFO ] [http-nio-8080-exec-5] c.m.c.ConfigurationController : [CONFIG] Fetching cached tenant configuration
2026-07-16 00:22:44 [INFO ] [http-nio-8080-exec-4] c.m.c.ConfigurationController : [CONFIG] Fetching cached tenant configuration
2026-07-16 00:23:20 [INFO ] [http-nio-8080-exec-8] c.m.c.ConfigurationController : [CONFIG] Fetching cached tenant configuration
2026-07-16 00:23:20 [INFO ] [http-nio-8080-exec-9] c.m.c.ConfigurationController : [CONFIG] Fetching cached tenant configuration
2026-07-16 00:25:28 [INFO ] [http-nio-8080-exec-10] c.m.c.ConfigurationController : [CONFIG] Fetching cached tenant configuration
2026-07-16 00:25:28 [INFO ] [http-nio-8080-exec-2] c.m.c.ConfigurationController : [CONFIG] Fetching cached tenant configuration
2026-07-16 00:26:20 [INFO ] [http-nio-8080-exec-7] c.m.c.ConfigurationController : [CONFIG] Fetching cached tenant configuration
2026-07-16 00:26:20 [INFO ] [http-nio-8080-exec-6] c.m.c.ConfigurationController : [CONFIG] Fetching cached tenant configuration
2026-07-16 00:34:09 [INFO ] [http-nio-8080-exec-1] c.m.c.ConfigurationController : [CONFIG] Fetching cached tenant configuration
2026-07-16 00:34:09 [INFO ] [http-nio-8080-exec-3] c.m.c.ConfigurationController : [CONFIG] Fetching cached tenant configuration
2026-07-16 00:35:56 [INFO ] [http-nio-8080-exec-4] c.m.c.ConfigurationController : [CONFIG] Fetching cached tenant configuration
2026-07-16 00:35:56 [INFO ] [http-nio-8080-exec-5] c.m.c.ConfigurationController : [CONFIG] Fetching cached tenant configuration
2026-07-16 00:39:25 [INFO ] [RMI TCP Connection(194)-127.0.0.1] o.s.b.a.SpringApplicationAdminMXBeanRegistrar$SpringApplicationAdmin : Application shutdown requested.
2026-07-16 00:39:25 [INFO ] [RMI TCP Connection(194)-127.0.0.1] o.s.boot.tomcat.GracefulShutdown : Commencing graceful shutdown. Waiting for active requests to complete
2026-07-16 00:39:25 [INFO ] [tomcat-shutdown] o.s.boot.tomcat.GracefulShutdown : Graceful shutdown complete
2026-07-16 00:39:25 [INFO ] [RMI TCP Connection(194)-127.0.0.1] o.s.o.j.LocalContainerEntityManagerFactoryBean : Closing JPA EntityManagerFactory for persistence unit 'default'
2026-07-16 00:39:25 [INFO ] [RMI TCP Connection(194)-127.0.0.1] com.zaxxer.hikari.HikariDataSource : HikariPool-1 - Shutdown initiated...
2026-07-16 00:39:25 [INFO ] [RMI TCP Connection(194)-127.0.0.1] com.zaxxer.hikari.HikariDataSource : HikariPool-1 - Shutdown completed.
2026-07-16 00:39:30 [INFO ] [main] c.m.MigrationReportApplication : Starting MigrationReportApplication using Java 21.0.1 with PID 27588 (D:\MigrationReportTool\Backend\MigrationReport\target\classes started by Shaik Firoz in D:\MigrationReportTool\Backend\MigrationReport)
2026-07-16 00:39:30 [INFO ] [main] c.m.MigrationReportApplication : No active profile set, falling back to 1 default profile: "default"
2026-07-16 00:39:31 [INFO ] [main] o.s.d.r.c.RepositoryConfigurationDelegate : Bootstrapping Spring Data JPA repositories in DEFAULT mode.
2026-07-16 00:39:31 [INFO ] [main] o.s.d.r.c.RepositoryConfigurationDelegate : Finished Spring Data repository scanning in 46 ms. Found 2 JPA repository interfaces.
2026-07-16 00:39:31 [INFO ] [main] c.u.j.c.EnableEncryptablePropertiesBeanFactoryPostProcessor : Post-processing PropertySource instances
2026-07-16 00:39:31 [INFO ] [main] c.u.j.EncryptablePropertySourceConverter : Skipping PropertySource configurationProperties [class org.springframework.boot.context.properties.source.ConfigurationPropertySourcesPropertySource
2026-07-16 00:39:31 [INFO ] [main] c.u.j.EncryptablePropertySourceConverter : Converting PropertySource commandLineArgs [org.springframework.core.env.SimpleCommandLinePropertySource] to EncryptableEnumerablePropertySourceWrapper
2026-07-16 00:39:31 [INFO ] [main] c.u.j.EncryptablePropertySourceConverter : Skipping PropertySource servletConfigInitParams [class org.springframework.core.env.PropertySource$StubPropertySource
2026-07-16 00:39:31 [INFO ] [main] c.u.j.EncryptablePropertySourceConverter : Skipping PropertySource servletContextInitParams [class org.springframework.core.env.PropertySource$StubPropertySource
2026-07-16 00:39:31 [INFO ] [main] c.u.j.EncryptablePropertySourceConverter : Converting PropertySource systemProperties [org.springframework.core.env.PropertiesPropertySource] to EncryptableMapPropertySourceWrapper
2026-07-16 00:39:31 [INFO ] [main] c.u.j.EncryptablePropertySourceConverter : Converting PropertySource systemEnvironment [org.springframework.boot.support.SystemEnvironmentPropertySourceEnvironmentPostProcessor$OriginAwareSystemEnvironmentPropertySource] to EncryptableSystemEnvironmentPropertySourceWrapper
2026-07-16 00:39:31 [INFO ] [main] c.u.j.EncryptablePropertySourceConverter : Converting PropertySource random [org.springframework.boot.env.RandomValuePropertySource] to EncryptablePropertySourceWrapper
2026-07-16 00:39:31 [INFO ] [main] c.u.j.EncryptablePropertySourceConverter : Converting PropertySource Config resource 'class path resource [application.properties]' via location 'optional:classpath:/' [org.springframework.boot.env.OriginTrackedMapPropertySource] to EncryptableMapPropertySourceWrapper
2026-07-16 00:39:31 [INFO ] [main] c.u.j.EncryptablePropertySourceConverter : Converting PropertySource applicationInfo [org.springframework.boot.ApplicationInfoPropertySource] to EncryptableMapPropertySourceWrapper
2026-07-16 00:39:31 [INFO ] [main] c.u.j.f.DefaultLazyPropertyFilter : Property Filter custom Bean not found with name 'encryptablePropertyFilter'. Initializing Default Property Filter
2026-07-16 00:39:31 [INFO ] [main] c.u.j.r.DefaultLazyPropertyResolver : Property Resolver custom Bean not found with name 'encryptablePropertyResolver'. Initializing Default Property Resolver
2026-07-16 00:39:31 [INFO ] [main] c.u.j.d.DefaultLazyPropertyDetector : Property Detector custom Bean not found with name 'encryptablePropertyDetector'. Initializing Default Property Detector
2026-07-16 00:39:31 [INFO ] [main] o.s.boot.tomcat.TomcatWebServer : Tomcat initialized with port 8080 (http)
2026-07-16 00:39:31 [INFO ] [main] o.a.catalina.core.StandardService : Starting service [Tomcat]
2026-07-16 00:39:31 [INFO ] [main] o.a.catalina.core.StandardEngine : Starting Servlet engine: [Apache Tomcat/11.0.22]
2026-07-16 00:39:31 [INFO ] [main] o.s.b.w.c.s.WebApplicationContextInitializer : Root WebApplicationContext: initialization completed in 1140 ms
2026-07-16 00:39:31 [INFO ] [main] c.u.j.encryptor.DefaultLazyEncryptor : String Encryptor custom Bean not found with name 'jasyptStringEncryptor'. Initializing Default String Encryptor
2026-07-16 00:39:31 [INFO ] [main] c.u.j.c.StringEncryptorBuilder : Encryptor config not found for property jasypt.encryptor.algorithm, using default value: PBEWITHHMACSHA512ANDAES_256
2026-07-16 00:39:31 [INFO ] [main] c.u.j.c.StringEncryptorBuilder : Encryptor config not found for property jasypt.encryptor.key-obtention-iterations, using default value: 1000
2026-07-16 00:39:31 [INFO ] [main] c.u.j.c.StringEncryptorBuilder : Encryptor config not found for property jasypt.encryptor.pool-size, using default value: 1
2026-07-16 00:39:31 [INFO ] [main] c.u.j.c.StringEncryptorBuilder : Encryptor config not found for property jasypt.encryptor.provider-name, using default value: null
2026-07-16 00:39:31 [INFO ] [main] c.u.j.c.StringEncryptorBuilder : Encryptor config not found for property jasypt.encryptor.provider-class-name, using default value: null
2026-07-16 00:39:31 [INFO ] [main] c.u.j.c.StringEncryptorBuilder : Encryptor config not found for property jasypt.encryptor.salt-generator-classname, using default value: org.jasypt.salt.RandomSaltGenerator
2026-07-16 00:39:31 [INFO ] [main] c.u.j.c.StringEncryptorBuilder : Encryptor config not found for property jasypt.encryptor.iv-generator-classname, using default value: org.jasypt.iv.RandomIvGenerator
2026-07-16 00:39:31 [INFO ] [main] c.u.j.c.StringEncryptorBuilder : Encryptor config not found for property jasypt.encryptor.string-output-type, using default value: base64
2026-07-16 00:39:32 [INFO ] [main] c.m.config.DataSourceConfig : [CONFIG] No db-config.json found, using default application.properties
2026-07-16 00:39:32 [INFO ] [main] org.hibernate.orm.jpa : HHH008540: Processing PersistenceUnitInfo [name: default]
2026-07-16 00:39:32 [INFO ] [main] org.hibernate.orm.core : HHH000001: Hibernate ORM core version 7.4.1.Final
2026-07-16 00:39:32 [INFO ] [main] o.s.o.j.p.SpringPersistenceUnitInfo : No LoadTimeWeaver setup: ignoring JPA class transformer
2026-07-16 00:39:32 [INFO ] [main] com.zaxxer.hikari.HikariDataSource : HikariPool-1 - Starting...
2026-07-16 00:39:32 [INFO ] [main] com.zaxxer.hikari.pool.HikariPool : HikariPool-1 - Added connection org.postgresql.jdbc.PgConnection@3636f2a7
2026-07-16 00:39:32 [INFO ] [main] com.zaxxer.hikari.HikariDataSource : HikariPool-1 - Start completed.
2026-07-16 00:39:32 [INFO ] [main] o.hibernate.orm.connections.pooling : HHH10001005: Database info:
	Database JDBC URL [jdbc:postgresql://localhost:5432/P8Migration]
	Database driver: PostgreSQL JDBC Driver
	Database dialect: PostgreSQLDialect
	Database version: 16.9
	Default catalog/schema: P8Migration/public
	Autocommit mode: undefined/unknown
	Isolation level: READ_COMMITTED [default READ_COMMITTED]
	JDBC fetch size: none
	Pool: DataSourceConnectionProvider
	Minimum pool size: undefined/unknown
	Maximum pool size: undefined/unknown
2026-07-16 00:39:34 [INFO ] [main] org.hibernate.orm.core : HHH000489: No JTA platform available (set 'hibernate.transaction.jta.platform' to enable JTA platform integration)
2026-07-16 00:39:34 [INFO ] [main] o.s.o.j.LocalContainerEntityManagerFactoryBean : Initialized JPA EntityManagerFactory for persistence unit 'default'
2026-07-16 00:39:34 [INFO ] [main] o.s.d.j.r.q.QueryEnhancerFactories : Hibernate is in classpath; If applicable, HQL parser will be used.
2026-07-16 00:39:34 [INFO ] [main] c.m.service.ConfigurationService : [CONFIG] Loading tenant configuration from D:\MigrationReportTool\Backend\MigrationReport\config\tenant-mappings.json
2026-07-16 00:39:34 [INFO ] [main] c.m.service.ConfigurationService : [CONFIG] Loaded 2 applications from config.
2026-07-16 00:39:34 [INFO ] [main] c.m.dialect.DialectConfig : [DIALECT] Initializing PostgreSQL Dialect provider...
2026-07-16 00:39:34 [WARN ] [main] o.s.b.j.a.JpaBaseConfiguration$JpaWebConfiguration : spring.jpa.open-in-view is enabled by default. Therefore, database queries may be performed during view rendering. Explicitly configure spring.jpa.open-in-view to disable this warning
2026-07-16 00:39:34 [INFO ] [main] o.s.boot.tomcat.TomcatWebServer : Tomcat started on port 8080 (http) with context path '/'
2026-07-16 00:39:34 [INFO ] [main] c.m.MigrationReportApplication : Started MigrationReportApplication in 4.425 seconds (process running for 5.197)
2026-07-16 00:39:50 [INFO ] [http-nio-8080-exec-1] o.a.c.c.C.[Tomcat].[localhost].[/] : Initializing Spring DispatcherServlet 'dispatcherServlet'
2026-07-16 00:39:50 [INFO ] [http-nio-8080-exec-1] o.s.web.servlet.DispatcherServlet : Initializing Servlet 'dispatcherServlet'
2026-07-16 00:39:50 [INFO ] [http-nio-8080-exec-1] o.s.web.servlet.DispatcherServlet : Completed initialization in 5 ms
2026-07-16 00:39:50 [INFO ] [http-nio-8080-exec-1] c.m.c.ConfigurationController : [CONFIG] Fetching cached tenant configuration
2026-07-16 00:39:50 [INFO ] [http-nio-8080-exec-2] c.m.c.ConfigurationController : [CONFIG] Fetching cached tenant configuration
2026-07-16 00:39:50 [INFO ] [http-nio-8080-exec-5] c.m.c.ConfigurationController : [CONFIG] Fetching Database Configuration
2026-07-16 00:39:50 [INFO ] [http-nio-8080-exec-6] c.m.c.ConfigurationController : [CONFIG] Fetching Database Configuration
2026-07-16 00:41:17 [INFO ] [http-nio-8080-exec-10] c.m.c.ConfigurationController : [CONFIG] Testing Database Connection
2026-07-16 00:41:21 [INFO ] [http-nio-8080-exec-1] c.m.c.ConfigurationController : [CONFIG] Saving new Database Configuration
2026-07-16 00:41:21 [INFO ] [http-nio-8080-exec-1] c.m.service.ConfigurationService : [CONFIG] Database Configuration successfully saved to D:\MigrationReportTool\Backend\MigrationReport\config\db-config.json
2026-07-16 00:49:36 [INFO ] [http-nio-8080-exec-4] c.m.c.ConfigurationController : [CONFIG] Fetching cached tenant configuration
2026-07-16 00:49:36 [INFO ] [http-nio-8080-exec-3] c.m.c.ConfigurationController : [CONFIG] Fetching cached tenant configuration
2026-07-16 00:49:36 [INFO ] [http-nio-8080-exec-5] c.m.c.ConfigurationController : [CONFIG] Fetching Database Configuration
2026-07-16 00:49:36 [INFO ] [http-nio-8080-exec-6] c.m.c.ConfigurationController : [CONFIG] Fetching Database Configuration
2026-07-16 00:50:47 [INFO ] [http-nio-8080-exec-9] c.m.c.ConfigurationController : [CONFIG] Fetching cached tenant configuration
2026-07-16 00:50:47 [INFO ] [http-nio-8080-exec-10] c.m.c.ConfigurationController : [CONFIG] Fetching Database Configuration
2026-07-16 00:51:46 [INFO ] [http-nio-8080-exec-1] c.m.c.ConfigurationController : [CONFIG] Fetching cached tenant configuration
2026-07-16 00:51:46 [INFO ] [http-nio-8080-exec-2] c.m.c.ConfigurationController : [CONFIG] Fetching cached tenant configuration
2026-07-16 00:51:46 [INFO ] [http-nio-8080-exec-4] c.m.c.ConfigurationController : [CONFIG] Fetching Database Configuration
2026-07-16 00:51:46 [INFO ] [http-nio-8080-exec-3] c.m.c.ConfigurationController : [CONFIG] Fetching Database Configuration
2026-07-16 00:52:28 [INFO ] [http-nio-8080-exec-5] c.m.c.ConfigurationController : [CONFIG] Testing Database Connection
2026-07-16 00:52:30 [ERROR] [http-nio-8080-exec-6] c.m.exception.GlobalExceptionHandler : Internal Server Error: 
org.springframework.http.converter.HttpMessageNotReadableException: JSON parse error: Cannot deserialize value of type `java.lang.String` from Array value (token `JsonToken.START_ARRAY`)
	at org.springframework.http.converter.AbstractJacksonHttpMessageConverter.readJavaType(AbstractJacksonHttpMessageConverter.java:363)
	at org.springframework.http.converter.AbstractJacksonHttpMessageConverter.read(AbstractJacksonHttpMessageConverter.java:319)
	at org.springframework.web.servlet.mvc.method.annotation.AbstractMessageConverterMethodArgumentResolver.readWithMessageConverters(AbstractMessageConverterMethodArgumentResolver.java:203)
	at org.springframework.web.servlet.mvc.method.annotation.RequestResponseBodyMethodProcessor.readWithMessageConverters(RequestResponseBodyMethodProcessor.java:181)
	at org.springframework.web.servlet.mvc.method.annotation.RequestResponseBodyMethodProcessor.resolveArgument(RequestResponseBodyMethodProcessor.java:156)
	at org.springframework.web.method.support.HandlerMethodArgumentResolverComposite.resolveArgument(HandlerMethodArgumentResolverComposite.java:122)
	at org.springframework.web.method.support.InvocableHandlerMethod.getMethodArgumentValues(InvocableHandlerMethod.java:224)
	at org.springframework.web.method.support.InvocableHandlerMethod.invokeForRequest(InvocableHandlerMethod.java:174)
	at org.springframework.web.servlet.mvc.method.annotation.ServletInvocableHandlerMethod.invokeAndHandle(ServletInvocableHandlerMethod.java:117)
	at org.springframework.web.servlet.mvc.method.annotation.RequestMappingHandlerAdapter.invokeHandlerMethod(RequestMappingHandlerAdapter.java:934)
	at org.springframework.web.servlet.mvc.method.annotation.RequestMappingHandlerAdapter.handleInternal(RequestMappingHandlerAdapter.java:853)
	at org.springframework.web.servlet.mvc.method.AbstractHandlerMethodAdapter.handle(AbstractHandlerMethodAdapter.java:86)
	at org.springframework.web.servlet.DispatcherServlet.doDispatch(DispatcherServlet.java:963)
	at org.springframework.web.servlet.DispatcherServlet.doService(DispatcherServlet.java:866)
	at org.springframework.web.servlet.FrameworkServlet.processRequest(FrameworkServlet.java:1000)
	at org.springframework.web.servlet.FrameworkServlet.doPost(FrameworkServlet.java:903)
	at jakarta.servlet.http.HttpServlet.service(HttpServlet.java:649)
	at org.springframework.web.servlet.FrameworkServlet.service(FrameworkServlet.java:874)
	at jakarta.servlet.http.HttpServlet.service(HttpServlet.java:710)
	at org.apache.catalina.core.ApplicationFilterChain.doFilter(ApplicationFilterChain.java:128)
	at org.apache.tomcat.websocket.server.WsFilter.doFilter(WsFilter.java:53)
	at org.apache.catalina.core.ApplicationFilterChain.doFilter(ApplicationFilterChain.java:107)
	at org.springframework.web.filter.RequestContextFilter.doFilterInternal(RequestContextFilter.java:100)
	at org.springframework.web.filter.OncePerRequestFilter.doFilter(OncePerRequestFilter.java:116)
	at org.apache.catalina.core.ApplicationFilterChain.doFilter(ApplicationFilterChain.java:107)
	at org.springframework.web.filter.FormContentFilter.doFilterInternal(FormContentFilter.java:93)
	at org.springframework.web.filter.OncePerRequestFilter.doFilter(OncePerRequestFilter.java:116)
	at org.apache.catalina.core.ApplicationFilterChain.doFilter(ApplicationFilterChain.java:107)
	at org.springframework.web.filter.CharacterEncodingFilter.doFilterInternal(CharacterEncodingFilter.java:199)
	at org.springframework.web.filter.OncePerRequestFilter.doFilter(OncePerRequestFilter.java:116)
	at org.apache.catalina.core.ApplicationFilterChain.doFilter(ApplicationFilterChain.java:107)
	at org.apache.catalina.core.StandardWrapperValve.invoke(StandardWrapperValve.java:165)
	at org.apache.catalina.core.StandardContextValve.invoke(StandardContextValve.java:77)
	at org.apache.catalina.authenticator.AuthenticatorBase.invoke(AuthenticatorBase.java:492)
	at org.apache.catalina.core.StandardHostValve.invoke(StandardHostValve.java:113)
	at org.apache.catalina.valves.ErrorReportValve.invoke(ErrorReportValve.java:83)
	at org.apache.catalina.core.StandardEngineValve.invoke(StandardEngineValve.java:72)
	at org.apache.catalina.connector.CoyoteAdapter.service(CoyoteAdapter.java:341)
	at org.apache.coyote.http11.Http11Processor.service(Http11Processor.java:397)
	at org.apache.coyote.AbstractProcessorLight.process(AbstractProcessorLight.java:63)
	at org.apache.coyote.AbstractProtocol$ConnectionHandler.process(AbstractProtocol.java:1272)
	at org.apache.tomcat.util.net.NioEndpoint$SocketProcessor.doRun(NioEndpoint.java:1801)
	at org.apache.tomcat.util.net.SocketProcessorBase.run(SocketProcessorBase.java:52)
	at org.apache.tomcat.util.threads.ThreadPoolExecutor.runWorker(ThreadPoolExecutor.java:946)
	at org.apache.tomcat.util.threads.ThreadPoolExecutor$Worker.run(ThreadPoolExecutor.java:480)
	at org.apache.tomcat.util.threads.TaskThread$WrappingRunnable.run(TaskThread.java:57)
	at java.base/java.lang.Thread.run(Thread.java:1583)
Caused by: tools.jackson.databind.exc.MismatchedInputException: Cannot deserialize value of type `java.lang.String` from Array value (token `JsonToken.START_ARRAY`)
 at [Source: REDACTED (`StreamReadFeature.INCLUDE_SOURCE_IN_LOCATION` disabled); byte offset: #45] (through reference chain: java.util.LinkedHashMap["databases"])
	at tools.jackson.databind.exc.MismatchedInputException.from(MismatchedInputException.java:63)
	at tools.jackson.databind.DeserializationContext.reportInputMismatch(DeserializationContext.java:1863)
	at tools.jackson.databind.DeserializationContext.handleUnexpectedToken(DeserializationContext.java:1659)
	at tools.jackson.databind.deser.std.StdDeserializer._deserializeFromArray(StdDeserializer.java:199)
	at tools.jackson.databind.deser.jdk.StringDeserializer.deserialize(StringDeserializer.java:45)
	at tools.jackson.databind.deser.jdk.StringDeserializer.deserialize(StringDeserializer.java:10)
	at tools.jackson.databind.deser.jdk.MapDeserializer._deserializeNoNullChecks(MapDeserializer.java:883)
	at tools.jackson.databind.deser.jdk.MapDeserializer._readAndBindStringKeyMap(MapDeserializer.java:606)
	at tools.jackson.databind.deser.jdk.MapDeserializer.deserialize(MapDeserializer.java:428)
	at tools.jackson.databind.deser.jdk.MapDeserializer.deserialize(MapDeserializer.java:30)
	at tools.jackson.databind.deser.DeserializationContextExt.readRootValue(DeserializationContextExt.java:266)
	at tools.jackson.databind.ObjectReader._bindAndClose(ObjectReader.java:1888)
	at tools.jackson.databind.ObjectReader.readValue(ObjectReader.java:1270)
	at org.springframework.http.converter.AbstractJacksonHttpMessageConverter.readJavaType(AbstractJacksonHttpMessageConverter.java:352)
	... 46 common frames omitted
2026-07-16 00:55:03 [INFO ] [RMI TCP Connection(19)-127.0.0.1] o.s.b.a.SpringApplicationAdminMXBeanRegistrar$SpringApplicationAdmin : Application shutdown requested.
2026-07-16 00:55:03 [INFO ] [RMI TCP Connection(19)-127.0.0.1] o.s.boot.tomcat.GracefulShutdown : Commencing graceful shutdown. Waiting for active requests to complete
2026-07-16 00:55:03 [INFO ] [tomcat-shutdown] o.s.boot.tomcat.GracefulShutdown : Graceful shutdown complete
2026-07-16 00:55:03 [INFO ] [RMI TCP Connection(19)-127.0.0.1] o.s.o.j.LocalContainerEntityManagerFactoryBean : Closing JPA EntityManagerFactory for persistence unit 'default'
2026-07-16 00:55:03 [INFO ] [RMI TCP Connection(19)-127.0.0.1] com.zaxxer.hikari.HikariDataSource : HikariPool-1 - Shutdown initiated...
2026-07-16 00:55:04 [INFO ] [RMI TCP Connection(19)-127.0.0.1] com.zaxxer.hikari.HikariDataSource : HikariPool-1 - Shutdown completed.
2026-07-16 00:55:12 [INFO ] [main] c.m.MigrationReportApplication : Starting MigrationReportApplication using Java 21.0.1 with PID 26980 (D:\MigrationReportTool\Backend\MigrationReport\target\classes started by Shaik Firoz in D:\MigrationReportTool\Backend\MigrationReport)
2026-07-16 00:55:12 [INFO ] [main] c.m.MigrationReportApplication : No active profile set, falling back to 1 default profile: "default"
2026-07-16 00:55:13 [INFO ] [main] o.s.d.r.c.RepositoryConfigurationDelegate : Bootstrapping Spring Data JPA repositories in DEFAULT mode.
2026-07-16 00:55:13 [INFO ] [main] o.s.d.r.c.RepositoryConfigurationDelegate : Finished Spring Data repository scanning in 50 ms. Found 2 JPA repository interfaces.
2026-07-16 00:55:13 [INFO ] [main] c.u.j.c.EnableEncryptablePropertiesBeanFactoryPostProcessor : Post-processing PropertySource instances
2026-07-16 00:55:13 [INFO ] [main] c.u.j.EncryptablePropertySourceConverter : Skipping PropertySource configurationProperties [class org.springframework.boot.context.properties.source.ConfigurationPropertySourcesPropertySource
2026-07-16 00:55:13 [INFO ] [main] c.u.j.EncryptablePropertySourceConverter : Converting PropertySource commandLineArgs [org.springframework.core.env.SimpleCommandLinePropertySource] to EncryptableEnumerablePropertySourceWrapper
2026-07-16 00:55:13 [INFO ] [main] c.u.j.EncryptablePropertySourceConverter : Skipping PropertySource servletConfigInitParams [class org.springframework.core.env.PropertySource$StubPropertySource
2026-07-16 00:55:13 [INFO ] [main] c.u.j.EncryptablePropertySourceConverter : Skipping PropertySource servletContextInitParams [class org.springframework.core.env.PropertySource$StubPropertySource
2026-07-16 00:55:13 [INFO ] [main] c.u.j.EncryptablePropertySourceConverter : Converting PropertySource systemProperties [org.springframework.core.env.PropertiesPropertySource] to EncryptableMapPropertySourceWrapper
2026-07-16 00:55:13 [INFO ] [main] c.u.j.EncryptablePropertySourceConverter : Converting PropertySource systemEnvironment [org.springframework.boot.support.SystemEnvironmentPropertySourceEnvironmentPostProcessor$OriginAwareSystemEnvironmentPropertySource] to EncryptableSystemEnvironmentPropertySourceWrapper
2026-07-16 00:55:13 [INFO ] [main] c.u.j.EncryptablePropertySourceConverter : Converting PropertySource random [org.springframework.boot.env.RandomValuePropertySource] to EncryptablePropertySourceWrapper
2026-07-16 00:55:13 [INFO ] [main] c.u.j.EncryptablePropertySourceConverter : Converting PropertySource Config resource 'class path resource [application.properties]' via location 'optional:classpath:/' [org.springframework.boot.env.OriginTrackedMapPropertySource] to EncryptableMapPropertySourceWrapper
2026-07-16 00:55:13 [INFO ] [main] c.u.j.EncryptablePropertySourceConverter : Converting PropertySource applicationInfo [org.springframework.boot.ApplicationInfoPropertySource] to EncryptableMapPropertySourceWrapper
2026-07-16 00:55:13 [INFO ] [main] c.u.j.f.DefaultLazyPropertyFilter : Property Filter custom Bean not found with name 'encryptablePropertyFilter'. Initializing Default Property Filter
2026-07-16 00:55:13 [INFO ] [main] c.u.j.r.DefaultLazyPropertyResolver : Property Resolver custom Bean not found with name 'encryptablePropertyResolver'. Initializing Default Property Resolver
2026-07-16 00:55:13 [INFO ] [main] c.u.j.d.DefaultLazyPropertyDetector : Property Detector custom Bean not found with name 'encryptablePropertyDetector'. Initializing Default Property Detector
2026-07-16 00:55:13 [INFO ] [main] o.s.boot.tomcat.TomcatWebServer : Tomcat initialized with port 8080 (http)
2026-07-16 00:55:13 [INFO ] [main] o.a.catalina.core.StandardService : Starting service [Tomcat]
2026-07-16 00:55:13 [INFO ] [main] o.a.catalina.core.StandardEngine : Starting Servlet engine: [Apache Tomcat/11.0.22]
2026-07-16 00:55:13 [INFO ] [main] o.s.b.w.c.s.WebApplicationContextInitializer : Root WebApplicationContext: initialization completed in 1072 ms
2026-07-16 00:55:13 [INFO ] [main] c.u.j.encryptor.DefaultLazyEncryptor : String Encryptor custom Bean not found with name 'jasyptStringEncryptor'. Initializing Default String Encryptor
2026-07-16 00:55:13 [INFO ] [main] c.u.j.c.StringEncryptorBuilder : Encryptor config not found for property jasypt.encryptor.algorithm, using default value: PBEWITHHMACSHA512ANDAES_256
2026-07-16 00:55:13 [INFO ] [main] c.u.j.c.StringEncryptorBuilder : Encryptor config not found for property jasypt.encryptor.key-obtention-iterations, using default value: 1000
2026-07-16 00:55:13 [INFO ] [main] c.u.j.c.StringEncryptorBuilder : Encryptor config not found for property jasypt.encryptor.pool-size, using default value: 1
2026-07-16 00:55:13 [INFO ] [main] c.u.j.c.StringEncryptorBuilder : Encryptor config not found for property jasypt.encryptor.provider-name, using default value: null
2026-07-16 00:55:13 [INFO ] [main] c.u.j.c.StringEncryptorBuilder : Encryptor config not found for property jasypt.encryptor.provider-class-name, using default value: null
2026-07-16 00:55:13 [INFO ] [main] c.u.j.c.StringEncryptorBuilder : Encryptor config not found for property jasypt.encryptor.salt-generator-classname, using default value: org.jasypt.salt.RandomSaltGenerator
2026-07-16 00:55:13 [INFO ] [main] c.u.j.c.StringEncryptorBuilder : Encryptor config not found for property jasypt.encryptor.iv-generator-classname, using default value: org.jasypt.iv.RandomIvGenerator
2026-07-16 00:55:13 [INFO ] [main] c.u.j.c.StringEncryptorBuilder : Encryptor config not found for property jasypt.encryptor.string-output-type, using default value: base64
2026-07-16 00:55:13 [ERROR] [main] c.m.config.DataSourceConfig : [CONFIG] Failed to load db-config.json, falling back to application.properties. Error: Unrecognized field "databaseType" (class com.migrationreport.dto.config.DbConfigWrapper), not marked as ignorable (2 known properties: "databases", "activeDatabaseType")
 at [Source: REDACTED (`StreamReadFeature.INCLUDE_SOURCE_IN_LOCATION` disabled); line: 2, column: 21] (through reference chain: com.migrationreport.dto.config.DbConfigWrapper["databaseType"])
2026-07-16 00:55:14 [INFO ] [main] org.hibernate.orm.jpa : HHH008540: Processing PersistenceUnitInfo [name: default]
2026-07-16 00:55:14 [INFO ] [main] org.hibernate.orm.core : HHH000001: Hibernate ORM core version 7.4.1.Final
2026-07-16 00:55:14 [INFO ] [main] o.s.o.j.p.SpringPersistenceUnitInfo : No LoadTimeWeaver setup: ignoring JPA class transformer
2026-07-16 00:55:14 [INFO ] [main] com.zaxxer.hikari.HikariDataSource : HikariPool-1 - Starting...
2026-07-16 00:55:14 [INFO ] [main] com.zaxxer.hikari.pool.HikariPool : HikariPool-1 - Added connection org.postgresql.jdbc.PgConnection@2c978637
2026-07-16 00:55:14 [INFO ] [main] com.zaxxer.hikari.HikariDataSource : HikariPool-1 - Start completed.
2026-07-16 00:55:14 [INFO ] [main] o.hibernate.orm.connections.pooling : HHH10001005: Database info:
	Database JDBC URL [jdbc:postgresql://localhost:5432/P8Migration]
	Database driver: PostgreSQL JDBC Driver
	Database dialect: PostgreSQLDialect
	Database version: 16.9
	Default catalog/schema: P8Migration/public
	Autocommit mode: undefined/unknown
	Isolation level: READ_COMMITTED [default READ_COMMITTED]
	JDBC fetch size: none
	Pool: DataSourceConnectionProvider
	Minimum pool size: undefined/unknown
	Maximum pool size: undefined/unknown
2026-07-16 00:55:15 [INFO ] [main] org.hibernate.orm.core : HHH000489: No JTA platform available (set 'hibernate.transaction.jta.platform' to enable JTA platform integration)
2026-07-16 00:55:15 [INFO ] [main] o.s.o.j.LocalContainerEntityManagerFactoryBean : Initialized JPA EntityManagerFactory for persistence unit 'default'
2026-07-16 00:55:15 [INFO ] [main] o.s.d.j.r.q.QueryEnhancerFactories : Hibernate is in classpath; If applicable, HQL parser will be used.
2026-07-16 00:55:15 [INFO ] [main] c.m.service.ConfigurationService : [CONFIG] Loading tenant configuration from D:\MigrationReportTool\Backend\MigrationReport\config\tenant-mappings.json
2026-07-16 00:55:15 [INFO ] [main] c.m.service.ConfigurationService : [CONFIG] Loaded 2 applications from config.
2026-07-16 00:55:15 [ERROR] [main] c.m.dialect.DialectConfig : [DIALECT] Failed to load db-config.json, falling back to application.properties. Error: Unrecognized field "databaseType" (class com.migrationreport.dto.config.DbConfigWrapper), not marked as ignorable (2 known properties: "databases", "activeDatabaseType")
 at [Source: REDACTED (`StreamReadFeature.INCLUDE_SOURCE_IN_LOCATION` disabled); line: 2, column: 21] (through reference chain: com.migrationreport.dto.config.DbConfigWrapper["databaseType"])
2026-07-16 00:55:15 [INFO ] [main] c.m.dialect.DialectConfig : [DIALECT] Initializing PostgreSQL Dialect provider...
2026-07-16 00:55:15 [WARN ] [main] o.s.b.j.a.JpaBaseConfiguration$JpaWebConfiguration : spring.jpa.open-in-view is enabled by default. Therefore, database queries may be performed during view rendering. Explicitly configure spring.jpa.open-in-view to disable this warning
2026-07-16 00:55:15 [INFO ] [main] o.s.boot.tomcat.TomcatWebServer : Tomcat started on port 8080 (http) with context path '/'
2026-07-16 00:55:15 [INFO ] [main] c.m.MigrationReportApplication : Started MigrationReportApplication in 3.723 seconds (process running for 4.433)
2026-07-16 00:55:46 [INFO ] [http-nio-8080-exec-1] o.a.c.c.C.[Tomcat].[localhost].[/] : Initializing Spring DispatcherServlet 'dispatcherServlet'
2026-07-16 00:55:46 [INFO ] [http-nio-8080-exec-1] o.s.web.servlet.DispatcherServlet : Initializing Servlet 'dispatcherServlet'
2026-07-16 00:55:46 [INFO ] [http-nio-8080-exec-1] o.s.web.servlet.DispatcherServlet : Completed initialization in 0 ms
2026-07-16 00:55:46 [INFO ] [http-nio-8080-exec-1] c.m.c.ConfigurationController : [CONFIG] Testing Database Connection
2026-07-16 00:55:49 [INFO ] [http-nio-8080-exec-2] c.m.c.ConfigurationController : [CONFIG] Saving new Database Configuration
2026-07-16 00:55:50 [INFO ] [http-nio-8080-exec-2] c.m.service.ConfigurationService : [CONFIG] Database Configuration successfully saved to D:\MigrationReportTool\Backend\MigrationReport\config\db-config.json
2026-07-16 00:59:40 [INFO ] [http-nio-8080-exec-4] c.m.c.ConfigurationController : [CONFIG] Fetching cached tenant configuration
2026-07-16 00:59:41 [INFO ] [http-nio-8080-exec-7] c.m.c.ConfigurationController : [CONFIG] Fetching Database Configuration
2026-07-16 01:02:57 [INFO ] [http-nio-8080-exec-6] c.m.c.ConfigurationController : [CONFIG] Fetching cached tenant configuration
2026-07-16 01:02:57 [INFO ] [http-nio-8080-exec-9] c.m.c.ConfigurationController : [CONFIG] Fetching cached tenant configuration
2026-07-16 01:02:57 [INFO ] [http-nio-8080-exec-8] c.m.c.ConfigurationController : [CONFIG] Fetching Database Configuration
2026-07-16 01:02:57 [INFO ] [http-nio-8080-exec-1] c.m.c.ConfigurationController : [CONFIG] Fetching Database Configuration
2026-07-16 01:05:44 [INFO ] [RMI TCP Connection(14)-127.0.0.1] o.s.b.a.SpringApplicationAdminMXBeanRegistrar$SpringApplicationAdmin : Application shutdown requested.
2026-07-16 01:05:44 [INFO ] [RMI TCP Connection(14)-127.0.0.1] o.s.boot.tomcat.GracefulShutdown : Commencing graceful shutdown. Waiting for active requests to complete
2026-07-16 01:05:44 [INFO ] [tomcat-shutdown] o.s.boot.tomcat.GracefulShutdown : Graceful shutdown complete
2026-07-16 01:05:44 [INFO ] [RMI TCP Connection(14)-127.0.0.1] o.s.o.j.LocalContainerEntityManagerFactoryBean : Closing JPA EntityManagerFactory for persistence unit 'default'
2026-07-16 01:05:44 [INFO ] [RMI TCP Connection(14)-127.0.0.1] com.zaxxer.hikari.HikariDataSource : HikariPool-1 - Shutdown initiated...
2026-07-16 01:05:44 [INFO ] [RMI TCP Connection(14)-127.0.0.1] com.zaxxer.hikari.HikariDataSource : HikariPool-1 - Shutdown completed.
2026-07-16 01:05:46 [INFO ] [main] c.m.MigrationReportApplication : Starting MigrationReportApplication using Java 21.0.1 with PID 24828 (D:\MigrationReportTool\Backend\MigrationReport\target\classes started by Shaik Firoz in D:\MigrationReportTool\Backend\MigrationReport)
2026-07-16 01:05:46 [INFO ] [main] c.m.MigrationReportApplication : No active profile set, falling back to 1 default profile: "default"
2026-07-16 01:05:47 [INFO ] [main] o.s.d.r.c.RepositoryConfigurationDelegate : Bootstrapping Spring Data JPA repositories in DEFAULT mode.
2026-07-16 01:05:47 [INFO ] [main] o.s.d.r.c.RepositoryConfigurationDelegate : Finished Spring Data repository scanning in 38 ms. Found 2 JPA repository interfaces.
2026-07-16 01:05:47 [INFO ] [main] c.u.j.c.EnableEncryptablePropertiesBeanFactoryPostProcessor : Post-processing PropertySource instances
2026-07-16 01:05:47 [INFO ] [main] c.u.j.EncryptablePropertySourceConverter : Skipping PropertySource configurationProperties [class org.springframework.boot.context.properties.source.ConfigurationPropertySourcesPropertySource
2026-07-16 01:05:47 [INFO ] [main] c.u.j.EncryptablePropertySourceConverter : Converting PropertySource commandLineArgs [org.springframework.core.env.SimpleCommandLinePropertySource] to EncryptableEnumerablePropertySourceWrapper
2026-07-16 01:05:47 [INFO ] [main] c.u.j.EncryptablePropertySourceConverter : Skipping PropertySource servletConfigInitParams [class org.springframework.core.env.PropertySource$StubPropertySource
2026-07-16 01:05:47 [INFO ] [main] c.u.j.EncryptablePropertySourceConverter : Skipping PropertySource servletContextInitParams [class org.springframework.core.env.PropertySource$StubPropertySource
2026-07-16 01:05:47 [INFO ] [main] c.u.j.EncryptablePropertySourceConverter : Converting PropertySource systemProperties [org.springframework.core.env.PropertiesPropertySource] to EncryptableMapPropertySourceWrapper
2026-07-16 01:05:47 [INFO ] [main] c.u.j.EncryptablePropertySourceConverter : Converting PropertySource systemEnvironment [org.springframework.boot.support.SystemEnvironmentPropertySourceEnvironmentPostProcessor$OriginAwareSystemEnvironmentPropertySource] to EncryptableSystemEnvironmentPropertySourceWrapper
2026-07-16 01:05:47 [INFO ] [main] c.u.j.EncryptablePropertySourceConverter : Converting PropertySource random [org.springframework.boot.env.RandomValuePropertySource] to EncryptablePropertySourceWrapper
2026-07-16 01:05:47 [INFO ] [main] c.u.j.EncryptablePropertySourceConverter : Converting PropertySource Config resource 'class path resource [application.properties]' via location 'optional:classpath:/' [org.springframework.boot.env.OriginTrackedMapPropertySource] to EncryptableMapPropertySourceWrapper
2026-07-16 01:05:47 [INFO ] [main] c.u.j.EncryptablePropertySourceConverter : Converting PropertySource applicationInfo [org.springframework.boot.ApplicationInfoPropertySource] to EncryptableMapPropertySourceWrapper
2026-07-16 01:05:47 [INFO ] [main] c.u.j.f.DefaultLazyPropertyFilter : Property Filter custom Bean not found with name 'encryptablePropertyFilter'. Initializing Default Property Filter
2026-07-16 01:05:47 [INFO ] [main] c.u.j.r.DefaultLazyPropertyResolver : Property Resolver custom Bean not found with name 'encryptablePropertyResolver'. Initializing Default Property Resolver
2026-07-16 01:05:47 [INFO ] [main] c.u.j.d.DefaultLazyPropertyDetector : Property Detector custom Bean not found with name 'encryptablePropertyDetector'. Initializing Default Property Detector
2026-07-16 01:05:47 [INFO ] [main] o.s.boot.tomcat.TomcatWebServer : Tomcat initialized with port 8080 (http)
2026-07-16 01:05:47 [INFO ] [main] o.a.catalina.core.StandardService : Starting service [Tomcat]
2026-07-16 01:05:47 [INFO ] [main] o.a.catalina.core.StandardEngine : Starting Servlet engine: [Apache Tomcat/11.0.22]
2026-07-16 01:05:47 [INFO ] [main] o.s.b.w.c.s.WebApplicationContextInitializer : Root WebApplicationContext: initialization completed in 913 ms
2026-07-16 01:05:47 [INFO ] [main] c.m.config.DataSourceConfig : [CONFIG] Loaded database configuration for active type postgres from D:\MigrationReportTool\Backend\MigrationReport\config\db-config.json
2026-07-16 01:05:47 [INFO ] [main] org.hibernate.orm.jpa : HHH008540: Processing PersistenceUnitInfo [name: default]
2026-07-16 01:05:47 [INFO ] [main] org.hibernate.orm.core : HHH000001: Hibernate ORM core version 7.4.1.Final
2026-07-16 01:05:48 [INFO ] [main] o.s.o.j.p.SpringPersistenceUnitInfo : No LoadTimeWeaver setup: ignoring JPA class transformer
2026-07-16 01:05:48 [INFO ] [main] com.zaxxer.hikari.HikariDataSource : HikariPool-1 - Starting...
2026-07-16 01:05:48 [INFO ] [main] com.zaxxer.hikari.pool.HikariPool : HikariPool-1 - Added connection org.postgresql.jdbc.PgConnection@5edd9b4f
2026-07-16 01:05:48 [INFO ] [main] com.zaxxer.hikari.HikariDataSource : HikariPool-1 - Start completed.
2026-07-16 01:05:48 [INFO ] [main] o.hibernate.orm.connections.pooling : HHH10001005: Database info:
	Database JDBC URL [jdbc:postgresql://localhost:5432/P8Migration]
	Database driver: PostgreSQL JDBC Driver
	Database dialect: PostgreSQLDialect
	Database version: 16.9
	Default catalog/schema: P8Migration/public
	Autocommit mode: undefined/unknown
	Isolation level: READ_COMMITTED [default READ_COMMITTED]
	JDBC fetch size: none
	Pool: DataSourceConnectionProvider
	Minimum pool size: undefined/unknown
	Maximum pool size: undefined/unknown
2026-07-16 01:05:49 [INFO ] [main] org.hibernate.orm.core : HHH000489: No JTA platform available (set 'hibernate.transaction.jta.platform' to enable JTA platform integration)
2026-07-16 01:05:49 [INFO ] [main] o.s.o.j.LocalContainerEntityManagerFactoryBean : Initialized JPA EntityManagerFactory for persistence unit 'default'
2026-07-16 01:05:49 [INFO ] [main] o.s.d.j.r.q.QueryEnhancerFactories : Hibernate is in classpath; If applicable, HQL parser will be used.
2026-07-16 01:05:49 [INFO ] [main] c.m.service.ConfigurationService : [CONFIG] Loading tenant configuration from D:\MigrationReportTool\Backend\MigrationReport\config\tenant-mappings.json
2026-07-16 01:05:49 [INFO ] [main] c.m.service.ConfigurationService : [CONFIG] Loaded 2 applications from config.
2026-07-16 01:05:49 [INFO ] [main] c.m.dialect.DialectConfig : [DIALECT] Initializing PostgreSQL Dialect provider...
2026-07-16 01:05:49 [WARN ] [main] o.s.b.j.a.JpaBaseConfiguration$JpaWebConfiguration : spring.jpa.open-in-view is enabled by default. Therefore, database queries may be performed during view rendering. Explicitly configure spring.jpa.open-in-view to disable this warning
2026-07-16 01:05:49 [INFO ] [main] o.s.boot.tomcat.TomcatWebServer : Tomcat started on port 8080 (http) with context path '/'
2026-07-16 01:05:49 [INFO ] [main] c.m.MigrationReportApplication : Started MigrationReportApplication in 3.38 seconds (process running for 4.008)
2026-07-16 01:05:54 [INFO ] [http-nio-8080-exec-1] o.a.c.c.C.[Tomcat].[localhost].[/] : Initializing Spring DispatcherServlet 'dispatcherServlet'
2026-07-16 01:05:54 [INFO ] [http-nio-8080-exec-1] o.s.web.servlet.DispatcherServlet : Initializing Servlet 'dispatcherServlet'
2026-07-16 01:05:54 [INFO ] [http-nio-8080-exec-1] o.s.web.servlet.DispatcherServlet : Completed initialization in 2 ms
2026-07-16 01:05:54 [INFO ] [http-nio-8080-exec-1] c.m.c.ConfigurationController : [CONFIG] Fetching cached tenant configuration
2026-07-16 01:05:54 [INFO ] [http-nio-8080-exec-3] c.m.c.ConfigurationController : [CONFIG] Fetching cached tenant configuration
2026-07-16 01:05:56 [INFO ] [http-nio-8080-exec-2] c.m.controller.DiscoveryController : Starting method: getDocumentClasses with arguments: appId=ccol
2026-07-16 01:05:56 [INFO ] [http-nio-8080-exec-2] c.m.controller.DiscoveryController : Ending method: getDocumentClasses
2026-07-16 01:06:04 [INFO ] [http-nio-8080-exec-8] c.m.controller.DiscoveryController : Starting method: generateReport with arguments: endpoint=custom-object-trend, criteria=com.migrationreport.dto.DiscoveryCriteria@a9e06dd
2026-07-16 01:06:04 [INFO ] [http-nio-8080-exec-8] c.m.controller.DiscoveryController : [DISCOVERY] Generating 'custom-object-trend' report for App: 'ccol'
2026-07-16 01:06:04 [INFO ] [http-nio-8080-exec-8] c.m.service.DiscoveryService : [DISCOVERY] Executing Report Endpoint: 'custom-object-trend' | SQL: SELECT cd.symbolic_name AS class_name, EXTRACT(YEAR FROM CAST(dv.CREATE_DATE AS TIMESTAMP)) AS creation_year, EXTRACT(MONTH FROM CAST(dv.CREATE_DATE AS TIMESTAMP)) AS creation_month, COUNT(dv.object_id) AS total_documents FROM ccol.customobject dv INNER JOIN ccol.classdef cd ON dv.object_class_id = cd.object_id  WHERE 1=1 AND cd.symbolic_name IN (?) AND dv.CREATE_DATE IS NOT NULL GROUP BY cd.symbolic_name, EXTRACT(YEAR FROM CAST(dv.CREATE_DATE AS TIMESTAMP)), EXTRACT(MONTH FROM CAST(dv.CREATE_DATE AS TIMESTAMP)) ORDER BY cd.symbolic_name, creation_year, creation_month | Params: [CollectionsNotice]
2026-07-16 01:06:04 [INFO ] [http-nio-8080-exec-8] c.m.service.DiscoveryService : [DISCOVERY] Report executed in 16ms. Found 5 records.
2026-07-16 01:06:04 [INFO ] [http-nio-8080-exec-8] c.m.controller.DiscoveryController : [DISCOVERY] 'custom-object-trend' report generated in 23ms. Found 5 records.
2026-07-16 01:06:04 [INFO ] [http-nio-8080-exec-8] c.m.controller.DiscoveryController : Ending method: generateReport
2026-07-16 01:06:10 [INFO ] [http-nio-8080-exec-7] c.m.controller.DiscoveryController : Starting method: generateReport with arguments: endpoint=doc-count, criteria=com.migrationreport.dto.DiscoveryCriteria@561f9a76
2026-07-16 01:06:10 [INFO ] [http-nio-8080-exec-7] c.m.controller.DiscoveryController : [DISCOVERY] Generating 'doc-count' report for App: 'ccol'
2026-07-16 01:06:10 [INFO ] [http-nio-8080-exec-7] c.m.service.DiscoveryService : [DISCOVERY] Executing Report Endpoint: 'doc-count' | SQL: SELECT cd.symbolic_name AS class_name, MIN(dv.CREATE_DATE) AS earliest_created, MAX(dv.CREATE_DATE) AS latest_created, COUNT(dv.object_id) AS total_documents, COALESCE(SUM(CAST(dv.content_size AS numeric)), 0) AS total_size_bytes, COALESCE(MIN(CAST(dv.content_size AS numeric)), 0) AS min_size_bytes, COALESCE(MAX(CAST(dv.content_size AS numeric)), 0) AS max_size_bytes, CAST(COALESCE(SUM(CAST(dv.content_size AS numeric)), 0) / 1073741824.0 AS numeric(15, 6)) AS total_size_gb FROM ccol.docversion_source dv INNER JOIN ccol.classdef cd ON dv.object_class_id = cd.object_id  WHERE 1=1 AND cd.symbolic_name IN (?) AND dv.CREATE_DATE IS NOT NULL GROUP BY cd.symbolic_name ORDER BY class_name | Params: [CollectionsNotice]
2026-07-16 01:06:10 [INFO ] [http-nio-8080-exec-7] c.m.service.DiscoveryService : [DISCOVERY] Report executed in 19ms. Found 1 records.
2026-07-16 01:06:10 [INFO ] [http-nio-8080-exec-7] c.m.controller.DiscoveryController : [DISCOVERY] 'doc-count' report generated in 28ms. Found 1 records.
2026-07-16 01:06:10 [INFO ] [http-nio-8080-exec-7] c.m.controller.DiscoveryController : Ending method: generateReport
2026-07-16 01:06:14 [INFO ] [http-nio-8080-exec-9] c.m.controller.DiscoveryController : Starting method: generateReport with arguments: endpoint=doc-mime, criteria=com.migrationreport.dto.DiscoveryCriteria@71f5e162
2026-07-16 01:06:14 [INFO ] [http-nio-8080-exec-9] c.m.controller.DiscoveryController : [DISCOVERY] Generating 'doc-mime' report for App: 'ccol'
2026-07-16 01:06:14 [INFO ] [http-nio-8080-exec-9] c.m.service.DiscoveryService : [DISCOVERY] Executing Report Endpoint: 'doc-mime' | SQL: SELECT COALESCE(dv.mime_type, 'No MIME Type') AS mime_type, COUNT(*) AS doc_count FROM ccol.docversion_source dv LEFT JOIN ccol.classdef cd ON dv.object_class_id = cd.object_id  WHERE 1=1 AND cd.symbolic_name IN (?) GROUP BY COALESCE(dv.mime_type, 'No MIME Type') ORDER BY doc_count DESC | Params: [CollectionsNotice]
2026-07-16 01:06:14 [INFO ] [http-nio-8080-exec-9] c.m.service.DiscoveryService : [DISCOVERY] Report executed in 2ms. Found 7 records.
2026-07-16 01:06:14 [INFO ] [http-nio-8080-exec-9] c.m.controller.DiscoveryController : [DISCOVERY] 'doc-mime' report generated in 3ms. Found 7 records.
2026-07-16 01:06:14 [INFO ] [http-nio-8080-exec-9] c.m.controller.DiscoveryController : Ending method: generateReport
2026-07-16 01:06:17 [INFO ] [http-nio-8080-exec-1] c.m.controller.DiscoveryController : Starting method: generateReport with arguments: endpoint=size-bucket, criteria=com.migrationreport.dto.DiscoveryCriteria@409975c4
2026-07-16 01:06:17 [INFO ] [http-nio-8080-exec-1] c.m.controller.DiscoveryController : [DISCOVERY] Generating 'size-bucket' report for App: 'ccol'
2026-07-16 01:06:17 [INFO ] [http-nio-8080-exec-1] c.m.service.DiscoveryService : [DISCOVERY] Executing Report Endpoint: 'size-bucket' | SQL: SELECT CASE WHEN CAST(dv.content_size AS numeric) IS NULL THEN '0. No Content' WHEN CAST(dv.content_size AS numeric) = 0 THEN '1. Zero Bytes' WHEN CAST(dv.content_size AS numeric) BETWEEN 1 AND 102399 THEN '2. Under 100 KB' WHEN CAST(dv.content_size AS numeric) BETWEEN 102400 AND 511999 THEN '3. 100 KB - 500 KB' WHEN CAST(dv.content_size AS numeric) BETWEEN 512000 AND 1048575 THEN '4. 500 KB - 1 MB' WHEN CAST(dv.content_size AS numeric) BETWEEN 1048576 AND 5242879 THEN '5. 1 MB - 5 MB' WHEN CAST(dv.content_size AS numeric) BETWEEN 5242880 AND 10485759 THEN '6. 5 MB - 10 MB' WHEN CAST(dv.content_size AS numeric) BETWEEN 10485760 AND 26214399 THEN '7. 10 MB - 25 MB' WHEN CAST(dv.content_size AS numeric) BETWEEN 26214400 AND 52428799 THEN '8. 25 MB - 50 MB' WHEN CAST(dv.content_size AS numeric) BETWEEN 52428800 AND 104857599 THEN '9. 50 MB - 100 MB' ELSE '10. Over 100 MB' END AS size_range, COUNT(dv.object_id) AS total_documents, COALESCE(SUM(CAST(dv.content_size AS numeric)), 0) AS total_size_bytes, CAST(COALESCE(SUM(CAST(dv.content_size AS numeric)), 0) / 1048576.0 AS numeric(15, 6)) AS total_size_mb, CAST(COALESCE(SUM(CAST(dv.content_size AS numeric)), 0) / 1073741824.0 AS numeric(15, 6)) AS total_size_gb FROM ccol.docversion_source dv LEFT JOIN ccol.classdef cd ON dv.object_class_id = cd.object_id  WHERE 1=1 AND cd.symbolic_name IN (?) GROUP BY size_range ORDER BY size_range | Params: [CollectionsNotice]
2026-07-16 01:06:17 [INFO ] [http-nio-8080-exec-1] c.m.service.DiscoveryService : [DISCOVERY] Report executed in 3ms. Found 4 records.
2026-07-16 01:06:17 [INFO ] [http-nio-8080-exec-1] c.m.controller.DiscoveryController : [DISCOVERY] 'size-bucket' report generated in 10ms. Found 4 records.
2026-07-16 01:06:17 [INFO ] [http-nio-8080-exec-1] c.m.controller.DiscoveryController : Ending method: generateReport
2026-07-16 01:06:21 [INFO ] [http-nio-8080-exec-2] c.m.controller.DiscoveryController : Starting method: generateReport with arguments: endpoint=doc-year-wise, criteria=com.migrationreport.dto.DiscoveryCriteria@75857291
2026-07-16 01:06:21 [INFO ] [http-nio-8080-exec-2] c.m.controller.DiscoveryController : [DISCOVERY] Generating 'doc-year-wise' report for App: 'ccol'
2026-07-16 01:06:21 [INFO ] [http-nio-8080-exec-2] c.m.service.DiscoveryService : [DISCOVERY] Executing Report Endpoint: 'doc-year-wise' | SQL: SELECT cd.symbolic_name AS class_name, EXTRACT(YEAR FROM CAST(dv.CREATE_DATE AS TIMESTAMP)) AS creation_year, COUNT(dv.object_id) AS total_documents FROM ccol.docversion_source dv INNER JOIN ccol.classdef cd ON dv.object_class_id = cd.object_id  WHERE 1=1 AND cd.symbolic_name IN (?) AND dv.CREATE_DATE IS NOT NULL GROUP BY cd.symbolic_name, EXTRACT(YEAR FROM CAST(dv.CREATE_DATE AS TIMESTAMP)) ORDER BY cd.symbolic_name, creation_year | Params: [CollectionsNotice]
2026-07-16 01:06:21 [INFO ] [http-nio-8080-exec-2] c.m.service.DiscoveryService : [DISCOVERY] Report executed in 4ms. Found 2 records.
2026-07-16 01:06:21 [INFO ] [http-nio-8080-exec-2] c.m.controller.DiscoveryController : [DISCOVERY] 'doc-year-wise' report generated in 4ms. Found 2 records.
2026-07-16 01:06:21 [INFO ] [http-nio-8080-exec-2] c.m.controller.DiscoveryController : Ending method: generateReport
2026-07-16 01:06:24 [INFO ] [http-nio-8080-exec-8] c.m.controller.DiscoveryController : Starting method: generateReport with arguments: endpoint=doc-year-month, criteria=com.migrationreport.dto.DiscoveryCriteria@c1b85e1
2026-07-16 01:06:24 [INFO ] [http-nio-8080-exec-8] c.m.controller.DiscoveryController : [DISCOVERY] Generating 'doc-year-month' report for App: 'ccol'
2026-07-16 01:06:24 [INFO ] [http-nio-8080-exec-8] c.m.service.DiscoveryService : [DISCOVERY] Executing Report Endpoint: 'doc-year-month' | SQL: SELECT cd.symbolic_name AS class_name, EXTRACT(YEAR FROM CAST(dv.CREATE_DATE AS TIMESTAMP)) AS creation_year, EXTRACT(MONTH FROM CAST(dv.CREATE_DATE AS TIMESTAMP)) AS creation_month, COUNT(dv.object_id) AS total_documents FROM ccol.docversion_source dv INNER JOIN ccol.classdef cd ON dv.object_class_id = cd.object_id  WHERE 1=1 AND cd.symbolic_name IN (?) AND dv.CREATE_DATE IS NOT NULL GROUP BY cd.symbolic_name, EXTRACT(YEAR FROM CAST(dv.CREATE_DATE AS TIMESTAMP)), EXTRACT(MONTH FROM CAST(dv.CREATE_DATE AS TIMESTAMP)) ORDER BY cd.symbolic_name, creation_year, creation_month | Params: [CollectionsNotice]
2026-07-16 01:06:24 [INFO ] [http-nio-8080-exec-8] c.m.service.DiscoveryService : [DISCOVERY] Report executed in 0ms. Found 10 records.
2026-07-16 01:06:24 [INFO ] [http-nio-8080-exec-8] c.m.controller.DiscoveryController : [DISCOVERY] 'doc-year-month' report generated in 0ms. Found 10 records.
2026-07-16 01:06:24 [INFO ] [http-nio-8080-exec-8] c.m.controller.DiscoveryController : Ending method: generateReport
2026-07-16 01:06:29 [INFO ] [http-nio-8080-exec-5] c.m.c.ConfigurationController : [CONFIG] Fetching cached tenant configuration
2026-07-16 01:06:29 [INFO ] [http-nio-8080-exec-7] c.m.c.ConfigurationController : [CONFIG] Fetching cached tenant configuration
2026-07-16 01:06:31 [INFO ] [http-nio-8080-exec-6] c.m.controller.DiscoveryController : Starting method: getDocumentClasses with arguments: appId=ccol
2026-07-16 01:06:31 [INFO ] [http-nio-8080-exec-6] c.m.controller.DiscoveryController : Ending method: getDocumentClasses
2026-07-16 01:07:01 [INFO ] [http-nio-8080-exec-1] c.m.controller.ExceptionController : [EXCEPTIONS] Checking exceptions for Application: 'ccol'
2026-07-16 01:07:01 [INFO ] [http-nio-8080-exec-1] c.m.service.ExceptionService : [EXCEPTIONS] Executing lookup SQL: SELECT dv.object_id FROM ccol.docversion_source dv INNER JOIN ccol.classdef cd ON dv.object_class_id = cd.object_id WHERE 1=1 AND LOWER(dv.object_id) = LOWER(?) AND cd.symbolic_name IN (?) | Params: [DF75F25B90B4C2C8540B3818B8EF09855, CollectionsNotice]
2026-07-16 01:07:01 [INFO ] [http-nio-8080-exec-1] c.m.service.ExceptionService : [EXCEPTIONS] Found 1 target IDs in 2ms
2026-07-16 01:07:01 [INFO ] [http-nio-8080-exec-1] c.m.service.ExceptionService : [EXCEPTIONS] Querying Source, Staging, Target tables for 1 object IDs
2026-07-16 01:07:01 [INFO ] [http-nio-8080-exec-1] c.m.service.ExceptionService : [EXCEPTIONS] Data retrieval completed in 16ms. Source: 1, Staging: 1, Target: 1
2026-07-16 01:07:01 [INFO ] [http-nio-8080-exec-1] c.m.controller.ExceptionController : [EXCEPTIONS] Exception check completed in 43ms.
2026-07-16 02:05:15 [INFO ] [RMI TCP Connection(64)-127.0.0.1] o.s.b.a.SpringApplicationAdminMXBeanRegistrar$SpringApplicationAdmin : Application shutdown requested.
2026-07-16 02:05:15 [INFO ] [RMI TCP Connection(64)-127.0.0.1] o.s.boot.tomcat.GracefulShutdown : Commencing graceful shutdown. Waiting for active requests to complete
2026-07-16 02:05:15 [INFO ] [tomcat-shutdown] o.s.boot.tomcat.GracefulShutdown : Graceful shutdown complete
2026-07-16 02:05:15 [INFO ] [RMI TCP Connection(64)-127.0.0.1] o.s.o.j.LocalContainerEntityManagerFactoryBean : Closing JPA EntityManagerFactory for persistence unit 'default'
2026-07-16 02:05:15 [INFO ] [RMI TCP Connection(64)-127.0.0.1] com.zaxxer.hikari.HikariDataSource : HikariPool-1 - Shutdown initiated...
2026-07-16 02:05:15 [INFO ] [RMI TCP Connection(64)-127.0.0.1] com.zaxxer.hikari.HikariDataSource : HikariPool-1 - Shutdown completed.
2026-07-16 02:05:18 [INFO ] [main] c.m.MigrationReportApplication : Starting MigrationReportApplication using Java 21.0.1 with PID 5968 (D:\MigrationReportTool\Backend\MigrationReport\target\classes started by Shaik Firoz in D:\MigrationReportTool\Backend\MigrationReport)
2026-07-16 02:05:18 [INFO ] [main] c.m.MigrationReportApplication : No active profile set, falling back to 1 default profile: "default"
2026-07-16 02:05:19 [INFO ] [main] o.s.d.r.c.RepositoryConfigurationDelegate : Bootstrapping Spring Data JPA repositories in DEFAULT mode.
2026-07-16 02:05:19 [INFO ] [main] o.s.d.r.c.RepositoryConfigurationDelegate : Finished Spring Data repository scanning in 48 ms. Found 2 JPA repository interfaces.
2026-07-16 02:05:19 [INFO ] [main] c.u.j.c.EnableEncryptablePropertiesBeanFactoryPostProcessor : Post-processing PropertySource instances
2026-07-16 02:05:19 [INFO ] [main] c.u.j.EncryptablePropertySourceConverter : Skipping PropertySource configurationProperties [class org.springframework.boot.context.properties.source.ConfigurationPropertySourcesPropertySource
2026-07-16 02:05:19 [INFO ] [main] c.u.j.EncryptablePropertySourceConverter : Converting PropertySource commandLineArgs [org.springframework.core.env.SimpleCommandLinePropertySource] to EncryptableEnumerablePropertySourceWrapper
2026-07-16 02:05:19 [INFO ] [main] c.u.j.EncryptablePropertySourceConverter : Skipping PropertySource servletConfigInitParams [class org.springframework.core.env.PropertySource$StubPropertySource
2026-07-16 02:05:19 [INFO ] [main] c.u.j.EncryptablePropertySourceConverter : Skipping PropertySource servletContextInitParams [class org.springframework.core.env.PropertySource$StubPropertySource
2026-07-16 02:05:19 [INFO ] [main] c.u.j.EncryptablePropertySourceConverter : Converting PropertySource systemProperties [org.springframework.core.env.PropertiesPropertySource] to EncryptableMapPropertySourceWrapper
2026-07-16 02:05:19 [INFO ] [main] c.u.j.EncryptablePropertySourceConverter : Converting PropertySource systemEnvironment [org.springframework.boot.support.SystemEnvironmentPropertySourceEnvironmentPostProcessor$OriginAwareSystemEnvironmentPropertySource] to EncryptableSystemEnvironmentPropertySourceWrapper
2026-07-16 02:05:19 [INFO ] [main] c.u.j.EncryptablePropertySourceConverter : Converting PropertySource random [org.springframework.boot.env.RandomValuePropertySource] to EncryptablePropertySourceWrapper
2026-07-16 02:05:19 [INFO ] [main] c.u.j.EncryptablePropertySourceConverter : Converting PropertySource Config resource 'class path resource [application.properties]' via location 'optional:classpath:/' [org.springframework.boot.env.OriginTrackedMapPropertySource] to EncryptableMapPropertySourceWrapper
2026-07-16 02:05:19 [INFO ] [main] c.u.j.EncryptablePropertySourceConverter : Converting PropertySource applicationInfo [org.springframework.boot.ApplicationInfoPropertySource] to EncryptableMapPropertySourceWrapper
2026-07-16 02:05:19 [INFO ] [main] c.u.j.f.DefaultLazyPropertyFilter : Property Filter custom Bean not found with name 'encryptablePropertyFilter'. Initializing Default Property Filter
2026-07-16 02:05:19 [INFO ] [main] c.u.j.r.DefaultLazyPropertyResolver : Property Resolver custom Bean not found with name 'encryptablePropertyResolver'. Initializing Default Property Resolver
2026-07-16 02:05:19 [INFO ] [main] c.u.j.d.DefaultLazyPropertyDetector : Property Detector custom Bean not found with name 'encryptablePropertyDetector'. Initializing Default Property Detector
2026-07-16 02:05:19 [INFO ] [main] o.s.boot.tomcat.TomcatWebServer : Tomcat initialized with port 8080 (http)
2026-07-16 02:05:19 [INFO ] [main] o.a.catalina.core.StandardService : Starting service [Tomcat]
2026-07-16 02:05:19 [INFO ] [main] o.a.catalina.core.StandardEngine : Starting Servlet engine: [Apache Tomcat/11.0.22]
2026-07-16 02:05:19 [INFO ] [main] o.s.b.w.c.s.WebApplicationContextInitializer : Root WebApplicationContext: initialization completed in 1170 ms
2026-07-16 02:05:20 [INFO ] [main] c.m.config.DataSourceConfig : [CONFIG] Loaded database configuration for active type postgres from D:\MigrationReportTool\Backend\MigrationReport\config\db-config.json
2026-07-16 02:05:20 [INFO ] [main] org.hibernate.orm.jpa : HHH008540: Processing PersistenceUnitInfo [name: default]
2026-07-16 02:05:20 [INFO ] [main] org.hibernate.orm.core : HHH000001: Hibernate ORM core version 7.4.1.Final
2026-07-16 02:05:20 [INFO ] [main] o.s.o.j.p.SpringPersistenceUnitInfo : No LoadTimeWeaver setup: ignoring JPA class transformer
2026-07-16 02:05:20 [INFO ] [main] com.zaxxer.hikari.HikariDataSource : HikariPool-1 - Starting...
2026-07-16 02:05:21 [INFO ] [main] com.zaxxer.hikari.pool.HikariPool : HikariPool-1 - Added connection org.postgresql.jdbc.PgConnection@2dcd451f
2026-07-16 02:05:21 [INFO ] [main] com.zaxxer.hikari.HikariDataSource : HikariPool-1 - Start completed.
2026-07-16 02:05:21 [INFO ] [main] o.hibernate.orm.connections.pooling : HHH10001005: Database info:
	Database JDBC URL [jdbc:postgresql://localhost:5432/P8Migration]
	Database driver: PostgreSQL JDBC Driver
	Database dialect: PostgreSQLDialect
	Database version: 16.9
	Default catalog/schema: P8Migration/public
	Autocommit mode: undefined/unknown
	Isolation level: READ_COMMITTED [default READ_COMMITTED]
	JDBC fetch size: none
	Pool: DataSourceConnectionProvider
	Minimum pool size: undefined/unknown
	Maximum pool size: undefined/unknown
2026-07-16 02:05:22 [INFO ] [main] org.hibernate.orm.core : HHH000489: No JTA platform available (set 'hibernate.transaction.jta.platform' to enable JTA platform integration)
2026-07-16 02:05:22 [INFO ] [main] o.s.o.j.LocalContainerEntityManagerFactoryBean : Initialized JPA EntityManagerFactory for persistence unit 'default'
2026-07-16 02:05:22 [INFO ] [main] o.s.d.j.r.q.QueryEnhancerFactories : Hibernate is in classpath; If applicable, HQL parser will be used.
2026-07-16 02:05:22 [INFO ] [main] c.m.service.ConfigurationService : [CONFIG] Loading tenant configuration from D:\MigrationReportTool\Backend\MigrationReport\config\tenant-mappings.json
2026-07-16 02:05:22 [INFO ] [main] c.m.service.ConfigurationService : [CONFIG] Loaded 2 applications from config.
2026-07-16 02:05:22 [INFO ] [main] c.m.dialect.DialectConfig : [DIALECT] Initializing PostgreSQL Dialect provider...
2026-07-16 02:05:22 [WARN ] [main] o.s.b.j.a.JpaBaseConfiguration$JpaWebConfiguration : spring.jpa.open-in-view is enabled by default. Therefore, database queries may be performed during view rendering. Explicitly configure spring.jpa.open-in-view to disable this warning
2026-07-16 02:05:22 [INFO ] [main] o.s.boot.tomcat.TomcatWebServer : Tomcat started on port 8080 (http) with context path '/'
2026-07-16 02:05:22 [INFO ] [main] c.m.MigrationReportApplication : Started MigrationReportApplication in 4.697 seconds (process running for 5.568)
2026-07-16 02:05:26 [INFO ] [http-nio-8080-exec-2] o.a.c.c.C.[Tomcat].[localhost].[/] : Initializing Spring DispatcherServlet 'dispatcherServlet'
2026-07-16 02:05:26 [INFO ] [http-nio-8080-exec-2] o.s.web.servlet.DispatcherServlet : Initializing Servlet 'dispatcherServlet'
2026-07-16 02:05:26 [INFO ] [http-nio-8080-exec-2] o.s.web.servlet.DispatcherServlet : Completed initialization in 45 ms
2026-07-16 02:05:26 [INFO ] [http-nio-8080-exec-4] c.m.c.ConfigurationController : [CONFIG] Fetching cached tenant configuration
2026-07-16 02:05:26 [INFO ] [http-nio-8080-exec-2] c.m.controller.DiscoveryController : Starting method: getDocumentClasses with arguments: appId=ccol
2026-07-16 02:05:27 [INFO ] [http-nio-8080-exec-2] c.m.controller.DiscoveryController : Ending method: getDocumentClasses
2026-07-16 02:05:27 [INFO ] [http-nio-8080-exec-5] c.m.c.ConfigurationController : [CONFIG] Fetching cached tenant configuration
2026-07-16 02:05:27 [INFO ] [http-nio-8080-exec-6] c.m.c.ConfigurationController : [CONFIG] Fetching cached tenant configuration
2026-07-16 02:05:33 [INFO ] [http-nio-8080-exec-7] c.m.c.ConfigurationController : [CONFIG] Fetching cached tenant configuration
2026-07-16 02:05:33 [INFO ] [http-nio-8080-exec-8] c.m.c.ConfigurationController : [CONFIG] Fetching cached tenant configuration
2026-07-16 02:05:35 [INFO ] [http-nio-8080-exec-9] c.m.c.ConfigurationController : [CONFIG] Fetching cached tenant configuration
2026-07-16 02:05:35 [INFO ] [http-nio-8080-exec-10] c.m.c.ConfigurationController : [CONFIG] Fetching cached tenant configuration
2026-07-16 02:05:37 [INFO ] [http-nio-8080-exec-1] c.m.controller.DiscoveryController : Starting method: getDocumentClasses with arguments: appId=ccol
2026-07-16 02:05:37 [INFO ] [http-nio-8080-exec-1] c.m.controller.DiscoveryController : Ending method: getDocumentClasses
2026-07-16 02:05:43 [INFO ] [http-nio-8080-exec-3] c.m.controller.DiscoveryController : Starting method: generateReport with arguments: endpoint=custom-object-trend, criteria=com.migrationreport.dto.DiscoveryCriteria@365641c6
2026-07-16 02:05:43 [INFO ] [http-nio-8080-exec-3] c.m.controller.DiscoveryController : [DISCOVERY] Generating 'custom-object-trend' report for App: 'ccol'
2026-07-16 02:05:43 [INFO ] [http-nio-8080-exec-3] c.m.service.DiscoveryService : [DISCOVERY] Executing Report Endpoint: 'custom-object-trend' | SQL: SELECT cd.symbolic_name AS class_name, EXTRACT(YEAR FROM CAST(dv.CREATE_DATE AS TIMESTAMP)) AS creation_year, EXTRACT(MONTH FROM CAST(dv.CREATE_DATE AS TIMESTAMP)) AS creation_month, COUNT(dv.object_id) AS total_documents FROM ccol.customobject dv INNER JOIN ccol.classdef cd ON dv.object_class_id = cd.object_id  WHERE 1=1 AND cd.symbolic_name IN (?) AND dv.CREATE_DATE IS NOT NULL GROUP BY cd.symbolic_name, EXTRACT(YEAR FROM CAST(dv.CREATE_DATE AS TIMESTAMP)), EXTRACT(MONTH FROM CAST(dv.CREATE_DATE AS TIMESTAMP)) ORDER BY cd.symbolic_name, creation_year, creation_month | Params: [CollectionsNotice]
2026-07-16 02:05:43 [INFO ] [http-nio-8080-exec-3] c.m.service.DiscoveryService : [DISCOVERY] Report executed in 12ms. Found 5 records.
2026-07-16 02:05:43 [INFO ] [http-nio-8080-exec-3] c.m.controller.DiscoveryController : [DISCOVERY] 'custom-object-trend' report generated in 12ms. Found 5 records.
2026-07-16 02:05:43 [INFO ] [http-nio-8080-exec-3] c.m.controller.DiscoveryController : Ending method: generateReport
2026-07-16 02:05:47 [INFO ] [http-nio-8080-exec-5] c.m.controller.DiscoveryController : Starting method: generateReport with arguments: endpoint=doc-count, criteria=com.migrationreport.dto.DiscoveryCriteria@67d830f
2026-07-16 02:05:47 [INFO ] [http-nio-8080-exec-5] c.m.controller.DiscoveryController : [DISCOVERY] Generating 'doc-count' report for App: 'ccol'
2026-07-16 02:05:47 [INFO ] [http-nio-8080-exec-5] c.m.service.DiscoveryService : [DISCOVERY] Executing Report Endpoint: 'doc-count' | SQL: SELECT cd.symbolic_name AS class_name, MIN(dv.CREATE_DATE) AS earliest_created, MAX(dv.CREATE_DATE) AS latest_created, COUNT(dv.object_id) AS total_documents, COALESCE(SUM(CAST(dv.content_size AS numeric)), 0) AS total_size_bytes, COALESCE(MIN(CAST(dv.content_size AS numeric)), 0) AS min_size_bytes, COALESCE(MAX(CAST(dv.content_size AS numeric)), 0) AS max_size_bytes, CAST(COALESCE(SUM(CAST(dv.content_size AS numeric)), 0) / 1073741824.0 AS numeric(15, 6)) AS total_size_gb FROM ccol.docversion_source dv INNER JOIN ccol.classdef cd ON dv.object_class_id = cd.object_id  WHERE 1=1 AND cd.symbolic_name IN (?) AND dv.CREATE_DATE IS NOT NULL GROUP BY cd.symbolic_name ORDER BY class_name | Params: [CollectionsNotice]
2026-07-16 02:05:47 [INFO ] [http-nio-8080-exec-5] c.m.service.DiscoveryService : [DISCOVERY] Report executed in 0ms. Found 1 records.
2026-07-16 02:05:47 [INFO ] [http-nio-8080-exec-5] c.m.controller.DiscoveryController : [DISCOVERY] 'doc-count' report generated in 0ms. Found 1 records.
2026-07-16 02:05:47 [INFO ] [http-nio-8080-exec-5] c.m.controller.DiscoveryController : Ending method: generateReport
2026-07-16 02:05:48 [INFO ] [http-nio-8080-exec-7] c.m.controller.DiscoveryController : Starting method: generateReport with arguments: endpoint=doc-mime, criteria=com.migrationreport.dto.DiscoveryCriteria@5762b034
2026-07-16 02:05:48 [INFO ] [http-nio-8080-exec-7] c.m.controller.DiscoveryController : [DISCOVERY] Generating 'doc-mime' report for App: 'ccol'
2026-07-16 02:05:48 [INFO ] [http-nio-8080-exec-7] c.m.service.DiscoveryService : [DISCOVERY] Executing Report Endpoint: 'doc-mime' | SQL: SELECT COALESCE(dv.mime_type, 'No MIME Type') AS mime_type, COUNT(*) AS doc_count FROM ccol.docversion_source dv LEFT JOIN ccol.classdef cd ON dv.object_class_id = cd.object_id  WHERE 1=1 AND cd.symbolic_name IN (?) GROUP BY COALESCE(dv.mime_type, 'No MIME Type') ORDER BY doc_count DESC | Params: [CollectionsNotice]
2026-07-16 02:05:48 [INFO ] [http-nio-8080-exec-7] c.m.service.DiscoveryService : [DISCOVERY] Report executed in 4ms. Found 7 records.
2026-07-16 02:05:48 [INFO ] [http-nio-8080-exec-7] c.m.controller.DiscoveryController : [DISCOVERY] 'doc-mime' report generated in 4ms. Found 7 records.
2026-07-16 02:05:48 [INFO ] [http-nio-8080-exec-7] c.m.controller.DiscoveryController : Ending method: generateReport
2026-07-16 02:05:51 [INFO ] [http-nio-8080-exec-9] c.m.controller.DiscoveryController : Starting method: generateReport with arguments: endpoint=size-bucket, criteria=com.migrationreport.dto.DiscoveryCriteria@157d460a
2026-07-16 02:05:51 [INFO ] [http-nio-8080-exec-9] c.m.controller.DiscoveryController : [DISCOVERY] Generating 'size-bucket' report for App: 'ccol'
2026-07-16 02:05:51 [INFO ] [http-nio-8080-exec-9] c.m.service.DiscoveryService : [DISCOVERY] Executing Report Endpoint: 'size-bucket' | SQL: SELECT CASE WHEN CAST(dv.content_size AS numeric) IS NULL THEN '0. No Content' WHEN CAST(dv.content_size AS numeric) = 0 THEN '1. Zero Bytes' WHEN CAST(dv.content_size AS numeric) BETWEEN 1 AND 102399 THEN '2. Under 100 KB' WHEN CAST(dv.content_size AS numeric) BETWEEN 102400 AND 511999 THEN '3. 100 KB - 500 KB' WHEN CAST(dv.content_size AS numeric) BETWEEN 512000 AND 1048575 THEN '4. 500 KB - 1 MB' WHEN CAST(dv.content_size AS numeric) BETWEEN 1048576 AND 5242879 THEN '5. 1 MB - 5 MB' WHEN CAST(dv.content_size AS numeric) BETWEEN 5242880 AND 10485759 THEN '6. 5 MB - 10 MB' WHEN CAST(dv.content_size AS numeric) BETWEEN 10485760 AND 26214399 THEN '7. 10 MB - 25 MB' WHEN CAST(dv.content_size AS numeric) BETWEEN 26214400 AND 52428799 THEN '8. 25 MB - 50 MB' WHEN CAST(dv.content_size AS numeric) BETWEEN 52428800 AND 104857599 THEN '9. 50 MB - 100 MB' ELSE '10. Over 100 MB' END AS size_range, COUNT(dv.object_id) AS total_documents, COALESCE(SUM(CAST(dv.content_size AS numeric)), 0) AS total_size_bytes, CAST(COALESCE(SUM(CAST(dv.content_size AS numeric)), 0) / 1048576.0 AS numeric(15, 6)) AS total_size_mb, CAST(COALESCE(SUM(CAST(dv.content_size AS numeric)), 0) / 1073741824.0 AS numeric(15, 6)) AS total_size_gb FROM ccol.docversion_source dv LEFT JOIN ccol.classdef cd ON dv.object_class_id = cd.object_id  WHERE 1=1 AND cd.symbolic_name IN (?) GROUP BY size_range ORDER BY size_range | Params: [CollectionsNotice]
2026-07-16 02:05:51 [INFO ] [http-nio-8080-exec-9] c.m.service.DiscoveryService : [DISCOVERY] Report executed in 0ms. Found 4 records.
2026-07-16 02:05:51 [INFO ] [http-nio-8080-exec-9] c.m.controller.DiscoveryController : [DISCOVERY] 'size-bucket' report generated in 16ms. Found 4 records.
2026-07-16 02:05:51 [INFO ] [http-nio-8080-exec-9] c.m.controller.DiscoveryController : Ending method: generateReport
2026-07-16 02:05:53 [INFO ] [http-nio-8080-exec-1] c.m.controller.DiscoveryController : Starting method: generateReport with arguments: endpoint=doc-year-wise, criteria=com.migrationreport.dto.DiscoveryCriteria@3a3a0021
2026-07-16 02:05:53 [INFO ] [http-nio-8080-exec-1] c.m.controller.DiscoveryController : [DISCOVERY] Generating 'doc-year-wise' report for App: 'ccol'
2026-07-16 02:05:53 [INFO ] [http-nio-8080-exec-1] c.m.service.DiscoveryService : [DISCOVERY] Executing Report Endpoint: 'doc-year-wise' | SQL: SELECT cd.symbolic_name AS class_name, EXTRACT(YEAR FROM CAST(dv.CREATE_DATE AS TIMESTAMP)) AS creation_year, COUNT(dv.object_id) AS total_documents FROM ccol.docversion_source dv INNER JOIN ccol.classdef cd ON dv.object_class_id = cd.object_id  WHERE 1=1 AND cd.symbolic_name IN (?) AND dv.CREATE_DATE IS NOT NULL GROUP BY cd.symbolic_name, EXTRACT(YEAR FROM CAST(dv.CREATE_DATE AS TIMESTAMP)) ORDER BY cd.symbolic_name, creation_year | Params: [CollectionsNotice]
2026-07-16 02:05:53 [INFO ] [http-nio-8080-exec-1] c.m.service.DiscoveryService : [DISCOVERY] Report executed in 3ms. Found 2 records.
2026-07-16 02:05:53 [INFO ] [http-nio-8080-exec-1] c.m.controller.DiscoveryController : [DISCOVERY] 'doc-year-wise' report generated in 3ms. Found 2 records.
2026-07-16 02:05:53 [INFO ] [http-nio-8080-exec-1] c.m.controller.DiscoveryController : Ending method: generateReport
2026-07-16 02:05:55 [INFO ] [http-nio-8080-exec-3] c.m.controller.DiscoveryController : Starting method: generateReport with arguments: endpoint=doc-year-month, criteria=com.migrationreport.dto.DiscoveryCriteria@5517a949
2026-07-16 02:05:55 [INFO ] [http-nio-8080-exec-3] c.m.controller.DiscoveryController : [DISCOVERY] Generating 'doc-year-month' report for App: 'ccol'
2026-07-16 02:05:55 [INFO ] [http-nio-8080-exec-3] c.m.service.DiscoveryService : [DISCOVERY] Executing Report Endpoint: 'doc-year-month' | SQL: SELECT cd.symbolic_name AS class_name, EXTRACT(YEAR FROM CAST(dv.CREATE_DATE AS TIMESTAMP)) AS creation_year, EXTRACT(MONTH FROM CAST(dv.CREATE_DATE AS TIMESTAMP)) AS creation_month, COUNT(dv.object_id) AS total_documents FROM ccol.docversion_source dv INNER JOIN ccol.classdef cd ON dv.object_class_id = cd.object_id  WHERE 1=1 AND cd.symbolic_name IN (?) AND dv.CREATE_DATE IS NOT NULL GROUP BY cd.symbolic_name, EXTRACT(YEAR FROM CAST(dv.CREATE_DATE AS TIMESTAMP)), EXTRACT(MONTH FROM CAST(dv.CREATE_DATE AS TIMESTAMP)) ORDER BY cd.symbolic_name, creation_year, creation_month | Params: [CollectionsNotice]
2026-07-16 02:05:55 [INFO ] [http-nio-8080-exec-3] c.m.service.DiscoveryService : [DISCOVERY] Report executed in 11ms. Found 10 records.
2026-07-16 02:05:55 [INFO ] [http-nio-8080-exec-3] c.m.controller.DiscoveryController : [DISCOVERY] 'doc-year-month' report generated in 11ms. Found 10 records.
2026-07-16 02:05:55 [INFO ] [http-nio-8080-exec-3] c.m.controller.DiscoveryController : Ending method: generateReport
2026-07-16 02:07:14 [INFO ] [RMI TCP Connection(5)-127.0.0.1] o.s.b.a.SpringApplicationAdminMXBeanRegistrar$SpringApplicationAdmin : Application shutdown requested.
2026-07-16 02:07:14 [INFO ] [RMI TCP Connection(5)-127.0.0.1] o.s.boot.tomcat.GracefulShutdown : Commencing graceful shutdown. Waiting for active requests to complete
2026-07-16 02:07:14 [INFO ] [tomcat-shutdown] o.s.boot.tomcat.GracefulShutdown : Graceful shutdown complete
2026-07-16 02:07:14 [INFO ] [RMI TCP Connection(5)-127.0.0.1] o.s.o.j.LocalContainerEntityManagerFactoryBean : Closing JPA EntityManagerFactory for persistence unit 'default'
2026-07-16 02:07:14 [INFO ] [RMI TCP Connection(5)-127.0.0.1] com.zaxxer.hikari.HikariDataSource : HikariPool-1 - Shutdown initiated...
2026-07-16 02:07:14 [INFO ] [RMI TCP Connection(5)-127.0.0.1] com.zaxxer.hikari.HikariDataSource : HikariPool-1 - Shutdown completed.
