2026-07-22 09:19:33 [WARN ] [HikariPool-1:housekeeper] com.zaxxer.hikari.pool.HikariPool : HikariPool-1 - Thread starvation or clock leap detected (housekeeper delta=12h49m25s91ms568µs700ns).
2026-07-22 09:20:32 [INFO ] [http-nio-8080-exec-1] o.a.c.c.C.[Tomcat].[localhost].[/] : Initializing Spring DispatcherServlet 'dispatcherServlet'
2026-07-22 09:20:32 [INFO ] [http-nio-8080-exec-1] o.s.web.servlet.DispatcherServlet : Initializing Servlet 'dispatcherServlet'
2026-07-22 09:20:32 [INFO ] [http-nio-8080-exec-1] o.s.web.servlet.DispatcherServlet : Completed initialization in 23 ms
2026-07-22 09:20:32 [INFO ] [http-nio-8080-exec-2] c.m.c.ConfigurationController : Starting method: getConfig
2026-07-22 09:20:32 [INFO ] [http-nio-8080-exec-2] c.m.c.ConfigurationController : [CONFIG] Fetching cached tenant configuration
2026-07-22 09:20:32 [INFO ] [http-nio-8080-exec-2] c.m.c.ConfigurationController : Ending method: getConfig
2026-07-22 09:20:33 [INFO ] [http-nio-8080-exec-4] c.m.c.ConfigurationController : Starting method: getUiSettings
2026-07-22 09:20:33 [INFO ] [http-nio-8080-exec-4] c.m.c.ConfigurationController : Ending method: getUiSettings
2026-07-22 09:20:33 [INFO ] [http-nio-8080-exec-6] c.m.c.ConfigurationController : Starting method: getDbConfig
2026-07-22 09:20:33 [INFO ] [http-nio-8080-exec-6] c.m.c.ConfigurationController : [CONFIG] Fetching Database Configuration
2026-07-22 09:20:33 [INFO ] [http-nio-8080-exec-6] c.m.c.ConfigurationController : Ending method: getDbConfig
2026-07-22 09:20:35 [INFO ] [http-nio-8080-exec-7] c.m.c.ConfigurationController : Starting method: getUiSettings
2026-07-22 09:20:35 [INFO ] [http-nio-8080-exec-7] c.m.c.ConfigurationController : Ending method: getUiSettings
2026-07-22 09:20:37 [INFO ] [http-nio-8080-exec-8] c.m.controller.DiscoveryController : Starting method: getDocumentClasses with arguments: appId=ccol, type=source
2026-07-22 09:20:37 [INFO ] [http-nio-8080-exec-8] c.m.controller.DiscoveryController : Ending method: getDocumentClasses
2026-07-22 09:20:43 [INFO ] [http-nio-8080-exec-9] c.m.controller.ExceptionController : Starting method: getMetadataFields with arguments: appId=ccol, documentClass=All
2026-07-22 09:20:43 [INFO ] [http-nio-8080-exec-9] c.m.controller.ExceptionController : Ending method: getMetadataFields
2026-07-22 09:20:55 [INFO ] [http-nio-8080-exec-1] c.m.controller.ExceptionController : Starting method: checkExceptions with arguments: criteria=com.migrationreport.dto.ExceptionCriteria@6af0968b
2026-07-22 09:20:55 [INFO ] [http-nio-8080-exec-1] c.m.controller.ExceptionController : [EXCEPTIONS] Checking exceptions for Application: 'ccol'
2026-07-22 09:20:55 [INFO ] [http-nio-8080-exec-1] c.m.service.ExceptionService : [EXCEPTIONS] Executing lookup SQL: select dv.object_id from public.docversion_source dv where 1=1 and (dv.u3a18_accno = ?) | Params: [ACC0B0EFA]
2026-07-22 09:20:55 [INFO ] [http-nio-8080-exec-1] c.m.service.ExceptionService : [EXCEPTIONS] Found 1 target IDs in 4ms
2026-07-22 09:20:56 [INFO ] [http-nio-8080-exec-1] c.m.service.ExceptionService : [EXCEPTIONS] Querying Source, Staging, Target tables for 1 object IDs
2026-07-22 09:20:56 [INFO ] [http-nio-8080-exec-1] c.m.service.ExceptionService : [EXCEPTIONS] Data retrieval completed in 213ms. Source: 1, Staging: 1, Target: 1
2026-07-22 09:20:56 [INFO ] [http-nio-8080-exec-1] c.m.controller.ExceptionController : [EXCEPTIONS] Exception check completed in 293ms.
2026-07-22 09:20:56 [INFO ] [http-nio-8080-exec-1] c.m.controller.ExceptionController : Ending method: checkExceptions
2026-07-22 09:24:07 [INFO ] [http-nio-8080-exec-3] c.m.controller.ExceptionController : Starting method: checkExceptions with arguments: criteria=com.migrationreport.dto.ExceptionCriteria@26b9706e
2026-07-22 09:24:07 [INFO ] [http-nio-8080-exec-3] c.m.controller.ExceptionController : [EXCEPTIONS] Checking exceptions for Application: 'ccol'
2026-07-22 09:24:07 [INFO ] [http-nio-8080-exec-3] c.m.service.ExceptionService : [EXCEPTIONS] Executing lookup SQL: select dv.object_id from public.docversion_source dv where 1=1 and (dv.u3a18_accno = ? or dv.u7ec8_applname = ? or dv.u0cb8_bpayref = ?) | Params: [ACC0B0EFA, Home Loan 96E0, BPAY1BABF6]
2026-07-22 09:24:07 [INFO ] [http-nio-8080-exec-3] c.m.service.ExceptionService : [EXCEPTIONS] Found 3 target IDs in 6ms
2026-07-22 09:24:08 [INFO ] [http-nio-8080-exec-3] c.m.service.ExceptionService : [EXCEPTIONS] Querying Source, Staging, Target tables for 3 object IDs
2026-07-22 09:24:08 [INFO ] [http-nio-8080-exec-3] c.m.service.ExceptionService : [EXCEPTIONS] Data retrieval completed in 23ms. Source: 3, Staging: 3, Target: 3
2026-07-22 09:24:08 [INFO ] [http-nio-8080-exec-3] c.m.controller.ExceptionController : [EXCEPTIONS] Exception check completed in 66ms.
2026-07-22 09:24:08 [INFO ] [http-nio-8080-exec-3] c.m.controller.ExceptionController : Ending method: checkExceptions
2026-07-22 10:26:49 [INFO ] [RMI TCP Connection(219)-127.0.0.1] o.s.b.a.SpringApplicationAdminMXBeanRegistrar$SpringApplicationAdmin : Application shutdown requested.
2026-07-22 10:26:49 [INFO ] [RMI TCP Connection(219)-127.0.0.1] o.s.boot.tomcat.GracefulShutdown : Commencing graceful shutdown. Waiting for active requests to complete
2026-07-22 10:26:49 [INFO ] [tomcat-shutdown] o.s.boot.tomcat.GracefulShutdown : Graceful shutdown complete
2026-07-22 10:26:49 [INFO ] [RMI TCP Connection(219)-127.0.0.1] o.s.o.j.LocalContainerEntityManagerFactoryBean : Closing JPA EntityManagerFactory for persistence unit 'default'
2026-07-22 10:26:49 [INFO ] [RMI TCP Connection(219)-127.0.0.1] com.zaxxer.hikari.HikariDataSource : HikariPool-1 - Shutdown initiated...
2026-07-22 10:26:49 [INFO ] [RMI TCP Connection(219)-127.0.0.1] com.zaxxer.hikari.HikariDataSource : HikariPool-1 - Shutdown completed.
2026-07-22 18:00:53 [INFO ] [main] c.m.MigrationReportApplication : Starting MigrationReportApplication using Java 21.0.1 with PID 13512 (D:\MigrationReportTool\Backend\MigrationReport\target\classes started by Shaik Firoz in D:\MigrationReportTool\Backend\MigrationReport)
2026-07-22 18:00:53 [INFO ] [main] c.m.MigrationReportApplication : No active profile set, falling back to 1 default profile: "default"
2026-07-22 18:00:55 [INFO ] [main] o.s.d.r.c.RepositoryConfigurationDelegate : Bootstrapping Spring Data JPA repositories in DEFAULT mode.
2026-07-22 18:00:55 [INFO ] [main] o.s.d.r.c.RepositoryConfigurationDelegate : Finished Spring Data repository scanning in 129 ms. Found 1 JPA repository interface.
2026-07-22 18:00:56 [INFO ] [main] o.s.boot.tomcat.TomcatWebServer : Tomcat initialized with port 8080 (http)
2026-07-22 18:00:56 [INFO ] [main] o.a.catalina.core.StandardService : Starting service [Tomcat]
2026-07-22 18:00:56 [INFO ] [main] o.a.catalina.core.StandardEngine : Starting Servlet engine: [Apache Tomcat/11.0.24]
2026-07-22 18:00:57 [INFO ] [main] o.s.b.w.c.s.WebApplicationContextInitializer : Root WebApplicationContext: initialization completed in 3493 ms
2026-07-22 18:00:57 [INFO ] [main] c.m.config.DataSourceConfig : [CONFIG] Loaded database configuration for active type postgres from D:\MigrationReportTool\Backend\MigrationReport\config\db-config.json
2026-07-22 18:00:57 [INFO ] [main] org.hibernate.orm.jpa : HHH008540: Processing PersistenceUnitInfo [name: default]
2026-07-22 18:00:58 [INFO ] [main] org.hibernate.orm.core : HHH000001: Hibernate ORM core version 7.4.1.Final
2026-07-22 18:00:59 [INFO ] [main] o.s.o.j.p.SpringPersistenceUnitInfo : No LoadTimeWeaver setup: ignoring JPA class transformer
2026-07-22 18:00:59 [INFO ] [main] com.zaxxer.hikari.HikariDataSource : HikariPool-1 - Starting...
2026-07-22 18:01:00 [INFO ] [main] com.zaxxer.hikari.pool.HikariPool : HikariPool-1 - Added connection org.postgresql.jdbc.PgConnection@2f39b534
2026-07-22 18:01:00 [INFO ] [main] com.zaxxer.hikari.HikariDataSource : HikariPool-1 - Start completed.
2026-07-22 18:01:00 [INFO ] [main] o.hibernate.orm.connections.pooling : HHH10001005: Database info:	Database JDBC URL [jdbc:postgresql://localhost:5432/Migration]	Database driver: PostgreSQL JDBC Driver	Database dialect: PostgreSQLDialect	Database version: 16.9	Default catalog/schema: Migration/public	Autocommit mode: undefined/unknown	Isolation level: READ_COMMITTED [default READ_COMMITTED]	JDBC fetch size: none	Pool: DataSourceConnectionProvider	Minimum pool size: undefined/unknown	Maximum pool size: undefined/unknown
2026-07-22 18:01:02 [INFO ] [main] org.hibernate.orm.core : HHH000489: No JTA platform available (set 'hibernate.transaction.jta.platform' to enable JTA platform integration)
2026-07-22 18:01:03 [INFO ] [main] o.s.o.j.LocalContainerEntityManagerFactoryBean : Initialized JPA EntityManagerFactory for persistence unit 'default'
2026-07-22 18:01:03 [INFO ] [main] o.s.d.j.r.q.QueryEnhancerFactories : Hibernate is in classpath; If applicable, HQL parser will be used.
2026-07-22 18:01:03 [INFO ] [main] c.m.service.ConfigurationService : [CONFIG] Loading tenant configuration from D:\MigrationReportTool\Backend\MigrationReport\config\tenant-mappings.json
2026-07-22 18:01:03 [INFO ] [main] c.m.service.ConfigurationService : [CONFIG] Loaded 1 applications from config.
2026-07-22 18:01:03 [INFO ] [main] c.m.dialect.DialectConfig : [DIALECT] Initializing PostgreSQL Dialect provider...
2026-07-22 18:01:03 [INFO ] [main] c.m.service.PropertyMappingService : [MAPPING] Loading property mapping templates from D:\MigrationReportTool\Backend\MigrationReport\config\property-mapping-templates.json
2026-07-22 18:01:03 [WARN ] [main] o.s.b.j.a.JpaBaseConfiguration$JpaWebConfiguration : spring.jpa.open-in-view is enabled by default. Therefore, database queries may be performed during view rendering. Explicitly configure spring.jpa.open-in-view to disable this warning
2026-07-22 18:01:03 [INFO ] [main] o.s.boot.tomcat.TomcatWebServer : Tomcat started on port 8080 (http) with context path '/'
2026-07-22 18:01:03 [INFO ] [main] c.m.MigrationReportApplication : Started MigrationReportApplication in 11.278 seconds (process running for 13.728)
2026-07-22 18:01:07 [INFO ] [http-nio-8080-exec-2] o.a.c.c.C.[Tomcat].[localhost].[/] : Initializing Spring DispatcherServlet 'dispatcherServlet'
2026-07-22 18:01:07 [INFO ] [http-nio-8080-exec-2] o.s.web.servlet.DispatcherServlet : Initializing Servlet 'dispatcherServlet'
2026-07-22 18:01:07 [INFO ] [http-nio-8080-exec-2] o.s.web.servlet.DispatcherServlet : Completed initialization in 1 ms
2026-07-22 18:01:08 [INFO ] [http-nio-8080-exec-1] c.m.c.ConfigurationController : Starting method: getUiSettings
2026-07-22 18:01:08 [INFO ] [http-nio-8080-exec-3] c.m.c.ConfigurationController : Starting method: getConfig
2026-07-22 18:01:08 [INFO ] [http-nio-8080-exec-3] c.m.c.ConfigurationController : [CONFIG] Fetching cached tenant configuration
2026-07-22 18:01:08 [INFO ] [http-nio-8080-exec-1] c.m.c.ConfigurationController : Ending method: getUiSettings
2026-07-22 18:01:08 [INFO ] [http-nio-8080-exec-3] c.m.c.ConfigurationController : Ending method: getConfig
2026-07-22 18:01:09 [INFO ] [http-nio-8080-exec-4] c.m.controller.DiscoveryController : Starting method: getDocumentClasses with arguments: appId=ccol, type=source
2026-07-22 18:01:09 [INFO ] [http-nio-8080-exec-4] c.m.controller.DiscoveryController : Ending method: getDocumentClasses
2026-07-22 18:01:11 [INFO ] [http-nio-8080-exec-5] c.m.controller.ExceptionController : Starting method: getMetadataFields with arguments: appId=ccol, documentClass=BankAccount
2026-07-22 18:01:11 [INFO ] [http-nio-8080-exec-5] c.m.controller.ExceptionController : Ending method: getMetadataFields
2026-07-22 18:01:59 [INFO ] [http-nio-8080-exec-8] c.m.controller.ExceptionController : Starting method: checkExceptions with arguments: criteria=com.migrationreport.dto.ExceptionCriteria@4aa4adf2
2026-07-22 18:01:59 [INFO ] [http-nio-8080-exec-8] c.m.controller.ExceptionController : [EXCEPTIONS] Checking exceptions for Application: 'ccol'
2026-07-22 18:01:59 [INFO ] [http-nio-8080-exec-8] c.m.service.ExceptionService : [EXCEPTIONS] Executing lookup SQL: select dv.object_id from public.docversion_source dv inner join public.classdef cd on dv.object_class_id = cd.object_id where 1=1 and cd.symbolic_name in (?) and (dv.u3a18_accno = ?) | Params: [BankAccount, ACC0B0EFA]
2026-07-22 18:01:59 [INFO ] [http-nio-8080-exec-8] c.m.service.ExceptionService : [EXCEPTIONS] Found 1 target IDs in 9ms
2026-07-22 18:01:59 [INFO ] [http-nio-8080-exec-8] c.m.service.ExceptionService : [EXCEPTIONS] Querying Source, Staging, Target tables for 1 object IDs
2026-07-22 18:02:00 [INFO ] [http-nio-8080-exec-8] c.m.service.ExceptionService : [EXCEPTIONS] Data retrieval completed in 356ms. Source: 1, Staging: 1, Target: 1
2026-07-22 18:02:00 [INFO ] [http-nio-8080-exec-8] c.m.controller.ExceptionController : [EXCEPTIONS] Exception check completed in 429ms.
2026-07-22 18:02:00 [INFO ] [http-nio-8080-exec-8] c.m.controller.ExceptionController : Ending method: checkExceptions
2026-07-22 18:14:34 [INFO ] [RMI TCP Connection(17)-127.0.0.1] o.s.b.a.SpringApplicationAdminMXBeanRegistrar$SpringApplicationAdmin : Application shutdown requested.
2026-07-22 18:14:34 [INFO ] [RMI TCP Connection(17)-127.0.0.1] o.s.boot.tomcat.GracefulShutdown : Commencing graceful shutdown. Waiting for active requests to complete
2026-07-22 18:14:34 [INFO ] [tomcat-shutdown] o.s.boot.tomcat.GracefulShutdown : Graceful shutdown complete
2026-07-22 18:14:34 [INFO ] [RMI TCP Connection(17)-127.0.0.1] o.s.o.j.LocalContainerEntityManagerFactoryBean : Closing JPA EntityManagerFactory for persistence unit 'default'
2026-07-22 18:14:34 [INFO ] [RMI TCP Connection(17)-127.0.0.1] com.zaxxer.hikari.HikariDataSource : HikariPool-1 - Shutdown initiated...
2026-07-22 18:14:34 [INFO ] [RMI TCP Connection(17)-127.0.0.1] com.zaxxer.hikari.HikariDataSource : HikariPool-1 - Shutdown completed.
2026-07-22 18:14:43 [INFO ] [main] c.m.MigrationReportApplication : Starting MigrationReportApplication using Java 21.0.1 with PID 48192 (D:\MigrationReportTool\Backend\MigrationReport\target\classes started by Shaik Firoz in D:\MigrationReportTool\Backend\MigrationReport)
2026-07-22 18:14:43 [INFO ] [main] c.m.MigrationReportApplication : No active profile set, falling back to 1 default profile: "default"
2026-07-22 18:14:43 [INFO ] [main] o.s.d.r.c.RepositoryConfigurationDelegate : Bootstrapping Spring Data JPA repositories in DEFAULT mode.
2026-07-22 18:14:43 [INFO ] [main] o.s.d.r.c.RepositoryConfigurationDelegate : Finished Spring Data repository scanning in 52 ms. Found 1 JPA repository interface.
2026-07-22 18:14:44 [INFO ] [main] o.s.boot.tomcat.TomcatWebServer : Tomcat initialized with port 8080 (http)
2026-07-22 18:14:44 [INFO ] [main] o.a.catalina.core.StandardService : Starting service [Tomcat]
2026-07-22 18:14:44 [INFO ] [main] o.a.catalina.core.StandardEngine : Starting Servlet engine: [Apache Tomcat/11.0.24]
2026-07-22 18:14:44 [INFO ] [main] o.s.b.w.c.s.WebApplicationContextInitializer : Root WebApplicationContext: initialization completed in 1150 ms
2026-07-22 18:14:44 [INFO ] [main] c.m.config.DataSourceConfig : [CONFIG] Loaded database configuration for active type postgres from D:\MigrationReportTool\Backend\MigrationReport\config\db-config.json
2026-07-22 18:14:44 [INFO ] [main] org.hibernate.orm.jpa : HHH008540: Processing PersistenceUnitInfo [name: default]
2026-07-22 18:14:44 [INFO ] [main] org.hibernate.orm.core : HHH000001: Hibernate ORM core version 7.4.1.Final
2026-07-22 18:14:45 [INFO ] [main] o.s.o.j.p.SpringPersistenceUnitInfo : No LoadTimeWeaver setup: ignoring JPA class transformer
2026-07-22 18:14:45 [INFO ] [main] com.zaxxer.hikari.HikariDataSource : HikariPool-1 - Starting...
2026-07-22 18:14:45 [INFO ] [main] com.zaxxer.hikari.pool.HikariPool : HikariPool-1 - Added connection org.postgresql.jdbc.PgConnection@70e5737f
2026-07-22 18:14:45 [INFO ] [main] com.zaxxer.hikari.HikariDataSource : HikariPool-1 - Start completed.
2026-07-22 18:14:46 [INFO ] [main] o.hibernate.orm.connections.pooling : HHH10001005: Database info:	Database JDBC URL [jdbc:postgresql://localhost:5432/Migration]	Database driver: PostgreSQL JDBC Driver	Database dialect: PostgreSQLDialect	Database version: 16.9	Default catalog/schema: Migration/public	Autocommit mode: undefined/unknown	Isolation level: READ_COMMITTED [default READ_COMMITTED]	JDBC fetch size: none	Pool: DataSourceConnectionProvider	Minimum pool size: undefined/unknown	Maximum pool size: undefined/unknown
2026-07-22 18:14:48 [INFO ] [main] org.hibernate.orm.core : HHH000489: No JTA platform available (set 'hibernate.transaction.jta.platform' to enable JTA platform integration)
2026-07-22 18:14:48 [INFO ] [main] o.s.o.j.LocalContainerEntityManagerFactoryBean : Initialized JPA EntityManagerFactory for persistence unit 'default'
2026-07-22 18:14:48 [INFO ] [main] o.s.d.j.r.q.QueryEnhancerFactories : Hibernate is in classpath; If applicable, HQL parser will be used.
2026-07-22 18:14:48 [INFO ] [main] c.m.service.ConfigurationService : [CONFIG] Loading tenant configuration from D:\MigrationReportTool\Backend\MigrationReport\config\tenant-mappings.json
2026-07-22 18:14:48 [INFO ] [main] c.m.service.ConfigurationService : [CONFIG] Loaded 1 applications from config.
2026-07-22 18:14:48 [INFO ] [main] c.m.dialect.DialectConfig : [DIALECT] Initializing PostgreSQL Dialect provider...
2026-07-22 18:14:48 [INFO ] [main] c.m.service.PropertyMappingService : [MAPPING] Loading property mapping templates from D:\MigrationReportTool\Backend\MigrationReport\config\property-mapping-templates.json
2026-07-22 18:14:48 [WARN ] [main] o.s.b.j.a.JpaBaseConfiguration$JpaWebConfiguration : spring.jpa.open-in-view is enabled by default. Therefore, database queries may be performed during view rendering. Explicitly configure spring.jpa.open-in-view to disable this warning
2026-07-22 18:14:49 [INFO ] [main] o.s.boot.tomcat.TomcatWebServer : Tomcat started on port 8080 (http) with context path '/'
2026-07-22 18:14:49 [INFO ] [main] c.m.MigrationReportApplication : Started MigrationReportApplication in 6.703 seconds (process running for 7.395)
2026-07-22 18:15:10 [INFO ] [RMI TCP Connection(2)-127.0.0.1] o.s.b.a.SpringApplicationAdminMXBeanRegistrar$SpringApplicationAdmin : Application shutdown requested.
2026-07-22 18:15:10 [INFO ] [RMI TCP Connection(2)-127.0.0.1] o.s.boot.tomcat.GracefulShutdown : Commencing graceful shutdown. Waiting for active requests to complete
2026-07-22 18:15:10 [INFO ] [tomcat-shutdown] o.s.boot.tomcat.GracefulShutdown : Graceful shutdown complete
2026-07-22 18:15:10 [INFO ] [RMI TCP Connection(2)-127.0.0.1] o.s.o.j.LocalContainerEntityManagerFactoryBean : Closing JPA EntityManagerFactory for persistence unit 'default'
2026-07-22 18:15:10 [INFO ] [RMI TCP Connection(2)-127.0.0.1] com.zaxxer.hikari.HikariDataSource : HikariPool-1 - Shutdown initiated...
2026-07-22 18:15:10 [INFO ] [RMI TCP Connection(2)-127.0.0.1] com.zaxxer.hikari.HikariDataSource : HikariPool-1 - Shutdown completed.
