2026-07-23 11:07:39 [INFO ] [main] c.m.MigrationReportApplication : Starting MigrationReportApplication using Java 21.0.1 with PID 39192 (D:\MigrationReportTool\Backend\MigrationReport\target\classes started by Shaik Firoz in D:\MigrationReportTool\Backend\MigrationReport)
2026-07-23 11:07:39 [INFO ] [main] c.m.MigrationReportApplication : No active profile set, falling back to 1 default profile: "default"
2026-07-23 11:07:41 [INFO ] [main] o.s.d.r.c.RepositoryConfigurationDelegate : Bootstrapping Spring Data JPA repositories in DEFAULT mode.
2026-07-23 11:07:41 [INFO ] [main] o.s.d.r.c.RepositoryConfigurationDelegate : Finished Spring Data repository scanning in 173 ms. Found 1 JPA repository interface.
2026-07-23 11:07:42 [INFO ] [main] o.s.boot.tomcat.TomcatWebServer : Tomcat initialized with port 8080 (http)
2026-07-23 11:07:42 [INFO ] [main] o.a.catalina.core.StandardService : Starting service [Tomcat]
2026-07-23 11:07:42 [INFO ] [main] o.a.catalina.core.StandardEngine : Starting Servlet engine: [Apache Tomcat/11.0.24]
2026-07-23 11:07:42 [INFO ] [main] o.s.b.w.c.s.WebApplicationContextInitializer : Root WebApplicationContext: initialization completed in 3010 ms
2026-07-23 11:07:43 [INFO ] [main] c.m.config.DataSourceConfig : [CONFIG] Loaded database configuration for active type postgres from D:\MigrationReportTool\Backend\MigrationReport\config\db-config.json
2026-07-23 11:07:43 [INFO ] [main] org.hibernate.orm.jpa : HHH008540: Processing PersistenceUnitInfo [name: default]
2026-07-23 11:07:43 [INFO ] [main] org.hibernate.orm.core : HHH000001: Hibernate ORM core version 7.4.1.Final
2026-07-23 11:07:44 [INFO ] [main] o.s.o.j.p.SpringPersistenceUnitInfo : No LoadTimeWeaver setup: ignoring JPA class transformer
2026-07-23 11:07:44 [INFO ] [main] com.zaxxer.hikari.HikariDataSource : HikariPool-1 - Starting...
2026-07-23 11:07:45 [INFO ] [main] com.zaxxer.hikari.pool.HikariPool : HikariPool-1 - Added connection org.postgresql.jdbc.PgConnection@64f33dee
2026-07-23 11:07:45 [INFO ] [main] com.zaxxer.hikari.HikariDataSource : HikariPool-1 - Start completed.
2026-07-23 11:07:45 [INFO ] [main] o.hibernate.orm.connections.pooling : HHH10001005: Database info:	Database JDBC URL [jdbc:postgresql://localhost:5432/Migration]	Database driver: PostgreSQL JDBC Driver	Database dialect: PostgreSQLDialect	Database version: 16.9	Default catalog/schema: Migration/public	Autocommit mode: undefined/unknown	Isolation level: READ_COMMITTED [default READ_COMMITTED]	JDBC fetch size: none	Pool: DataSourceConnectionProvider	Minimum pool size: undefined/unknown	Maximum pool size: undefined/unknown
2026-07-23 11:07:46 [INFO ] [main] org.hibernate.orm.core : HHH000489: No JTA platform available (set 'hibernate.transaction.jta.platform' to enable JTA platform integration)
2026-07-23 11:07:46 [INFO ] [main] o.s.o.j.LocalContainerEntityManagerFactoryBean : Initialized JPA EntityManagerFactory for persistence unit 'default'
2026-07-23 11:07:47 [INFO ] [main] o.s.d.j.r.q.QueryEnhancerFactories : Hibernate is in classpath; If applicable, HQL parser will be used.
2026-07-23 11:07:47 [INFO ] [main] c.m.service.ConfigurationService : [CONFIG] Loading tenant configuration from D:\MigrationReportTool\Backend\MigrationReport\config\tenant-mappings.json
2026-07-23 11:07:47 [INFO ] [main] c.m.service.ConfigurationService : [CONFIG] Loaded 1 applications from config.
2026-07-23 11:07:47 [INFO ] [main] c.m.dialect.DialectConfig : [DIALECT] Initializing PostgreSQL Dialect provider...
2026-07-23 11:07:47 [INFO ] [main] c.m.service.PropertyMappingService : [MAPPING] Loading property mapping templates from D:\MigrationReportTool\Backend\MigrationReport\config\property-mapping-templates.json
2026-07-23 11:07:47 [WARN ] [main] o.s.b.j.a.JpaBaseConfiguration$JpaWebConfiguration : spring.jpa.open-in-view is enabled by default. Therefore, database queries may be performed during view rendering. Explicitly configure spring.jpa.open-in-view to disable this warning
2026-07-23 11:07:47 [INFO ] [main] o.s.boot.tomcat.TomcatWebServer : Tomcat started on port 8080 (http) with context path '/'
2026-07-23 11:07:47 [INFO ] [main] c.m.MigrationReportApplication : Started MigrationReportApplication in 9.001 seconds (process running for 11.639)
2026-07-23 11:09:13 [INFO ] [http-nio-8080-exec-2] o.a.c.c.C.[Tomcat].[localhost].[/] : Initializing Spring DispatcherServlet 'dispatcherServlet'
2026-07-23 11:09:13 [INFO ] [http-nio-8080-exec-2] o.s.web.servlet.DispatcherServlet : Initializing Servlet 'dispatcherServlet'
2026-07-23 11:09:13 [INFO ] [http-nio-8080-exec-2] o.s.web.servlet.DispatcherServlet : Completed initialization in 4 ms
2026-07-23 11:09:14 [INFO ] [http-nio-8080-exec-3] c.m.c.ConfigurationController : Starting method: getConfig
2026-07-23 11:09:14 [INFO ] [http-nio-8080-exec-2] c.m.c.ConfigurationController : Starting method: getUiSettings
2026-07-23 11:09:14 [INFO ] [http-nio-8080-exec-2] c.m.c.ConfigurationController : Ending method: getUiSettings
2026-07-23 11:09:14 [INFO ] [http-nio-8080-exec-3] c.m.c.ConfigurationController : [CONFIG] Fetching cached tenant configuration
2026-07-23 11:09:14 [INFO ] [http-nio-8080-exec-3] c.m.c.ConfigurationController : Ending method: getConfig
2026-07-23 11:17:29 [INFO ] [main] c.m.MigrationReportApplicationTests : Starting MigrationReportApplicationTests using Java 21.0.7 with PID 33600 (started by Shaik Firoz in D:\MigrationReportTool\Backend\MigrationReport)
2026-07-23 11:17:29 [INFO ] [main] c.m.MigrationReportApplicationTests : No active profile set, falling back to 1 default profile: "default"
2026-07-23 11:17:31 [INFO ] [main] o.s.d.r.c.RepositoryConfigurationDelegate : Bootstrapping Spring Data JPA repositories in DEFAULT mode.
2026-07-23 11:17:31 [INFO ] [main] o.s.d.r.c.RepositoryConfigurationDelegate : Finished Spring Data repository scanning in 94 ms. Found 1 JPA repository interface.
2026-07-23 11:17:32 [INFO ] [main] c.m.config.DataSourceConfig : [CONFIG] Loaded database configuration for active type postgres from D:\MigrationReportTool\Backend\MigrationReport\config\db-config.json
2026-07-23 11:17:32 [INFO ] [main] org.hibernate.orm.jpa : HHH008540: Processing PersistenceUnitInfo [name: default]
2026-07-23 11:17:32 [INFO ] [main] org.hibernate.orm.core : HHH000001: Hibernate ORM core version 7.4.1.Final
2026-07-23 11:17:34 [INFO ] [main] o.s.o.j.p.SpringPersistenceUnitInfo : No LoadTimeWeaver setup: ignoring JPA class transformer
2026-07-23 11:17:34 [INFO ] [main] com.zaxxer.hikari.HikariDataSource : HikariPool-1 - Starting...
2026-07-23 11:17:34 [INFO ] [main] com.zaxxer.hikari.pool.HikariPool : HikariPool-1 - Added connection org.postgresql.jdbc.PgConnection@574f9e36
2026-07-23 11:17:34 [INFO ] [main] com.zaxxer.hikari.HikariDataSource : HikariPool-1 - Start completed.
2026-07-23 11:17:35 [INFO ] [main] o.hibernate.orm.connections.pooling : HHH10001005: Database info:	Database JDBC URL [jdbc:postgresql://localhost:5432/Migration]	Database driver: PostgreSQL JDBC Driver	Database dialect: PostgreSQLDialect	Database version: 16.9	Default catalog/schema: Migration/public	Autocommit mode: undefined/unknown	Isolation level: READ_COMMITTED [default READ_COMMITTED]	JDBC fetch size: none	Pool: DataSourceConnectionProvider	Minimum pool size: undefined/unknown	Maximum pool size: undefined/unknown
2026-07-23 11:17:36 [INFO ] [main] org.hibernate.orm.core : HHH000489: No JTA platform available (set 'hibernate.transaction.jta.platform' to enable JTA platform integration)
2026-07-23 11:17:36 [INFO ] [main] o.s.o.j.LocalContainerEntityManagerFactoryBean : Initialized JPA EntityManagerFactory for persistence unit 'default'
2026-07-23 11:17:37 [INFO ] [main] o.s.d.j.r.q.QueryEnhancerFactories : Hibernate is in classpath; If applicable, HQL parser will be used.
2026-07-23 11:17:37 [INFO ] [main] c.m.service.ConfigurationService : [CONFIG] Loading tenant configuration from D:\MigrationReportTool\Backend\MigrationReport\config\tenant-mappings.json
2026-07-23 11:17:37 [INFO ] [main] c.m.service.ConfigurationService : [CONFIG] Loaded 1 applications from config.
2026-07-23 11:17:37 [INFO ] [main] c.m.dialect.DialectConfig : [DIALECT] Initializing PostgreSQL Dialect provider...
2026-07-23 11:17:37 [INFO ] [main] c.m.service.PropertyMappingService : [MAPPING] Loading property mapping templates from D:\MigrationReportTool\Backend\MigrationReport\config\property-mapping-templates.json
2026-07-23 11:17:37 [WARN ] [main] o.s.b.j.a.JpaBaseConfiguration$JpaWebConfiguration : spring.jpa.open-in-view is enabled by default. Therefore, database queries may be performed during view rendering. Explicitly configure spring.jpa.open-in-view to disable this warning
2026-07-23 11:17:38 [INFO ] [main] c.m.MigrationReportApplicationTests : Started MigrationReportApplicationTests in 10.152 seconds (process running for 12.435)
2026-07-23 11:17:39 [INFO ] [SpringApplicationShutdownHook] o.s.o.j.LocalContainerEntityManagerFactoryBean : Closing JPA EntityManagerFactory for persistence unit 'default'
2026-07-23 11:17:39 [INFO ] [SpringApplicationShutdownHook] com.zaxxer.hikari.HikariDataSource : HikariPool-1 - Shutdown initiated...
2026-07-23 11:17:39 [INFO ] [SpringApplicationShutdownHook] com.zaxxer.hikari.HikariDataSource : HikariPool-1 - Shutdown completed.
