2026-07-16 08:48:59 [INFO ] [main] c.m.MigrationReportApplication : Starting MigrationReportApplication using Java 21.0.1 with PID 29968 (D:\MigrationReportTool\Backend\MigrationReport\target\classes started by Shaik Firoz in D:\MigrationReportTool\Backend\MigrationReport)
2026-07-16 08:48:59 [INFO ] [main] c.m.MigrationReportApplication : No active profile set, falling back to 1 default profile: "default"
2026-07-16 08:49:00 [INFO ] [main] o.s.d.r.c.RepositoryConfigurationDelegate : Bootstrapping Spring Data JPA repositories in DEFAULT mode.
2026-07-16 08:49:00 [INFO ] [main] o.s.d.r.c.RepositoryConfigurationDelegate : Finished Spring Data repository scanning in 34 ms. Found 2 JPA repository interfaces.
2026-07-16 08:49:00 [INFO ] [main] o.s.boot.tomcat.TomcatWebServer : Tomcat initialized with port 8080 (http)
2026-07-16 08:49:00 [INFO ] [main] o.a.catalina.core.StandardService : Starting service [Tomcat]
2026-07-16 08:49:00 [INFO ] [main] o.a.catalina.core.StandardEngine : Starting Servlet engine: [Apache Tomcat/11.0.22]
2026-07-16 08:49:00 [INFO ] [main] o.s.b.w.c.s.WebApplicationContextInitializer : Root WebApplicationContext: initialization completed in 914 ms
2026-07-16 08:49:00 [INFO ] [main] c.m.config.DataSourceConfig : [CONFIG] Loaded database configuration for active type postgres from D:\MigrationReportTool\Backend\MigrationReport\config\db-config.json
2026-07-16 08:49:00 [INFO ] [main] org.hibernate.orm.jpa : HHH008540: Processing PersistenceUnitInfo [name: default]
2026-07-16 08:49:01 [INFO ] [main] org.hibernate.orm.core : HHH000001: Hibernate ORM core version 7.4.1.Final
2026-07-16 08:49:01 [INFO ] [main] o.s.o.j.p.SpringPersistenceUnitInfo : No LoadTimeWeaver setup: ignoring JPA class transformer
2026-07-16 08:49:01 [INFO ] [main] com.zaxxer.hikari.HikariDataSource : HikariPool-1 - Starting...
2026-07-16 08:49:01 [INFO ] [main] com.zaxxer.hikari.pool.HikariPool : HikariPool-1 - Added connection org.postgresql.jdbc.PgConnection@5d4a34ff
2026-07-16 08:49:01 [INFO ] [main] com.zaxxer.hikari.HikariDataSource : HikariPool-1 - Start completed.
2026-07-16 08:49:01 [INFO ] [main] o.hibernate.orm.connections.pooling : HHH10001005: Database info:
	Database JDBC URL [jdbc:postgresql://localhost:5432/P8Migration]
	Database driver: PostgreSQL JDBC Driver
	Database dialect: PostgreSQLDialect
	Database version: 16.9
	Default catalog/schema: P8Migration/public
	Autocommit mode: undefined/unknown
	Isolation level: READ_COMMITTED [default READ_COMMITTED]
	JDBC fetch size: none
	Pool: DataSourceConnectionProvider
	Minimum pool size: undefined/unknown
	Maximum pool size: undefined/unknown
2026-07-16 08:49:02 [INFO ] [main] org.hibernate.orm.core : HHH000489: No JTA platform available (set 'hibernate.transaction.jta.platform' to enable JTA platform integration)
2026-07-16 08:49:02 [INFO ] [main] o.s.o.j.LocalContainerEntityManagerFactoryBean : Initialized JPA EntityManagerFactory for persistence unit 'default'
2026-07-16 08:49:02 [INFO ] [main] o.s.d.j.r.q.QueryEnhancerFactories : Hibernate is in classpath; If applicable, HQL parser will be used.
2026-07-16 08:49:02 [INFO ] [main] c.m.service.ConfigurationService : [CONFIG] Loading tenant configuration from D:\MigrationReportTool\Backend\MigrationReport\config\tenant-mappings.json
2026-07-16 08:49:02 [INFO ] [main] c.m.service.ConfigurationService : [CONFIG] Loaded 2 applications from config.
2026-07-16 08:49:02 [INFO ] [main] c.m.dialect.DialectConfig : [DIALECT] Initializing PostgreSQL Dialect provider...
2026-07-16 08:49:02 [WARN ] [main] o.s.b.j.a.JpaBaseConfiguration$JpaWebConfiguration : spring.jpa.open-in-view is enabled by default. Therefore, database queries may be performed during view rendering. Explicitly configure spring.jpa.open-in-view to disable this warning
2026-07-16 08:49:02 [INFO ] [main] o.s.boot.tomcat.TomcatWebServer : Tomcat started on port 8080 (http) with context path '/'
2026-07-16 08:49:02 [INFO ] [main] c.m.MigrationReportApplication : Started MigrationReportApplication in 3.388 seconds (process running for 4.01)
2026-07-16 08:49:10 [INFO ] [http-nio-8080-exec-1] o.a.c.c.C.[Tomcat].[localhost].[/] : Initializing Spring DispatcherServlet 'dispatcherServlet'
2026-07-16 08:49:10 [INFO ] [http-nio-8080-exec-1] o.s.web.servlet.DispatcherServlet : Initializing Servlet 'dispatcherServlet'
2026-07-16 08:49:10 [INFO ] [http-nio-8080-exec-1] o.s.web.servlet.DispatcherServlet : Completed initialization in 0 ms
2026-07-16 08:49:10 [INFO ] [http-nio-8080-exec-1] c.m.controller.AuthController : Starting method: login with arguments: username=firoz
2026-07-16 08:49:10 [INFO ] [http-nio-8080-exec-1] c.m.controller.AuthController : Ending method: login (Success)
2026-07-16 08:49:10 [INFO ] [http-nio-8080-exec-3] c.m.c.ConfigurationController : Starting method: getConfig
2026-07-16 08:49:10 [INFO ] [http-nio-8080-exec-3] c.m.c.ConfigurationController : [CONFIG] Fetching cached tenant configuration
2026-07-16 08:49:10 [INFO ] [http-nio-8080-exec-3] c.m.c.ConfigurationController : Ending method: getConfig
2026-07-16 08:49:10 [INFO ] [http-nio-8080-exec-5] c.m.c.ConfigurationController : Starting method: getConfig
2026-07-16 08:49:10 [INFO ] [http-nio-8080-exec-5] c.m.c.ConfigurationController : [CONFIG] Fetching cached tenant configuration
2026-07-16 08:49:10 [INFO ] [http-nio-8080-exec-5] c.m.c.ConfigurationController : Ending method: getConfig
2026-07-16 08:49:53 [INFO ] [http-nio-8080-exec-2] c.m.controller.DiscoveryController : Starting method: getDocumentClasses with arguments: appId=ccol
2026-07-16 08:49:53 [INFO ] [http-nio-8080-exec-2] c.m.controller.DiscoveryController : Ending method: getDocumentClasses
2026-07-16 08:50:00 [INFO ] [http-nio-8080-exec-6] c.m.controller.DiscoveryController : Starting method: generateReport with arguments: endpoint=custom-object-trend, criteria=com.migrationreport.dto.DiscoveryCriteria@58a086c3
2026-07-16 08:50:00 [INFO ] [http-nio-8080-exec-6] c.m.controller.DiscoveryController : [DISCOVERY] Generating 'custom-object-trend' report for App: 'ccol'
2026-07-16 08:50:00 [INFO ] [http-nio-8080-exec-6] c.m.service.DiscoveryService : [DISCOVERY] Executing Report Endpoint: 'custom-object-trend' | SQL: SELECT cd.symbolic_name AS class_name, EXTRACT(YEAR FROM CAST(dv.CREATE_DATE AS TIMESTAMP)) AS creation_year, EXTRACT(MONTH FROM CAST(dv.CREATE_DATE AS TIMESTAMP)) AS creation_month, COUNT(dv.object_id) AS total_documents FROM ccol.customobject dv INNER JOIN ccol.classdef cd ON dv.object_class_id = cd.object_id  WHERE 1=1 AND cd.symbolic_name IN (?) AND dv.CREATE_DATE IS NOT NULL GROUP BY cd.symbolic_name, EXTRACT(YEAR FROM CAST(dv.CREATE_DATE AS TIMESTAMP)), EXTRACT(MONTH FROM CAST(dv.CREATE_DATE AS TIMESTAMP)) ORDER BY cd.symbolic_name, creation_year, creation_month | Params: [CollectionsNotice]
2026-07-16 08:50:00 [INFO ] [http-nio-8080-exec-6] c.m.service.DiscoveryService : [DISCOVERY] Report executed in 16ms. Found 5 records.
2026-07-16 08:50:00 [INFO ] [http-nio-8080-exec-6] c.m.controller.DiscoveryController : [DISCOVERY] 'custom-object-trend' report generated in 16ms. Found 5 records.
2026-07-16 08:50:00 [INFO ] [http-nio-8080-exec-6] c.m.controller.DiscoveryController : Ending method: generateReport
2026-07-16 08:50:57 [INFO ] [http-nio-8080-exec-7] c.m.controller.DiscoveryController : Starting method: generateReport with arguments: endpoint=doc-count, criteria=com.migrationreport.dto.DiscoveryCriteria@3b57ba90
2026-07-16 08:50:57 [INFO ] [http-nio-8080-exec-7] c.m.controller.DiscoveryController : [DISCOVERY] Generating 'doc-count' report for App: 'ccol'
2026-07-16 08:50:57 [INFO ] [http-nio-8080-exec-7] c.m.service.DiscoveryService : [DISCOVERY] Executing Report Endpoint: 'doc-count' | SQL: SELECT cd.symbolic_name AS class_name, MIN(dv.CREATE_DATE) AS earliest_created, MAX(dv.CREATE_DATE) AS latest_created, COUNT(dv.object_id) AS total_documents, COALESCE(SUM(CAST(dv.content_size AS numeric)), 0) AS total_size_bytes, COALESCE(MIN(CAST(dv.content_size AS numeric)), 0) AS min_size_bytes, COALESCE(MAX(CAST(dv.content_size AS numeric)), 0) AS max_size_bytes, CAST(COALESCE(SUM(CAST(dv.content_size AS numeric)), 0) / 1073741824.0 AS numeric(15, 6)) AS total_size_gb FROM ccol.docversion_source dv INNER JOIN ccol.classdef cd ON dv.object_class_id = cd.object_id  WHERE 1=1 AND cd.symbolic_name IN (?) AND dv.CREATE_DATE IS NOT NULL GROUP BY cd.symbolic_name ORDER BY class_name | Params: [CollectionsNotice]
2026-07-16 08:50:57 [INFO ] [http-nio-8080-exec-7] c.m.service.DiscoveryService : [DISCOVERY] Report executed in 7ms. Found 1 records.
2026-07-16 08:50:57 [INFO ] [http-nio-8080-exec-7] c.m.controller.DiscoveryController : [DISCOVERY] 'doc-count' report generated in 15ms. Found 1 records.
2026-07-16 08:50:57 [INFO ] [http-nio-8080-exec-7] c.m.controller.DiscoveryController : Ending method: generateReport
2026-07-16 08:50:59 [INFO ] [http-nio-8080-exec-4] c.m.controller.DiscoveryController : Starting method: generateReport with arguments: endpoint=doc-mime, criteria=com.migrationreport.dto.DiscoveryCriteria@5a398b97
2026-07-16 08:50:59 [INFO ] [http-nio-8080-exec-4] c.m.controller.DiscoveryController : [DISCOVERY] Generating 'doc-mime' report for App: 'ccol'
2026-07-16 08:50:59 [INFO ] [http-nio-8080-exec-4] c.m.service.DiscoveryService : [DISCOVERY] Executing Report Endpoint: 'doc-mime' | SQL: SELECT COALESCE(dv.mime_type, 'No MIME Type') AS mime_type, COUNT(*) AS doc_count FROM ccol.docversion_source dv LEFT JOIN ccol.classdef cd ON dv.object_class_id = cd.object_id  WHERE 1=1 AND cd.symbolic_name IN (?) GROUP BY COALESCE(dv.mime_type, 'No MIME Type') ORDER BY doc_count DESC | Params: [CollectionsNotice]
2026-07-16 08:50:59 [INFO ] [http-nio-8080-exec-4] c.m.service.DiscoveryService : [DISCOVERY] Report executed in 0ms. Found 7 records.
2026-07-16 08:50:59 [INFO ] [http-nio-8080-exec-4] c.m.controller.DiscoveryController : [DISCOVERY] 'doc-mime' report generated in 0ms. Found 7 records.
2026-07-16 08:50:59 [INFO ] [http-nio-8080-exec-4] c.m.controller.DiscoveryController : Ending method: generateReport
2026-07-16 08:51:01 [INFO ] [http-nio-8080-exec-8] c.m.controller.DiscoveryController : Starting method: generateReport with arguments: endpoint=size-bucket, criteria=com.migrationreport.dto.DiscoveryCriteria@3784c73f
2026-07-16 08:51:01 [INFO ] [http-nio-8080-exec-8] c.m.controller.DiscoveryController : [DISCOVERY] Generating 'size-bucket' report for App: 'ccol'
2026-07-16 08:51:01 [INFO ] [http-nio-8080-exec-8] c.m.service.DiscoveryService : [DISCOVERY] Executing Report Endpoint: 'size-bucket' | SQL: SELECT CASE WHEN CAST(dv.content_size AS numeric) IS NULL THEN '0. No Content' WHEN CAST(dv.content_size AS numeric) = 0 THEN '1. Zero Bytes' WHEN CAST(dv.content_size AS numeric) BETWEEN 1 AND 102399 THEN '2. Under 100 KB' WHEN CAST(dv.content_size AS numeric) BETWEEN 102400 AND 511999 THEN '3. 100 KB - 500 KB' WHEN CAST(dv.content_size AS numeric) BETWEEN 512000 AND 1048575 THEN '4. 500 KB - 1 MB' WHEN CAST(dv.content_size AS numeric) BETWEEN 1048576 AND 5242879 THEN '5. 1 MB - 5 MB' WHEN CAST(dv.content_size AS numeric) BETWEEN 5242880 AND 10485759 THEN '6. 5 MB - 10 MB' WHEN CAST(dv.content_size AS numeric) BETWEEN 10485760 AND 26214399 THEN '7. 10 MB - 25 MB' WHEN CAST(dv.content_size AS numeric) BETWEEN 26214400 AND 52428799 THEN '8. 25 MB - 50 MB' WHEN CAST(dv.content_size AS numeric) BETWEEN 52428800 AND 104857599 THEN '9. 50 MB - 100 MB' ELSE '10. Over 100 MB' END AS size_range, COUNT(dv.object_id) AS total_documents, COALESCE(SUM(CAST(dv.content_size AS numeric)), 0) AS total_size_bytes, CAST(COALESCE(SUM(CAST(dv.content_size AS numeric)), 0) / 1048576.0 AS numeric(15, 6)) AS total_size_mb, CAST(COALESCE(SUM(CAST(dv.content_size AS numeric)), 0) / 1073741824.0 AS numeric(15, 6)) AS total_size_gb FROM ccol.docversion_source dv LEFT JOIN ccol.classdef cd ON dv.object_class_id = cd.object_id  WHERE 1=1 AND cd.symbolic_name IN (?) GROUP BY size_range ORDER BY size_range | Params: [CollectionsNotice]
2026-07-16 08:51:01 [INFO ] [http-nio-8080-exec-8] c.m.service.DiscoveryService : [DISCOVERY] Report executed in 14ms. Found 4 records.
2026-07-16 08:51:01 [INFO ] [http-nio-8080-exec-8] c.m.controller.DiscoveryController : [DISCOVERY] 'size-bucket' report generated in 14ms. Found 4 records.
2026-07-16 08:51:01 [INFO ] [http-nio-8080-exec-8] c.m.controller.DiscoveryController : Ending method: generateReport
2026-07-16 08:51:04 [INFO ] [http-nio-8080-exec-9] c.m.controller.DiscoveryController : Starting method: generateReport with arguments: endpoint=doc-year-wise, criteria=com.migrationreport.dto.DiscoveryCriteria@4ff3d340
2026-07-16 08:51:04 [INFO ] [http-nio-8080-exec-9] c.m.controller.DiscoveryController : [DISCOVERY] Generating 'doc-year-wise' report for App: 'ccol'
2026-07-16 08:51:04 [INFO ] [http-nio-8080-exec-9] c.m.service.DiscoveryService : [DISCOVERY] Executing Report Endpoint: 'doc-year-wise' | SQL: SELECT cd.symbolic_name AS class_name, EXTRACT(YEAR FROM CAST(dv.CREATE_DATE AS TIMESTAMP)) AS creation_year, COUNT(dv.object_id) AS total_documents FROM ccol.docversion_source dv INNER JOIN ccol.classdef cd ON dv.object_class_id = cd.object_id  WHERE 1=1 AND cd.symbolic_name IN (?) AND dv.CREATE_DATE IS NOT NULL GROUP BY cd.symbolic_name, EXTRACT(YEAR FROM CAST(dv.CREATE_DATE AS TIMESTAMP)) ORDER BY cd.symbolic_name, creation_year | Params: [CollectionsNotice]
2026-07-16 08:51:04 [INFO ] [http-nio-8080-exec-9] c.m.service.DiscoveryService : [DISCOVERY] Report executed in 0ms. Found 2 records.
2026-07-16 08:51:04 [INFO ] [http-nio-8080-exec-9] c.m.controller.DiscoveryController : [DISCOVERY] 'doc-year-wise' report generated in 15ms. Found 2 records.
2026-07-16 08:51:04 [INFO ] [http-nio-8080-exec-9] c.m.controller.DiscoveryController : Ending method: generateReport
2026-07-16 08:51:06 [INFO ] [http-nio-8080-exec-10] c.m.controller.DiscoveryController : Starting method: generateReport with arguments: endpoint=doc-year-month, criteria=com.migrationreport.dto.DiscoveryCriteria@884814a
2026-07-16 08:51:06 [INFO ] [http-nio-8080-exec-10] c.m.controller.DiscoveryController : [DISCOVERY] Generating 'doc-year-month' report for App: 'ccol'
2026-07-16 08:51:06 [INFO ] [http-nio-8080-exec-10] c.m.service.DiscoveryService : [DISCOVERY] Executing Report Endpoint: 'doc-year-month' | SQL: SELECT cd.symbolic_name AS class_name, EXTRACT(YEAR FROM CAST(dv.CREATE_DATE AS TIMESTAMP)) AS creation_year, EXTRACT(MONTH FROM CAST(dv.CREATE_DATE AS TIMESTAMP)) AS creation_month, COUNT(dv.object_id) AS total_documents FROM ccol.docversion_source dv INNER JOIN ccol.classdef cd ON dv.object_class_id = cd.object_id  WHERE 1=1 AND cd.symbolic_name IN (?) AND dv.CREATE_DATE IS NOT NULL GROUP BY cd.symbolic_name, EXTRACT(YEAR FROM CAST(dv.CREATE_DATE AS TIMESTAMP)), EXTRACT(MONTH FROM CAST(dv.CREATE_DATE AS TIMESTAMP)) ORDER BY cd.symbolic_name, creation_year, creation_month | Params: [CollectionsNotice]
2026-07-16 08:51:06 [INFO ] [http-nio-8080-exec-10] c.m.service.DiscoveryService : [DISCOVERY] Report executed in 0ms. Found 10 records.
2026-07-16 08:51:06 [INFO ] [http-nio-8080-exec-10] c.m.controller.DiscoveryController : [DISCOVERY] 'doc-year-month' report generated in 0ms. Found 10 records.
2026-07-16 08:51:06 [INFO ] [http-nio-8080-exec-10] c.m.controller.DiscoveryController : Ending method: generateReport
2026-07-16 08:51:07 [INFO ] [http-nio-8080-exec-1] c.m.c.ConfigurationController : Starting method: getConfig
2026-07-16 08:51:07 [INFO ] [http-nio-8080-exec-1] c.m.c.ConfigurationController : [CONFIG] Fetching cached tenant configuration
2026-07-16 08:51:07 [INFO ] [http-nio-8080-exec-1] c.m.c.ConfigurationController : Ending method: getConfig
2026-07-16 08:51:07 [INFO ] [http-nio-8080-exec-3] c.m.c.ConfigurationController : Starting method: getConfig
2026-07-16 08:51:07 [INFO ] [http-nio-8080-exec-3] c.m.c.ConfigurationController : [CONFIG] Fetching cached tenant configuration
2026-07-16 08:51:07 [INFO ] [http-nio-8080-exec-3] c.m.c.ConfigurationController : Ending method: getConfig
2026-07-16 08:51:08 [INFO ] [http-nio-8080-exec-5] c.m.controller.DiscoveryController : Starting method: getDocumentClasses with arguments: appId=ccol
2026-07-16 08:51:08 [INFO ] [http-nio-8080-exec-2] c.m.controller.ExceptionController : Starting method: getMetadataFields with arguments: appId=ccol
2026-07-16 08:51:08 [INFO ] [http-nio-8080-exec-5] c.m.controller.DiscoveryController : Ending method: getDocumentClasses
2026-07-16 08:51:08 [INFO ] [http-nio-8080-exec-2] c.m.controller.ExceptionController : Ending method: getMetadataFields
2026-07-16 08:51:16 [INFO ] [http-nio-8080-exec-6] c.m.controller.ExceptionController : Starting method: checkExceptions with arguments: criteria=com.migrationreport.dto.ExceptionCriteria@5c8d87f8
2026-07-16 08:51:16 [INFO ] [http-nio-8080-exec-6] c.m.controller.ExceptionController : [EXCEPTIONS] Checking exceptions for Application: 'ccol'
2026-07-16 08:51:16 [INFO ] [http-nio-8080-exec-6] c.m.service.ExceptionService : [EXCEPTIONS] Executing lookup SQL: SELECT dv.object_id FROM ccol.docversion_source dv INNER JOIN ccol.classdef cd ON dv.object_class_id = cd.object_id WHERE 1=1 AND LOWER(dv.object_id) = LOWER(?) AND cd.symbolic_name IN (?) | Params: [DF75F25B90B4C2C8540B3818B8EF09855, CollectionsNotice]
2026-07-16 08:51:16 [INFO ] [http-nio-8080-exec-6] c.m.service.ExceptionService : [EXCEPTIONS] Found 1 target IDs in 1ms
2026-07-16 08:51:16 [INFO ] [http-nio-8080-exec-6] c.m.service.ExceptionService : [EXCEPTIONS] Querying Source, Staging, Target tables for 1 object IDs
2026-07-16 08:51:16 [INFO ] [http-nio-8080-exec-6] c.m.service.ExceptionService : [EXCEPTIONS] Data retrieval completed in 7ms. Source: 1, Staging: 1, Target: 1
2026-07-16 08:51:16 [INFO ] [http-nio-8080-exec-6] c.m.controller.ExceptionController : [EXCEPTIONS] Exception check completed in 30ms.
2026-07-16 08:51:16 [INFO ] [http-nio-8080-exec-6] c.m.controller.ExceptionController : Ending method: checkExceptions
2026-07-16 08:52:49 [INFO ] [http-nio-8080-exec-8] c.m.controller.ExceptionController : Starting method: checkExceptions with arguments: criteria=com.migrationreport.dto.ExceptionCriteria@7473d210
2026-07-16 08:52:49 [INFO ] [http-nio-8080-exec-8] c.m.controller.ExceptionController : [EXCEPTIONS] Checking exceptions for Application: 'ccol'
2026-07-16 08:52:49 [INFO ] [http-nio-8080-exec-8] c.m.service.ExceptionService : [EXCEPTIONS] Executing lookup SQL: SELECT dv.object_id FROM ccol.docversion_source dv INNER JOIN ccol.classdef cd ON dv.object_class_id = cd.object_id WHERE 1=1 AND cd.symbolic_name IN (?) AND (dv.uc7a6_order_no = ?) | Params: [CollectionsNotice, ORD-113272]
2026-07-16 08:52:49 [INFO ] [http-nio-8080-exec-8] c.m.service.ExceptionService : [EXCEPTIONS] Found 1 target IDs in 0ms
2026-07-16 08:52:49 [INFO ] [http-nio-8080-exec-8] c.m.service.ExceptionService : [EXCEPTIONS] Querying Source, Staging, Target tables for 1 object IDs
2026-07-16 08:52:49 [INFO ] [http-nio-8080-exec-8] c.m.service.ExceptionService : [EXCEPTIONS] Data retrieval completed in 4ms. Source: 1, Staging: 1, Target: 1
2026-07-16 08:52:49 [INFO ] [http-nio-8080-exec-8] c.m.controller.ExceptionController : [EXCEPTIONS] Exception check completed in 29ms.
2026-07-16 08:52:49 [INFO ] [http-nio-8080-exec-8] c.m.controller.ExceptionController : Ending method: checkExceptions
2026-07-16 08:53:37 [INFO ] [http-nio-8080-exec-1] c.m.c.ConfigurationController : Starting method: getConfig
2026-07-16 08:53:37 [INFO ] [http-nio-8080-exec-1] c.m.c.ConfigurationController : [CONFIG] Fetching cached tenant configuration
2026-07-16 08:53:37 [INFO ] [http-nio-8080-exec-1] c.m.c.ConfigurationController : Ending method: getConfig
2026-07-16 08:53:37 [INFO ] [http-nio-8080-exec-3] c.m.c.ConfigurationController : Starting method: getConfig
2026-07-16 08:53:37 [INFO ] [http-nio-8080-exec-3] c.m.c.ConfigurationController : [CONFIG] Fetching cached tenant configuration
2026-07-16 08:53:37 [INFO ] [http-nio-8080-exec-3] c.m.c.ConfigurationController : Ending method: getConfig
2026-07-16 08:53:37 [INFO ] [http-nio-8080-exec-5] c.m.c.ColumnConfigController : Starting method: getReconciliationProperties
2026-07-16 08:53:37 [INFO ] [http-nio-8080-exec-5] c.m.c.ColumnConfigController : Ending method: getReconciliationProperties
2026-07-16 08:53:37 [INFO ] [http-nio-8080-exec-2] c.m.c.ColumnConfigController : Starting method: getReconciliationProperties
2026-07-16 08:53:37 [INFO ] [http-nio-8080-exec-2] c.m.c.ColumnConfigController : Ending method: getReconciliationProperties
2026-07-16 08:53:38 [INFO ] [http-nio-8080-exec-6] c.m.controller.DiscoveryController : Starting method: getDocumentClasses with arguments: appId=ccol
2026-07-16 08:53:38 [INFO ] [http-nio-8080-exec-6] c.m.controller.DiscoveryController : Ending method: getDocumentClasses
2026-07-16 08:53:43 [INFO ] [http-nio-8080-exec-4] c.m.controller.DeliverableController : Starting method: getMigrationReport with arguments: DeliverableRequest(applicationName=Ccol, documentClass=CollectionsNotice, createdDate=null, startDate=null, endDate=null, migrationStatus=null)
2026-07-16 08:53:43 [INFO ] [http-nio-8080-exec-4] c.m.controller.DeliverableController : [DELIVERABLES] Generating migration report for application: Ccol
2026-07-16 08:53:43 [INFO ] [http-nio-8080-exec-4] c.m.service.DeliverableService : [DELIVERABLE] Executing Aggregated Query | SQL: SELECT object_class_id AS documentclass, COUNT(*) AS totaldocuments, COALESCE(SUM(COALESCE(CAST(content_size AS numeric),0))/1073741824.0,0) AS totalfilesizegb, COUNT(CASE WHEN LOWER(migration_status) IN ('success','migrated') THEN 1 END) AS extractedfilenet, COUNT(CASE WHEN LOWER(migration_status) = 'failed' THEN 1 END) AS extractionfailed, COUNT(CASE WHEN LOWER(migration_status) NOT IN ('success','migrated','failed') THEN 1 END) AS remaining, COALESCE(SUM(CASE WHEN LOWER(migration_status) IN ('success','migrated') THEN COALESCE(CAST(content_size AS numeric),0) ELSE 0 END)/1073741824.0,0) AS extractedfilesizegb, CASE WHEN COUNT(*)>0 THEN ROUND(COUNT(CASE WHEN LOWER(migration_status) IN ('success','migrated') THEN 1 END)*100.0/COUNT(*),2) ELSE 0 END AS percentcompletion, CASE WHEN COUNT(*)>0 THEN ROUND(COUNT(CASE WHEN LOWER(migration_status) = 'failed' THEN 1 END)*100.0/COUNT(*),2) ELSE 0 END AS percentfailed, 0.0 AS migrationruntimedays FROM ccol.docversion_staging WHERE 1=1 AND object_class_id IN (SELECT object_id FROM ccol.classdef WHERE LOWER(symbolic_name) = LOWER(?)) GROUP BY object_class_id ORDER BY object_class_id | Params: [CollectionsNotice]
2026-07-16 08:53:43 [INFO ] [http-nio-8080-exec-4] c.m.controller.DeliverableController : [DELIVERABLES] Migration report generated in 15ms. Rows: 1
2026-07-16 08:53:43 [INFO ] [http-nio-8080-exec-4] c.m.controller.DeliverableController : Ending method: getMigrationReport
2026-07-16 08:55:23 [INFO ] [http-nio-8080-exec-10] c.m.controller.DeliverableController : Starting method: getMigrationReport with arguments: DeliverableRequest(applicationName=Ccol, documentClass=CollectionsNotice, createdDate=null, startDate=null, endDate=null, migrationStatus=Success)
2026-07-16 08:55:23 [INFO ] [http-nio-8080-exec-10] c.m.controller.DeliverableController : [DELIVERABLES] Generating migration report for application: Ccol
2026-07-16 08:55:23 [INFO ] [http-nio-8080-exec-10] c.m.service.DeliverableService : [DELIVERABLE] Executing Detailed Query | SQL: SELECT object_id, mime_type, content_size, u12a8_targetobjectstorename, u12f8_total_charges, u1708_documenttitle, u1aa2_ignoreredirect, u1b08_layoutversionseriesid, u1ce8_layoutid, u2918_entrytemplatedescription, u2a76_cmsearchschemaversion, u2d52_icnautorun, u2e28_componentbindinglabel, u3463_date, u3975_targetobjectclassid, u4078_text_field, u4df8_total_amount_due, u51b8_pickup_date, u5948_entrytemplatelaunchedwor, u5ce8_entrytemplateobjectstore, u63a8_preferencetype, u6618_billing_date, u6a98_pickup_location, u7198_sticky_field, u76f8_targetobjecttype, u8bd6_searchingobjecttype, u9855_entrytemplateid, u9bb8_return_location, u9df8_order_num, ua0c2_icnshowintree, ua6e8_total_cost, ua8c8_user_name, uab58_due_date, ub168_searchingobjectstores, ube06_searchtype, uc7a6_order_no, ud5e8_address, ud818_applicationname, ue148_targetsiteid, ue4b8_description, ue828_return_date, uea28_car_type, ufaf6_billing_number, extracted_status, extracted_date, migrated_date, migration_status, error_info, filefullpath, folderpath, retrivalname, p8_doc_id FROM ccol.docversion_staging WHERE 1=1 AND object_class_id IN (SELECT object_id FROM ccol.classdef WHERE LOWER(symbolic_name) = LOWER(?)) AND LOWER(migration_status) IN ('success', 'migrated') LIMIT 5000 | Params: [CollectionsNotice]
2026-07-16 08:55:23 [INFO ] [http-nio-8080-exec-10] c.m.controller.DeliverableController : [DELIVERABLES] Migration report generated in 24ms. Rows: 21
2026-07-16 08:55:23 [INFO ] [http-nio-8080-exec-10] c.m.controller.DeliverableController : Ending method: getMigrationReport
2026-07-16 08:56:16 [INFO ] [http-nio-8080-exec-3] c.m.controller.DeliverableController : Starting method: getMigrationReport with arguments: DeliverableRequest(applicationName=Ccol, documentClass=CollectionsNotice, createdDate=null, startDate=null, endDate=null, migrationStatus=Failed)
2026-07-16 08:56:16 [INFO ] [http-nio-8080-exec-3] c.m.controller.DeliverableController : [DELIVERABLES] Generating migration report for application: Ccol
2026-07-16 08:56:16 [INFO ] [http-nio-8080-exec-3] c.m.service.DeliverableService : [DELIVERABLE] Executing Detailed Query | SQL: SELECT object_id, mime_type, content_size, u12a8_targetobjectstorename, u12f8_total_charges, u1708_documenttitle, u1aa2_ignoreredirect, u1b08_layoutversionseriesid, u1ce8_layoutid, u2918_entrytemplatedescription, u2a76_cmsearchschemaversion, u2d52_icnautorun, u2e28_componentbindinglabel, u3463_date, u3975_targetobjectclassid, u4078_text_field, u4df8_total_amount_due, u51b8_pickup_date, u5948_entrytemplatelaunchedwor, u5ce8_entrytemplateobjectstore, u63a8_preferencetype, u6618_billing_date, u6a98_pickup_location, u7198_sticky_field, u76f8_targetobjecttype, u8bd6_searchingobjecttype, u9855_entrytemplateid, u9bb8_return_location, u9df8_order_num, ua0c2_icnshowintree, ua6e8_total_cost, ua8c8_user_name, uab58_due_date, ub168_searchingobjectstores, ube06_searchtype, uc7a6_order_no, ud5e8_address, ud818_applicationname, ue148_targetsiteid, ue4b8_description, ue828_return_date, uea28_car_type, ufaf6_billing_number, extracted_status, extracted_date, migrated_date, migration_status, error_info, filefullpath, folderpath, retrivalname, p8_doc_id FROM ccol.docversion_staging WHERE 1=1 AND object_class_id IN (SELECT object_id FROM ccol.classdef WHERE LOWER(symbolic_name) = LOWER(?)) AND LOWER(migration_status) = 'failed' LIMIT 5000 | Params: [CollectionsNotice]
2026-07-16 08:56:16 [INFO ] [http-nio-8080-exec-3] c.m.controller.DeliverableController : [DELIVERABLES] Migration report generated in 15ms. Rows: 6
2026-07-16 08:56:16 [INFO ] [http-nio-8080-exec-3] c.m.controller.DeliverableController : Ending method: getMigrationReport
2026-07-16 08:56:57 [INFO ] [http-nio-8080-exec-6] c.m.c.ConfigurationController : Starting method: getConfig
2026-07-16 08:56:57 [INFO ] [http-nio-8080-exec-6] c.m.c.ConfigurationController : [CONFIG] Fetching cached tenant configuration
2026-07-16 08:56:57 [INFO ] [http-nio-8080-exec-6] c.m.c.ConfigurationController : Ending method: getConfig
2026-07-16 08:56:57 [INFO ] [http-nio-8080-exec-7] c.m.c.ConfigurationController : Starting method: getConfig
2026-07-16 08:56:57 [INFO ] [http-nio-8080-exec-7] c.m.c.ConfigurationController : [CONFIG] Fetching cached tenant configuration
2026-07-16 08:56:57 [INFO ] [http-nio-8080-exec-7] c.m.c.ConfigurationController : Ending method: getConfig
2026-07-16 08:56:58 [INFO ] [http-nio-8080-exec-4] c.m.controller.DiscoveryController : Starting method: getDocumentClasses with arguments: appId=ccol
2026-07-16 08:56:58 [INFO ] [http-nio-8080-exec-4] c.m.controller.DiscoveryController : Ending method: getDocumentClasses
2026-07-16 08:57:02 [INFO ] [http-nio-8080-exec-8] c.m.controller.ChecksumController : Starting method: getReport with arguments: ChecksumReportRequest(appId=ccol, documentClass=CollectionsNotice, fromDate=null, toDate=null, migrationStatus=Success)
2026-07-16 08:57:02 [INFO ] [http-nio-8080-exec-8] c.m.controller.ChecksumController : [CHECKSUM] Generating checksum report for Application: 'ccol'
2026-07-16 08:57:02 [INFO ] [http-nio-8080-exec-8] c.m.service.ChecksumService : [CHECKSUM] Executing SQL: SELECT c.documentid, c.checksumbefore, c.checksumafter, c.filename, c.checksum_status, s.* FROM ccol.ischecksumtable c INNER JOIN ccol.docversion_staging s ON c.documentid = s.object_id WHERE 1=1 AND LOWER(s.migration_status) IN ('success', 'migrated') AND s.object_class_id IN (SELECT object_id FROM ccol.classdef WHERE LOWER(symbolic_name) = LOWER(?)) | Params: [CollectionsNotice]
2026-07-16 08:57:02 [INFO ] [http-nio-8080-exec-8] c.m.service.ChecksumService : [CHECKSUM] Query executed in 14ms. Found 42 records.
2026-07-16 08:57:02 [INFO ] [http-nio-8080-exec-8] c.m.controller.ChecksumController : [CHECKSUM] Checksum report generated in 32ms. Total Records Analyzed: 42
2026-07-16 08:57:02 [INFO ] [http-nio-8080-exec-8] c.m.controller.ChecksumController : Ending method: getReport
2026-07-16 09:24:02 [INFO ] [RMI TCP Connection(37)-127.0.0.1] o.s.b.a.SpringApplicationAdminMXBeanRegistrar$SpringApplicationAdmin : Application shutdown requested.
2026-07-16 09:24:02 [INFO ] [RMI TCP Connection(37)-127.0.0.1] o.s.boot.tomcat.GracefulShutdown : Commencing graceful shutdown. Waiting for active requests to complete
2026-07-16 09:24:02 [INFO ] [tomcat-shutdown] o.s.boot.tomcat.GracefulShutdown : Graceful shutdown complete
2026-07-16 09:24:02 [INFO ] [RMI TCP Connection(37)-127.0.0.1] o.s.o.j.LocalContainerEntityManagerFactoryBean : Closing JPA EntityManagerFactory for persistence unit 'default'
2026-07-16 09:24:02 [INFO ] [RMI TCP Connection(37)-127.0.0.1] com.zaxxer.hikari.HikariDataSource : HikariPool-1 - Shutdown initiated...
2026-07-16 09:24:02 [INFO ] [RMI TCP Connection(37)-127.0.0.1] com.zaxxer.hikari.HikariDataSource : HikariPool-1 - Shutdown completed.2026-07-16 16:30:16 [INFO ] [RMI TCP Connection(228)-127.0.0.1] o.s.b.a.SpringApplicationAdminMXBeanRegistrar$SpringApplicationAdmin : Application shutdown requested.
2026-07-16 16:30:16 [INFO ] [RMI TCP Connection(228)-127.0.0.1] o.s.boot.tomcat.GracefulShutdown : Commencing graceful shutdown. Waiting for active requests to complete
2026-07-16 16:30:16 [INFO ] [tomcat-shutdown] o.s.boot.tomcat.GracefulShutdown : Graceful shutdown complete
2026-07-16 16:30:16 [INFO ] [RMI TCP Connection(228)-127.0.0.1] o.s.o.j.LocalContainerEntityManagerFactoryBean : Closing JPA EntityManagerFactory for persistence unit 'default'
2026-07-16 16:30:16 [INFO ] [RMI TCP Connection(228)-127.0.0.1] com.zaxxer.hikari.HikariDataSource : HikariPool-1 - Shutdown initiated...
2026-07-16 16:30:16 [INFO ] [RMI TCP Connection(228)-127.0.0.1] com.zaxxer.hikari.HikariDataSource : HikariPool-1 - Shutdown completed.
