2026-07-16 08:25:13 [INFO ] [main] c.m.MigrationReportApplication : Starting MigrationReportApplication using Java 21.0.1 with PID 29380 (D:\MigrationReportTool\Backend\MigrationReport\target\classes started by Shaik Firoz in D:\MigrationReportTool\Backend\MigrationReport)
2026-07-16 08:25:13 [INFO ] [main] c.m.MigrationReportApplication : No active profile set, falling back to 1 default profile: "default"
2026-07-16 08:25:14 [INFO ] [main] o.s.d.r.c.RepositoryConfigurationDelegate : Bootstrapping Spring Data JPA repositories in DEFAULT mode.
2026-07-16 08:25:14 [INFO ] [main] o.s.d.r.c.RepositoryConfigurationDelegate : Finished Spring Data repository scanning in 62 ms. Found 2 JPA repository interfaces.
2026-07-16 08:25:15 [INFO ] [main] o.s.boot.tomcat.TomcatWebServer : Tomcat initialized with port 8080 (http)
2026-07-16 08:25:15 [INFO ] [main] o.a.catalina.core.StandardService : Starting service [Tomcat]
2026-07-16 08:25:15 [INFO ] [main] o.a.catalina.core.StandardEngine : Starting Servlet engine: [Apache Tomcat/11.0.22]
2026-07-16 08:25:15 [INFO ] [main] o.s.b.w.c.s.WebApplicationContextInitializer : Root WebApplicationContext: initialization completed in 1724 ms
2026-07-16 08:25:15 [INFO ] [main] c.m.config.DataSourceConfig : [CONFIG] Loaded database configuration for active type postgres from D:\MigrationReportTool\Backend\MigrationReport\config\db-config.json
2026-07-16 08:25:15 [INFO ] [main] org.hibernate.orm.jpa : HHH008540: Processing PersistenceUnitInfo [name: default]
2026-07-16 08:25:16 [INFO ] [main] org.hibernate.orm.core : HHH000001: Hibernate ORM core version 7.4.1.Final
2026-07-16 08:25:16 [INFO ] [main] o.s.o.j.p.SpringPersistenceUnitInfo : No LoadTimeWeaver setup: ignoring JPA class transformer
2026-07-16 08:25:16 [INFO ] [main] com.zaxxer.hikari.HikariDataSource : HikariPool-1 - Starting...
2026-07-16 08:25:17 [INFO ] [main] com.zaxxer.hikari.pool.HikariPool : HikariPool-1 - Added connection org.postgresql.jdbc.PgConnection@2d3d4a54
2026-07-16 08:25:17 [INFO ] [main] com.zaxxer.hikari.HikariDataSource : HikariPool-1 - Start completed.
2026-07-16 08:25:17 [INFO ] [main] o.hibernate.orm.connections.pooling : HHH10001005: Database info:
	Database JDBC URL [jdbc:postgresql://localhost:5432/P8Migration]
	Database driver: PostgreSQL JDBC Driver
	Database dialect: PostgreSQLDialect
	Database version: 16.9
	Default catalog/schema: P8Migration/public
	Autocommit mode: undefined/unknown
	Isolation level: READ_COMMITTED [default READ_COMMITTED]
	JDBC fetch size: none
	Pool: DataSourceConnectionProvider
	Minimum pool size: undefined/unknown
	Maximum pool size: undefined/unknown
2026-07-16 08:25:18 [INFO ] [main] org.hibernate.orm.core : HHH000489: No JTA platform available (set 'hibernate.transaction.jta.platform' to enable JTA platform integration)
2026-07-16 08:25:18 [INFO ] [main] o.s.o.j.LocalContainerEntityManagerFactoryBean : Initialized JPA EntityManagerFactory for persistence unit 'default'
2026-07-16 08:25:18 [INFO ] [main] o.s.d.j.r.q.QueryEnhancerFactories : Hibernate is in classpath; If applicable, HQL parser will be used.
2026-07-16 08:25:18 [INFO ] [main] c.m.service.ConfigurationService : [CONFIG] Loading tenant configuration from D:\MigrationReportTool\Backend\MigrationReport\config\tenant-mappings.json
2026-07-16 08:25:18 [INFO ] [main] c.m.service.ConfigurationService : [CONFIG] Loaded 2 applications from config.
2026-07-16 08:25:18 [INFO ] [main] c.m.dialect.DialectConfig : [DIALECT] Initializing PostgreSQL Dialect provider...
2026-07-16 08:25:18 [WARN ] [main] o.s.b.j.a.JpaBaseConfiguration$JpaWebConfiguration : spring.jpa.open-in-view is enabled by default. Therefore, database queries may be performed during view rendering. Explicitly configure spring.jpa.open-in-view to disable this warning
2026-07-16 08:25:19 [INFO ] [main] o.s.boot.tomcat.TomcatWebServer : Tomcat started on port 8080 (http) with context path '/'
2026-07-16 08:25:19 [INFO ] [main] c.m.MigrationReportApplication : Started MigrationReportApplication in 6.442 seconds (process running for 7.402)
2026-07-16 08:26:37 [INFO ] [http-nio-8080-exec-1] o.a.c.c.C.[Tomcat].[localhost].[/] : Initializing Spring DispatcherServlet 'dispatcherServlet'
2026-07-16 08:26:37 [INFO ] [http-nio-8080-exec-1] o.s.web.servlet.DispatcherServlet : Initializing Servlet 'dispatcherServlet'
2026-07-16 08:26:37 [INFO ] [http-nio-8080-exec-1] o.s.web.servlet.DispatcherServlet : Completed initialization in 2 ms
2026-07-16 08:26:38 [INFO ] [http-nio-8080-exec-3] c.m.c.ConfigurationController : [CONFIG] Fetching cached tenant configuration
2026-07-16 08:26:39 [INFO ] [http-nio-8080-exec-4] c.m.c.ConfigurationController : [CONFIG] Fetching cached tenant configuration
2026-07-16 08:27:15 [INFO ] [http-nio-8080-exec-5] c.m.controller.DiscoveryController : Starting method: getDocumentClasses with arguments: appId=ccol
2026-07-16 08:27:15 [INFO ] [http-nio-8080-exec-5] c.m.controller.DiscoveryController : Ending method: getDocumentClasses
2026-07-16 08:27:43 [INFO ] [http-nio-8080-exec-9] c.m.controller.DiscoveryController : Starting method: generateReport with arguments: endpoint=custom-object-trend, criteria=com.migrationreport.dto.DiscoveryCriteria@133fb1
2026-07-16 08:27:43 [INFO ] [http-nio-8080-exec-9] c.m.controller.DiscoveryController : [DISCOVERY] Generating 'custom-object-trend' report for App: 'ccol'
2026-07-16 08:27:43 [INFO ] [http-nio-8080-exec-9] c.m.service.DiscoveryService : [DISCOVERY] Executing Report Endpoint: 'custom-object-trend' | SQL: SELECT cd.symbolic_name AS class_name, EXTRACT(YEAR FROM CAST(dv.CREATE_DATE AS TIMESTAMP)) AS creation_year, EXTRACT(MONTH FROM CAST(dv.CREATE_DATE AS TIMESTAMP)) AS creation_month, COUNT(dv.object_id) AS total_documents FROM ccol.customobject dv INNER JOIN ccol.classdef cd ON dv.object_class_id = cd.object_id  WHERE 1=1 AND cd.symbolic_name IN (?) AND dv.CREATE_DATE IS NOT NULL GROUP BY cd.symbolic_name, EXTRACT(YEAR FROM CAST(dv.CREATE_DATE AS TIMESTAMP)), EXTRACT(MONTH FROM CAST(dv.CREATE_DATE AS TIMESTAMP)) ORDER BY cd.symbolic_name, creation_year, creation_month | Params: [CollectionsNotice]
2026-07-16 08:27:43 [INFO ] [http-nio-8080-exec-9] c.m.service.DiscoveryService : [DISCOVERY] Report executed in 6ms. Found 5 records.
2026-07-16 08:27:43 [INFO ] [http-nio-8080-exec-9] c.m.controller.DiscoveryController : [DISCOVERY] 'custom-object-trend' report generated in 15ms. Found 5 records.
2026-07-16 08:27:43 [INFO ] [http-nio-8080-exec-9] c.m.controller.DiscoveryController : Ending method: generateReport
2026-07-16 08:29:24 [INFO ] [http-nio-8080-exec-1] c.m.controller.DiscoveryController : Starting method: generateReport with arguments: endpoint=doc-count, criteria=com.migrationreport.dto.DiscoveryCriteria@180ab682
2026-07-16 08:29:24 [INFO ] [http-nio-8080-exec-1] c.m.controller.DiscoveryController : [DISCOVERY] Generating 'doc-count' report for App: 'ccol'
2026-07-16 08:29:24 [INFO ] [http-nio-8080-exec-1] c.m.service.DiscoveryService : [DISCOVERY] Executing Report Endpoint: 'doc-count' | SQL: SELECT cd.symbolic_name AS class_name, MIN(dv.CREATE_DATE) AS earliest_created, MAX(dv.CREATE_DATE) AS latest_created, COUNT(dv.object_id) AS total_documents, COALESCE(SUM(CAST(dv.content_size AS numeric)), 0) AS total_size_bytes, COALESCE(MIN(CAST(dv.content_size AS numeric)), 0) AS min_size_bytes, COALESCE(MAX(CAST(dv.content_size AS numeric)), 0) AS max_size_bytes, CAST(COALESCE(SUM(CAST(dv.content_size AS numeric)), 0) / 1073741824.0 AS numeric(15, 6)) AS total_size_gb FROM ccol.docversion_source dv INNER JOIN ccol.classdef cd ON dv.object_class_id = cd.object_id  WHERE 1=1 AND cd.symbolic_name IN (?) AND dv.CREATE_DATE IS NOT NULL GROUP BY cd.symbolic_name ORDER BY class_name | Params: [CollectionsNotice]
2026-07-16 08:29:24 [INFO ] [http-nio-8080-exec-1] c.m.service.DiscoveryService : [DISCOVERY] Report executed in 18ms. Found 1 records.
2026-07-16 08:29:24 [INFO ] [http-nio-8080-exec-1] c.m.controller.DiscoveryController : [DISCOVERY] 'doc-count' report generated in 37ms. Found 1 records.
2026-07-16 08:29:24 [INFO ] [http-nio-8080-exec-1] c.m.controller.DiscoveryController : Ending method: generateReport
2026-07-16 08:31:20 [INFO ] [http-nio-8080-exec-4] c.m.controller.DiscoveryController : Starting method: generateReport with arguments: endpoint=doc-mime, criteria=com.migrationreport.dto.DiscoveryCriteria@9ce846e
2026-07-16 08:31:20 [INFO ] [http-nio-8080-exec-4] c.m.controller.DiscoveryController : [DISCOVERY] Generating 'doc-mime' report for App: 'ccol'
2026-07-16 08:31:20 [INFO ] [http-nio-8080-exec-4] c.m.service.DiscoveryService : [DISCOVERY] Executing Report Endpoint: 'doc-mime' | SQL: SELECT COALESCE(dv.mime_type, 'No MIME Type') AS mime_type, COUNT(*) AS doc_count FROM ccol.docversion_source dv LEFT JOIN ccol.classdef cd ON dv.object_class_id = cd.object_id  WHERE 1=1 AND cd.symbolic_name IN (?) GROUP BY COALESCE(dv.mime_type, 'No MIME Type') ORDER BY doc_count DESC | Params: [CollectionsNotice]
2026-07-16 08:31:20 [INFO ] [http-nio-8080-exec-4] c.m.service.DiscoveryService : [DISCOVERY] Report executed in 5ms. Found 7 records.
2026-07-16 08:31:20 [INFO ] [http-nio-8080-exec-4] c.m.controller.DiscoveryController : [DISCOVERY] 'doc-mime' report generated in 14ms. Found 7 records.
2026-07-16 08:31:20 [INFO ] [http-nio-8080-exec-4] c.m.controller.DiscoveryController : Ending method: generateReport
2026-07-16 08:31:53 [INFO ] [http-nio-8080-exec-6] c.m.controller.DiscoveryController : Starting method: generateReport with arguments: endpoint=size-bucket, criteria=com.migrationreport.dto.DiscoveryCriteria@1432fad3
2026-07-16 08:31:53 [INFO ] [http-nio-8080-exec-6] c.m.controller.DiscoveryController : [DISCOVERY] Generating 'size-bucket' report for App: 'ccol'
2026-07-16 08:31:53 [INFO ] [http-nio-8080-exec-6] c.m.service.DiscoveryService : [DISCOVERY] Executing Report Endpoint: 'size-bucket' | SQL: SELECT CASE WHEN CAST(dv.content_size AS numeric) IS NULL THEN '0. No Content' WHEN CAST(dv.content_size AS numeric) = 0 THEN '1. Zero Bytes' WHEN CAST(dv.content_size AS numeric) BETWEEN 1 AND 102399 THEN '2. Under 100 KB' WHEN CAST(dv.content_size AS numeric) BETWEEN 102400 AND 511999 THEN '3. 100 KB - 500 KB' WHEN CAST(dv.content_size AS numeric) BETWEEN 512000 AND 1048575 THEN '4. 500 KB - 1 MB' WHEN CAST(dv.content_size AS numeric) BETWEEN 1048576 AND 5242879 THEN '5. 1 MB - 5 MB' WHEN CAST(dv.content_size AS numeric) BETWEEN 5242880 AND 10485759 THEN '6. 5 MB - 10 MB' WHEN CAST(dv.content_size AS numeric) BETWEEN 10485760 AND 26214399 THEN '7. 10 MB - 25 MB' WHEN CAST(dv.content_size AS numeric) BETWEEN 26214400 AND 52428799 THEN '8. 25 MB - 50 MB' WHEN CAST(dv.content_size AS numeric) BETWEEN 52428800 AND 104857599 THEN '9. 50 MB - 100 MB' ELSE '10. Over 100 MB' END AS size_range, COUNT(dv.object_id) AS total_documents, COALESCE(SUM(CAST(dv.content_size AS numeric)), 0) AS total_size_bytes, CAST(COALESCE(SUM(CAST(dv.content_size AS numeric)), 0) / 1048576.0 AS numeric(15, 6)) AS total_size_mb, CAST(COALESCE(SUM(CAST(dv.content_size AS numeric)), 0) / 1073741824.0 AS numeric(15, 6)) AS total_size_gb FROM ccol.docversion_source dv LEFT JOIN ccol.classdef cd ON dv.object_class_id = cd.object_id  WHERE 1=1 AND cd.symbolic_name IN (?) GROUP BY size_range ORDER BY size_range | Params: [CollectionsNotice]
2026-07-16 08:31:53 [INFO ] [http-nio-8080-exec-6] c.m.service.DiscoveryService : [DISCOVERY] Report executed in 5ms. Found 4 records.
2026-07-16 08:31:53 [INFO ] [http-nio-8080-exec-6] c.m.controller.DiscoveryController : [DISCOVERY] 'size-bucket' report generated in 20ms. Found 4 records.
2026-07-16 08:31:53 [INFO ] [http-nio-8080-exec-6] c.m.controller.DiscoveryController : Ending method: generateReport
2026-07-16 08:31:57 [INFO ] [http-nio-8080-exec-9] c.m.controller.DiscoveryController : Starting method: generateReport with arguments: endpoint=doc-year-wise, criteria=com.migrationreport.dto.DiscoveryCriteria@163532e5
2026-07-16 08:31:57 [INFO ] [http-nio-8080-exec-9] c.m.controller.DiscoveryController : [DISCOVERY] Generating 'doc-year-wise' report for App: 'ccol'
2026-07-16 08:31:57 [INFO ] [http-nio-8080-exec-9] c.m.service.DiscoveryService : [DISCOVERY] Executing Report Endpoint: 'doc-year-wise' | SQL: SELECT cd.symbolic_name AS class_name, EXTRACT(YEAR FROM CAST(dv.CREATE_DATE AS TIMESTAMP)) AS creation_year, COUNT(dv.object_id) AS total_documents FROM ccol.docversion_source dv INNER JOIN ccol.classdef cd ON dv.object_class_id = cd.object_id  WHERE 1=1 AND cd.symbolic_name IN (?) AND dv.CREATE_DATE IS NOT NULL GROUP BY cd.symbolic_name, EXTRACT(YEAR FROM CAST(dv.CREATE_DATE AS TIMESTAMP)) ORDER BY cd.symbolic_name, creation_year | Params: [CollectionsNotice]
2026-07-16 08:31:57 [INFO ] [http-nio-8080-exec-9] c.m.service.DiscoveryService : [DISCOVERY] Report executed in 2ms. Found 2 records.
2026-07-16 08:31:57 [INFO ] [http-nio-8080-exec-9] c.m.controller.DiscoveryController : [DISCOVERY] 'doc-year-wise' report generated in 8ms. Found 2 records.
2026-07-16 08:31:57 [INFO ] [http-nio-8080-exec-9] c.m.controller.DiscoveryController : Ending method: generateReport
2026-07-16 08:32:01 [INFO ] [http-nio-8080-exec-10] c.m.controller.DiscoveryController : Starting method: generateReport with arguments: endpoint=doc-year-month, criteria=com.migrationreport.dto.DiscoveryCriteria@3b44529f
2026-07-16 08:32:01 [INFO ] [http-nio-8080-exec-10] c.m.controller.DiscoveryController : [DISCOVERY] Generating 'doc-year-month' report for App: 'ccol'
2026-07-16 08:32:01 [INFO ] [http-nio-8080-exec-10] c.m.service.DiscoveryService : [DISCOVERY] Executing Report Endpoint: 'doc-year-month' | SQL: SELECT cd.symbolic_name AS class_name, EXTRACT(YEAR FROM CAST(dv.CREATE_DATE AS TIMESTAMP)) AS creation_year, EXTRACT(MONTH FROM CAST(dv.CREATE_DATE AS TIMESTAMP)) AS creation_month, COUNT(dv.object_id) AS total_documents FROM ccol.docversion_source dv INNER JOIN ccol.classdef cd ON dv.object_class_id = cd.object_id  WHERE 1=1 AND cd.symbolic_name IN (?) AND dv.CREATE_DATE IS NOT NULL GROUP BY cd.symbolic_name, EXTRACT(YEAR FROM CAST(dv.CREATE_DATE AS TIMESTAMP)), EXTRACT(MONTH FROM CAST(dv.CREATE_DATE AS TIMESTAMP)) ORDER BY cd.symbolic_name, creation_year, creation_month | Params: [CollectionsNotice]
2026-07-16 08:32:01 [INFO ] [http-nio-8080-exec-10] c.m.service.DiscoveryService : [DISCOVERY] Report executed in 0ms. Found 10 records.
2026-07-16 08:32:01 [INFO ] [http-nio-8080-exec-10] c.m.controller.DiscoveryController : [DISCOVERY] 'doc-year-month' report generated in 0ms. Found 10 records.
2026-07-16 08:32:01 [INFO ] [http-nio-8080-exec-10] c.m.controller.DiscoveryController : Ending method: generateReport
2026-07-16 08:32:04 [INFO ] [http-nio-8080-exec-1] c.m.c.ConfigurationController : [CONFIG] Fetching cached tenant configuration
2026-07-16 08:32:04 [INFO ] [http-nio-8080-exec-2] c.m.c.ConfigurationController : [CONFIG] Fetching cached tenant configuration
2026-07-16 08:32:08 [INFO ] [http-nio-8080-exec-3] c.m.controller.DiscoveryController : Starting method: getDocumentClasses with arguments: appId=ccol
2026-07-16 08:32:08 [INFO ] [http-nio-8080-exec-3] c.m.controller.DiscoveryController : Ending method: getDocumentClasses
2026-07-16 08:32:26 [INFO ] [http-nio-8080-exec-6] c.m.controller.ExceptionController : [EXCEPTIONS] Checking exceptions for Application: 'ccol'
2026-07-16 08:32:26 [INFO ] [http-nio-8080-exec-6] c.m.service.ExceptionService : [EXCEPTIONS] Executing lookup SQL: SELECT dv.object_id FROM ccol.docversion_source dv INNER JOIN ccol.classdef cd ON dv.object_class_id = cd.object_id WHERE 1=1 AND LOWER(dv.object_id) = LOWER(?) AND cd.symbolic_name IN (?) | Params: [DF75F25B90B4C2C8540B3818B8EF09855, CollectionsNotice]
2026-07-16 08:32:26 [INFO ] [http-nio-8080-exec-6] c.m.service.ExceptionService : [EXCEPTIONS] Found 1 target IDs in 0ms
2026-07-16 08:32:26 [INFO ] [http-nio-8080-exec-6] c.m.service.ExceptionService : [EXCEPTIONS] Querying Source, Staging, Target tables for 1 object IDs
2026-07-16 08:32:26 [INFO ] [http-nio-8080-exec-6] c.m.service.ExceptionService : [EXCEPTIONS] Data retrieval completed in 27ms. Source: 1, Staging: 1, Target: 1
2026-07-16 08:32:26 [INFO ] [http-nio-8080-exec-6] c.m.controller.ExceptionController : [EXCEPTIONS] Exception check completed in 125ms.
2026-07-16 08:37:13 [INFO ] [http-nio-8080-exec-8] c.m.controller.ExceptionController : [EXCEPTIONS] Checking exceptions for Application: 'ccol'
2026-07-16 08:37:13 [INFO ] [http-nio-8080-exec-8] c.m.service.ExceptionService : [EXCEPTIONS] Executing lookup SQL: SELECT dv.object_id FROM ccol.docversion_source dv INNER JOIN ccol.classdef cd ON dv.object_class_id = cd.object_id WHERE 1=1 AND cd.symbolic_name IN (?) AND (dv.uc7a6_order_no = ? OR dv.uc7a6_order_no = ?) | Params: [CollectionsNotice, ORD-512719, ORD-113272]
2026-07-16 08:37:13 [INFO ] [http-nio-8080-exec-8] c.m.service.ExceptionService : [EXCEPTIONS] Found 2 target IDs in 5ms
2026-07-16 08:37:13 [INFO ] [http-nio-8080-exec-8] c.m.service.ExceptionService : [EXCEPTIONS] Querying Source, Staging, Target tables for 2 object IDs
2026-07-16 08:37:13 [INFO ] [http-nio-8080-exec-8] c.m.service.ExceptionService : [EXCEPTIONS] Data retrieval completed in 7ms. Source: 2, Staging: 2, Target: 2
2026-07-16 08:37:13 [INFO ] [http-nio-8080-exec-8] c.m.controller.ExceptionController : [EXCEPTIONS] Exception check completed in 39ms.
2026-07-16 08:46:47 [INFO ] [RMI TCP Connection(24)-127.0.0.1] o.s.b.a.SpringApplicationAdminMXBeanRegistrar$SpringApplicationAdmin : Application shutdown requested.
2026-07-16 08:46:47 [INFO ] [RMI TCP Connection(24)-127.0.0.1] o.s.boot.tomcat.GracefulShutdown : Commencing graceful shutdown. Waiting for active requests to complete
2026-07-16 08:46:47 [INFO ] [tomcat-shutdown] o.s.boot.tomcat.GracefulShutdown : Graceful shutdown complete
2026-07-16 08:46:47 [INFO ] [RMI TCP Connection(24)-127.0.0.1] o.s.o.j.LocalContainerEntityManagerFactoryBean : Closing JPA EntityManagerFactory for persistence unit 'default'
2026-07-16 08:46:47 [INFO ] [RMI TCP Connection(24)-127.0.0.1] com.zaxxer.hikari.HikariDataSource : HikariPool-1 - Shutdown initiated...
2026-07-16 08:46:47 [INFO ] [RMI TCP Connection(24)-127.0.0.1] com.zaxxer.hikari.HikariDataSource : HikariPool-1 - Shutdown completed.
2026-07-16 08:47:53 [INFO ] [main] c.m.MigrationReportApplication : Starting MigrationReportApplication using Java 21.0.1 with PID 27072 (D:\MigrationReportTool\Backend\MigrationReport\target\classes started by Shaik Firoz in D:\MigrationReportTool\Backend\MigrationReport)
2026-07-16 08:47:53 [INFO ] [main] c.m.MigrationReportApplication : No active profile set, falling back to 1 default profile: "default"
2026-07-16 08:47:54 [INFO ] [main] o.s.d.r.c.RepositoryConfigurationDelegate : Bootstrapping Spring Data JPA repositories in DEFAULT mode.
2026-07-16 08:47:54 [INFO ] [main] o.s.d.r.c.RepositoryConfigurationDelegate : Finished Spring Data repository scanning in 40 ms. Found 2 JPA repository interfaces.
2026-07-16 08:47:54 [INFO ] [main] o.s.boot.tomcat.TomcatWebServer : Tomcat initialized with port 8080 (http)
2026-07-16 08:47:54 [INFO ] [main] o.a.catalina.core.StandardService : Starting service [Tomcat]
2026-07-16 08:47:54 [INFO ] [main] o.a.catalina.core.StandardEngine : Starting Servlet engine: [Apache Tomcat/11.0.22]
2026-07-16 08:47:54 [INFO ] [main] o.s.b.w.c.s.WebApplicationContextInitializer : Root WebApplicationContext: initialization completed in 943 ms
2026-07-16 08:47:54 [INFO ] [main] c.m.config.DataSourceConfig : [CONFIG] Loaded database configuration for active type postgres from D:\MigrationReportTool\Backend\MigrationReport\config\db-config.json
2026-07-16 08:47:55 [INFO ] [main] org.hibernate.orm.jpa : HHH008540: Processing PersistenceUnitInfo [name: default]
2026-07-16 08:47:55 [INFO ] [main] org.hibernate.orm.core : HHH000001: Hibernate ORM core version 7.4.1.Final
2026-07-16 08:47:55 [INFO ] [main] o.s.o.j.p.SpringPersistenceUnitInfo : No LoadTimeWeaver setup: ignoring JPA class transformer
2026-07-16 08:47:55 [INFO ] [main] com.zaxxer.hikari.HikariDataSource : HikariPool-1 - Starting...
2026-07-16 08:47:55 [INFO ] [main] com.zaxxer.hikari.pool.HikariPool : HikariPool-1 - Added connection org.postgresql.jdbc.PgConnection@37c5b8e8
2026-07-16 08:47:55 [INFO ] [main] com.zaxxer.hikari.HikariDataSource : HikariPool-1 - Start completed.
2026-07-16 08:47:55 [INFO ] [main] o.hibernate.orm.connections.pooling : HHH10001005: Database info:
	Database JDBC URL [jdbc:postgresql://localhost:5432/P8Migration]
	Database driver: PostgreSQL JDBC Driver
	Database dialect: PostgreSQLDialect
	Database version: 16.9
	Default catalog/schema: P8Migration/public
	Autocommit mode: undefined/unknown
	Isolation level: READ_COMMITTED [default READ_COMMITTED]
	JDBC fetch size: none
	Pool: DataSourceConnectionProvider
	Minimum pool size: undefined/unknown
	Maximum pool size: undefined/unknown
2026-07-16 08:47:56 [INFO ] [main] org.hibernate.orm.core : HHH000489: No JTA platform available (set 'hibernate.transaction.jta.platform' to enable JTA platform integration)
2026-07-16 08:47:56 [INFO ] [main] o.s.o.j.LocalContainerEntityManagerFactoryBean : Initialized JPA EntityManagerFactory for persistence unit 'default'
2026-07-16 08:47:56 [INFO ] [main] o.s.d.j.r.q.QueryEnhancerFactories : Hibernate is in classpath; If applicable, HQL parser will be used.
2026-07-16 08:47:57 [INFO ] [main] c.m.service.ConfigurationService : [CONFIG] Loading tenant configuration from D:\MigrationReportTool\Backend\MigrationReport\config\tenant-mappings.json
2026-07-16 08:47:57 [INFO ] [main] c.m.service.ConfigurationService : [CONFIG] Loaded 2 applications from config.
2026-07-16 08:47:57 [INFO ] [main] c.m.dialect.DialectConfig : [DIALECT] Initializing PostgreSQL Dialect provider...
2026-07-16 08:47:57 [WARN ] [main] o.s.b.j.a.JpaBaseConfiguration$JpaWebConfiguration : spring.jpa.open-in-view is enabled by default. Therefore, database queries may be performed during view rendering. Explicitly configure spring.jpa.open-in-view to disable this warning
2026-07-16 08:47:57 [INFO ] [main] o.s.boot.tomcat.TomcatWebServer : Tomcat started on port 8080 (http) with context path '/'
2026-07-16 08:47:57 [INFO ] [main] c.m.MigrationReportApplication : Started MigrationReportApplication in 3.9 seconds (process running for 4.565)
2026-07-16 08:48:52 [INFO ] [RMI TCP Connection(3)-127.0.0.1] o.s.b.a.SpringApplicationAdminMXBeanRegistrar$SpringApplicationAdmin : Application shutdown requested.
2026-07-16 08:48:52 [INFO ] [RMI TCP Connection(3)-127.0.0.1] o.s.boot.tomcat.GracefulShutdown : Commencing graceful shutdown. Waiting for active requests to complete
2026-07-16 08:48:52 [INFO ] [tomcat-shutdown] o.s.boot.tomcat.GracefulShutdown : Graceful shutdown complete
2026-07-16 08:48:52 [INFO ] [RMI TCP Connection(3)-127.0.0.1] o.s.o.j.LocalContainerEntityManagerFactoryBean : Closing JPA EntityManagerFactory for persistence unit 'default'
2026-07-16 08:48:52 [INFO ] [RMI TCP Connection(3)-127.0.0.1] com.zaxxer.hikari.HikariDataSource : HikariPool-1 - Shutdown initiated...
2026-07-16 08:48:52 [INFO ] [RMI TCP Connection(3)-127.0.0.1] com.zaxxer.hikari.HikariDataSource : HikariPool-1 - Shutdown completed.
