2026-07-14 14:51:04.421 INFO  [main] com.db_search.DbSearchApplication : Starting DbSearchApplication using Java 21.0.1 with PID 36248 (D:\MigrationReportTool\Backend\MigrationReport\target\classes started by Shaik Firoz in D:\MigrationReportTool\Backend\MigrationReport)
2026-07-14 14:51:04.424 DEBUG [main] com.db_search.DbSearchApplication : Running with Spring Boot v4.1.0, Spring v7.0.8
2026-07-14 14:51:04.424 INFO  [main] com.db_search.DbSearchApplication : No active profile set, falling back to 1 default profile: "default"
2026-07-14 14:51:04.919 INFO  [main] o.s.d.r.c.RepositoryConfigurationDelegate : Bootstrapping Spring Data JPA repositories in DEFAULT mode.
2026-07-14 14:51:04.962 INFO  [main] o.s.d.r.c.RepositoryConfigurationDelegate : Finished Spring Data repository scanning in 35 ms. Found 2 JPA repository interfaces.
2026-07-14 14:51:05.294 INFO  [main] o.s.boot.tomcat.TomcatWebServer : Tomcat initialized with port 8080 (http)
2026-07-14 14:51:05.306 INFO  [main] o.a.coyote.http11.Http11NioProtocol : Initializing ProtocolHandler ["http-nio-8080"]
2026-07-14 14:51:05.308 INFO  [main] o.apache.catalina.core.StandardService : Starting service [Tomcat]
2026-07-14 14:51:05.308 INFO  [main] o.apache.catalina.core.StandardEngine : Starting Servlet engine: [Apache Tomcat/11.0.22]
2026-07-14 14:51:05.372 INFO  [main] o.s.b.w.c.s.WebApplicationContextInitializer : Root WebApplicationContext: initialization completed in 905 ms
2026-07-14 14:51:05.525 INFO  [main] org.hibernate.orm.jpa : HHH008540: Processing PersistenceUnitInfo [name: default]
2026-07-14 14:51:05.596 INFO  [main] org.hibernate.orm.core : HHH000001: Hibernate ORM core version 7.4.1.Final
2026-07-14 14:51:05.978 INFO  [main] o.s.o.j.p.SpringPersistenceUnitInfo : No LoadTimeWeaver setup: ignoring JPA class transformer
2026-07-14 14:51:06.012 INFO  [main] com.zaxxer.hikari.HikariDataSource : HikariPool-1 - Starting...
2026-07-14 14:51:06.173 INFO  [main] com.zaxxer.hikari.pool.HikariPool : HikariPool-1 - Added connection org.postgresql.jdbc.PgConnection@6a38e3d1
2026-07-14 14:51:06.175 INFO  [main] com.zaxxer.hikari.HikariDataSource : HikariPool-1 - Start completed.
2026-07-14 14:51:06.250 INFO  [main] org.hibernate.orm.connections.pooling : HHH10001005: Database info:
	Database JDBC URL [jdbc:postgresql://localhost:5432/P8Migration]
	Database driver: PostgreSQL JDBC Driver
	Database dialect: PostgreSQLDialect
	Database version: 16.9
	Default catalog/schema: P8Migration/public
	Autocommit mode: undefined/unknown
	Isolation level: READ_COMMITTED [default READ_COMMITTED]
	JDBC fetch size: none
	Pool: DataSourceConnectionProvider
	Minimum pool size: undefined/unknown
	Maximum pool size: undefined/unknown
2026-07-14 14:51:07.182 INFO  [main] org.hibernate.orm.core : HHH000489: No JTA platform available (set 'hibernate.transaction.jta.platform' to enable JTA platform integration)
2026-07-14 14:51:07.243 INFO  [main] o.s.o.j.LocalContainerEntityManagerFactoryBean : Initialized JPA EntityManagerFactory for persistence unit 'default'
2026-07-14 14:51:07.299 INFO  [main] o.s.d.j.r.query.QueryEnhancerFactories : Hibernate is in classpath; If applicable, HQL parser will be used.
2026-07-14 14:51:07.418 WARN  [main] o.s.b.j.a.JpaBaseConfiguration$JpaWebConfiguration : spring.jpa.open-in-view is enabled by default. Therefore, database queries may be performed during view rendering. Explicitly configure spring.jpa.open-in-view to disable this warning
2026-07-14 14:51:07.684 INFO  [main] o.a.coyote.http11.Http11NioProtocol : Starting ProtocolHandler ["http-nio-8080"]
2026-07-14 14:51:07.704 INFO  [main] o.s.boot.tomcat.TomcatWebServer : Tomcat started on port 8080 (http) with context path '/'
2026-07-14 14:51:07.709 INFO  [main] com.db_search.DbSearchApplication : Started DbSearchApplication in 3.774 seconds (process running for 4.415)
2026-07-14 15:05:11.256 INFO  [RMI TCP Connection(16)-127.0.0.1] o.s.b.a.SpringApplicationAdminMXBeanRegistrar$SpringApplicationAdmin : Application shutdown requested.
2026-07-14 15:05:11.259 INFO  [RMI TCP Connection(16)-127.0.0.1] o.s.boot.tomcat.GracefulShutdown : Commencing graceful shutdown. Waiting for active requests to complete
2026-07-14 15:05:11.260 INFO  [tomcat-shutdown] o.a.coyote.http11.Http11NioProtocol : Pausing ProtocolHandler ["http-nio-8080"]
2026-07-14 15:05:11.271 INFO  [tomcat-shutdown] o.s.boot.tomcat.GracefulShutdown : Graceful shutdown complete
2026-07-14 15:05:11.272 INFO  [RMI TCP Connection(16)-127.0.0.1] o.a.coyote.http11.Http11NioProtocol : Stopping ProtocolHandler ["http-nio-8080"]
2026-07-14 15:05:11.275 INFO  [RMI TCP Connection(16)-127.0.0.1] o.s.o.j.LocalContainerEntityManagerFactoryBean : Closing JPA EntityManagerFactory for persistence unit 'default'
2026-07-14 15:05:11.277 INFO  [RMI TCP Connection(16)-127.0.0.1] com.zaxxer.hikari.HikariDataSource : HikariPool-1 - Shutdown initiated...
2026-07-14 15:05:11.281 INFO  [RMI TCP Connection(16)-127.0.0.1] com.zaxxer.hikari.HikariDataSource : HikariPool-1 - Shutdown completed.
2026-07-14 15:05:13.674 INFO  [main] com.db_search.DbSearchApplication : Starting DbSearchApplication using Java 21.0.1 with PID 43268 (D:\MigrationReportTool\Backend\MigrationReport\target\classes started by Shaik Firoz in D:\MigrationReportTool\Backend\MigrationReport)
2026-07-14 15:05:13.681 DEBUG [main] com.db_search.DbSearchApplication : Running with Spring Boot v4.1.0, Spring v7.0.8
2026-07-14 15:05:13.681 INFO  [main] com.db_search.DbSearchApplication : No active profile set, falling back to 1 default profile: "default"
2026-07-14 15:05:14.331 INFO  [main] o.s.d.r.c.RepositoryConfigurationDelegate : Bootstrapping Spring Data JPA repositories in DEFAULT mode.
2026-07-14 15:05:14.382 INFO  [main] o.s.d.r.c.RepositoryConfigurationDelegate : Finished Spring Data repository scanning in 41 ms. Found 2 JPA repository interfaces.
2026-07-14 15:05:14.687 INFO  [main] o.s.boot.tomcat.TomcatWebServer : Tomcat initialized with port 8080 (http)
2026-07-14 15:05:14.698 INFO  [main] o.a.coyote.http11.Http11NioProtocol : Initializing ProtocolHandler ["http-nio-8080"]
2026-07-14 15:05:14.699 INFO  [main] o.apache.catalina.core.StandardService : Starting service [Tomcat]
2026-07-14 15:05:14.700 INFO  [main] o.apache.catalina.core.StandardEngine : Starting Servlet engine: [Apache Tomcat/11.0.22]
2026-07-14 15:05:14.741 INFO  [main] o.s.b.w.c.s.WebApplicationContextInitializer : Root WebApplicationContext: initialization completed in 1020 ms
2026-07-14 15:05:14.870 INFO  [main] org.hibernate.orm.jpa : HHH008540: Processing PersistenceUnitInfo [name: default]
2026-07-14 15:05:14.909 INFO  [main] org.hibernate.orm.core : HHH000001: Hibernate ORM core version 7.4.1.Final
2026-07-14 15:05:15.214 INFO  [main] o.s.o.j.p.SpringPersistenceUnitInfo : No LoadTimeWeaver setup: ignoring JPA class transformer
2026-07-14 15:05:15.240 INFO  [main] com.zaxxer.hikari.HikariDataSource : HikariPool-1 - Starting...
2026-07-14 15:05:15.397 INFO  [main] com.zaxxer.hikari.pool.HikariPool : HikariPool-1 - Added connection org.postgresql.jdbc.PgConnection@4ce18cec
2026-07-14 15:05:15.399 INFO  [main] com.zaxxer.hikari.HikariDataSource : HikariPool-1 - Start completed.
2026-07-14 15:05:15.462 INFO  [main] org.hibernate.orm.connections.pooling : HHH10001005: Database info:
	Database JDBC URL [jdbc:postgresql://localhost:5432/P8Migration]
	Database driver: PostgreSQL JDBC Driver
	Database dialect: PostgreSQLDialect
	Database version: 16.9
	Default catalog/schema: P8Migration/public
	Autocommit mode: undefined/unknown
	Isolation level: READ_COMMITTED [default READ_COMMITTED]
	JDBC fetch size: none
	Pool: DataSourceConnectionProvider
	Minimum pool size: undefined/unknown
	Maximum pool size: undefined/unknown
2026-07-14 15:05:16.226 INFO  [main] org.hibernate.orm.core : HHH000489: No JTA platform available (set 'hibernate.transaction.jta.platform' to enable JTA platform integration)
2026-07-14 15:05:16.275 INFO  [main] o.s.o.j.LocalContainerEntityManagerFactoryBean : Initialized JPA EntityManagerFactory for persistence unit 'default'
2026-07-14 15:05:16.326 INFO  [main] o.s.d.j.r.query.QueryEnhancerFactories : Hibernate is in classpath; If applicable, HQL parser will be used.
2026-07-14 15:05:16.438 WARN  [main] o.s.b.j.a.JpaBaseConfiguration$JpaWebConfiguration : spring.jpa.open-in-view is enabled by default. Therefore, database queries may be performed during view rendering. Explicitly configure spring.jpa.open-in-view to disable this warning
2026-07-14 15:05:16.678 INFO  [main] o.a.coyote.http11.Http11NioProtocol : Starting ProtocolHandler ["http-nio-8080"]
2026-07-14 15:05:16.696 INFO  [main] o.s.boot.tomcat.TomcatWebServer : Tomcat started on port 8080 (http) with context path '/'
2026-07-14 15:05:16.700 INFO  [main] com.db_search.DbSearchApplication : Started DbSearchApplication in 3.426 seconds (process running for 4.09)
2026-07-14 15:10:04.617 INFO  [http-nio-8080-exec-2] o.a.c.c.C.[Tomcat].[localhost].[/] : Initializing Spring DispatcherServlet 'dispatcherServlet'
2026-07-14 15:10:04.617 INFO  [http-nio-8080-exec-2] o.s.web.servlet.DispatcherServlet : Initializing Servlet 'dispatcherServlet'
2026-07-14 15:10:04.617 INFO  [http-nio-8080-exec-2] o.s.web.servlet.DispatcherServlet : Completed initialization in 0 ms
2026-07-14 15:10:10.712 DEBUG [http-nio-8080-exec-6] c.d.controller.DiscoveryController : Fetching document classes for appId: ccol
2026-07-14 15:29:38.513 INFO  [RMI TCP Connection(28)-127.0.0.1] o.s.b.a.SpringApplicationAdminMXBeanRegistrar$SpringApplicationAdmin : Application shutdown requested.
2026-07-14 15:29:38.517 INFO  [RMI TCP Connection(28)-127.0.0.1] o.s.boot.tomcat.GracefulShutdown : Commencing graceful shutdown. Waiting for active requests to complete
2026-07-14 15:29:38.519 INFO  [tomcat-shutdown] o.a.coyote.http11.Http11NioProtocol : Pausing ProtocolHandler ["http-nio-8080"]
2026-07-14 15:29:38.530 INFO  [tomcat-shutdown] o.s.boot.tomcat.GracefulShutdown : Graceful shutdown complete
2026-07-14 15:29:38.530 INFO  [RMI TCP Connection(28)-127.0.0.1] o.a.coyote.http11.Http11NioProtocol : Stopping ProtocolHandler ["http-nio-8080"]
2026-07-14 15:29:38.536 INFO  [RMI TCP Connection(28)-127.0.0.1] o.s.o.j.LocalContainerEntityManagerFactoryBean : Closing JPA EntityManagerFactory for persistence unit 'default'
2026-07-14 15:29:38.541 INFO  [RMI TCP Connection(28)-127.0.0.1] com.zaxxer.hikari.HikariDataSource : HikariPool-1 - Shutdown initiated...
2026-07-14 15:29:38.552 INFO  [RMI TCP Connection(28)-127.0.0.1] com.zaxxer.hikari.HikariDataSource : HikariPool-1 - Shutdown completed.
2026-07-14 15:29:52.079 INFO  [main] com.db_search.DbSearchApplication : Starting DbSearchApplication using Java 21.0.1 with PID 21152 (D:\MigrationReportTool\Backend\MigrationReport\target\classes started by Shaik Firoz in D:\MigrationReportTool\Backend\MigrationReport)
2026-07-14 15:29:52.082 DEBUG [main] com.db_search.DbSearchApplication : Running with Spring Boot v4.1.0, Spring v7.0.8
2026-07-14 15:29:52.083 INFO  [main] com.db_search.DbSearchApplication : No active profile set, falling back to 1 default profile: "default"
2026-07-14 15:29:52.826 INFO  [main] o.s.d.r.c.RepositoryConfigurationDelegate : Bootstrapping Spring Data JPA repositories in DEFAULT mode.
2026-07-14 15:29:52.898 INFO  [main] o.s.d.r.c.RepositoryConfigurationDelegate : Finished Spring Data repository scanning in 58 ms. Found 2 JPA repository interfaces.
2026-07-14 15:29:53.323 INFO  [main] o.s.boot.tomcat.TomcatWebServer : Tomcat initialized with port 8080 (http)
2026-07-14 15:29:53.338 INFO  [main] o.a.coyote.http11.Http11NioProtocol : Initializing ProtocolHandler ["http-nio-8080"]
2026-07-14 15:29:53.339 INFO  [main] o.apache.catalina.core.StandardService : Starting service [Tomcat]
2026-07-14 15:29:53.340 INFO  [main] o.apache.catalina.core.StandardEngine : Starting Servlet engine: [Apache Tomcat/11.0.22]
2026-07-14 15:29:53.402 INFO  [main] o.s.b.w.c.s.WebApplicationContextInitializer : Root WebApplicationContext: initialization completed in 1265 ms
2026-07-14 15:29:53.582 INFO  [main] org.hibernate.orm.jpa : HHH008540: Processing PersistenceUnitInfo [name: default]
2026-07-14 15:29:53.654 INFO  [main] org.hibernate.orm.core : HHH000001: Hibernate ORM core version 7.4.1.Final
2026-07-14 15:29:54.278 INFO  [main] o.s.o.j.p.SpringPersistenceUnitInfo : No LoadTimeWeaver setup: ignoring JPA class transformer
2026-07-14 15:29:54.326 INFO  [main] com.zaxxer.hikari.HikariDataSource : HikariPool-1 - Starting...
2026-07-14 15:29:54.526 INFO  [main] com.zaxxer.hikari.pool.HikariPool : HikariPool-1 - Added connection org.postgresql.jdbc.PgConnection@4af84a76
2026-07-14 15:29:54.528 INFO  [main] com.zaxxer.hikari.HikariDataSource : HikariPool-1 - Start completed.
2026-07-14 15:29:54.610 INFO  [main] org.hibernate.orm.connections.pooling : HHH10001005: Database info:
	Database JDBC URL [jdbc:postgresql://localhost:5432/P8Migration]
	Database driver: PostgreSQL JDBC Driver
	Database dialect: PostgreSQLDialect
	Database version: 16.9
	Default catalog/schema: P8Migration/public
	Autocommit mode: undefined/unknown
	Isolation level: READ_COMMITTED [default READ_COMMITTED]
	JDBC fetch size: none
	Pool: DataSourceConnectionProvider
	Minimum pool size: undefined/unknown
	Maximum pool size: undefined/unknown
2026-07-14 15:29:55.757 INFO  [main] org.hibernate.orm.core : HHH000489: No JTA platform available (set 'hibernate.transaction.jta.platform' to enable JTA platform integration)
2026-07-14 15:29:55.823 INFO  [main] o.s.o.j.LocalContainerEntityManagerFactoryBean : Initialized JPA EntityManagerFactory for persistence unit 'default'
2026-07-14 15:29:55.898 INFO  [main] o.s.d.j.r.query.QueryEnhancerFactories : Hibernate is in classpath; If applicable, HQL parser will be used.
2026-07-14 15:29:56.066 WARN  [main] o.s.b.j.a.JpaBaseConfiguration$JpaWebConfiguration : spring.jpa.open-in-view is enabled by default. Therefore, database queries may be performed during view rendering. Explicitly configure spring.jpa.open-in-view to disable this warning
2026-07-14 15:29:56.375 INFO  [main] o.a.coyote.http11.Http11NioProtocol : Starting ProtocolHandler ["http-nio-8080"]
2026-07-14 15:29:56.400 INFO  [main] o.s.boot.tomcat.TomcatWebServer : Tomcat started on port 8080 (http) with context path '/'
2026-07-14 15:29:56.411 INFO  [main] com.db_search.DbSearchApplication : Started DbSearchApplication in 4.881 seconds (process running for 5.779)
2026-07-14 15:30:13.485 INFO  [http-nio-8080-exec-1] o.a.c.c.C.[Tomcat].[localhost].[/] : Initializing Spring DispatcherServlet 'dispatcherServlet'
2026-07-14 15:30:13.487 INFO  [http-nio-8080-exec-1] o.s.web.servlet.DispatcherServlet : Initializing Servlet 'dispatcherServlet'
2026-07-14 15:30:13.488 INFO  [http-nio-8080-exec-1] o.s.web.servlet.DispatcherServlet : Completed initialization in 0 ms
2026-07-14 15:30:13.816 DEBUG [http-nio-8080-exec-1] c.d.controller.DiscoveryController : Fetching document classes for appId: ccol
2026-07-14 15:34:18.688 DEBUG [http-nio-8080-exec-6] c.d.controller.DiscoveryController : Fetching document classes for appId: ccol
2026-07-14 15:34:31.648 DEBUG [http-nio-8080-exec-8] c.d.controller.DiscoveryController : Fetching document classes for appId: ccol
2026-07-14 15:38:12.653 DEBUG [http-nio-8080-exec-2] c.d.controller.DiscoveryController : Fetching document classes for appId: ccol
2026-07-14 15:39:32.659 DEBUG [http-nio-8080-exec-6] c.d.controller.DiscoveryController : Fetching document classes for appId: ccol
2026-07-14 15:41:38.651 DEBUG [http-nio-8080-exec-1] c.d.controller.DiscoveryController : Fetching document classes for appId: ccol
2026-07-14 15:42:28.919 DEBUG [http-nio-8080-exec-2] c.d.controller.DiscoveryController : Fetching document classes for appId: ccol
2026-07-14 15:44:29.678 DEBUG [http-nio-8080-exec-8] c.d.controller.DiscoveryController : Fetching document classes for appId: ccol
2026-07-14 15:44:46.659 DEBUG [http-nio-8080-exec-1] c.d.controller.DiscoveryController : Fetching document classes for appId: ccol
2026-07-14 15:46:52.658 DEBUG [http-nio-8080-exec-4] c.d.controller.DiscoveryController : Fetching document classes for appId: ccol
2026-07-14 15:47:06.638 DEBUG [http-nio-8080-exec-7] c.d.controller.DiscoveryController : Fetching document classes for appId: ccol
2026-07-14 15:53:13.657 DEBUG [http-nio-8080-exec-1] c.d.controller.DiscoveryController : Fetching document classes for appId: ccol
2026-07-14 15:58:13.691 DEBUG [http-nio-8080-exec-4] c.d.controller.DiscoveryController : Fetching document classes for appId: ccol
2026-07-14 15:59:38.083 DEBUG [http-nio-8080-exec-6] c.d.controller.DiscoveryController : Fetching document classes for appId: ccol
2026-07-14 16:01:02.515 DEBUG [http-nio-8080-exec-3] c.d.controller.DiscoveryController : Fetching document classes for appId: ccol
2026-07-14 16:01:10.855 DEBUG [http-nio-8080-exec-2] c.d.controller.DiscoveryController : Fetching document classes for appId: ccol
2026-07-14 16:04:40.648 DEBUG [http-nio-8080-exec-8] c.d.controller.DiscoveryController : Fetching document classes for appId: ccol
2026-07-14 16:06:41.371 DEBUG [http-nio-8080-exec-3] c.d.controller.DiscoveryController : Fetching document classes for appId: ccol
2026-07-14 16:07:30.670 DEBUG [http-nio-8080-exec-5] c.d.controller.DiscoveryController : Fetching document classes for appId: ccol
2026-07-14 16:07:36.271 DEBUG [http-nio-8080-exec-7] c.d.controller.DiscoveryController : Fetching document classes for appId: ccol
2026-07-14 16:10:05.658 DEBUG [http-nio-8080-exec-1] c.d.controller.DiscoveryController : Fetching document classes for appId: ccol
2026-07-14 16:18:20.397 DEBUG [http-nio-8080-exec-3] c.d.controller.DiscoveryController : Fetching document classes for appId: ccol
2026-07-14 16:21:37.959 DEBUG [http-nio-8080-exec-8] c.d.controller.DiscoveryController : Fetching document classes for appId: ccol
2026-07-14 16:22:17.490 DEBUG [http-nio-8080-exec-2] c.d.controller.DiscoveryController : Fetching document classes for appId: ccol
2026-07-14 16:27:33.639 DEBUG [http-nio-8080-exec-7] c.d.controller.DiscoveryController : Fetching document classes for appId: ccol
2026-07-14 16:28:39.062 DEBUG [http-nio-8080-exec-4] c.d.controller.DiscoveryController : Fetching document classes for appId: ccol
2026-07-14 16:30:09.657 DEBUG [http-nio-8080-exec-1] c.d.controller.DiscoveryController : Fetching document classes for appId: ccol
2026-07-14 16:30:19.657 DEBUG [http-nio-8080-exec-2] c.d.controller.DiscoveryController : Fetching document classes for appId: ccol
2026-07-14 16:34:00.508 DEBUG [http-nio-8080-exec-8] c.d.controller.DiscoveryController : Fetching document classes for appId: ccol
2026-07-14 16:34:09.642 INFO  [http-nio-8080-exec-10] c.d.controller.DiscoveryController : Executing report for endpoint: element-class, appId: ccol
2026-07-14 16:34:23.611 INFO  [http-nio-8080-exec-3] c.d.controller.DiscoveryController : Executing report for endpoint: version-distribution, appId: ccol
2026-07-14 16:35:35.960 DEBUG [http-nio-8080-exec-5] c.d.controller.DiscoveryController : Fetching document classes for appId: ccol
2026-07-14 16:37:57.604 DEBUG [http-nio-8080-exec-3] c.d.controller.DiscoveryController : Fetching document classes for appId: ccol
2026-07-14 16:39:28.086 DEBUG [http-nio-8080-exec-6] c.d.controller.DiscoveryController : Fetching document classes for appId: ccol
2026-07-14 16:40:04.850 DEBUG [http-nio-8080-exec-8] c.d.controller.DiscoveryController : Fetching document classes for appId: ccol
2026-07-14 16:40:11.897 INFO  [http-nio-8080-exec-10] c.d.controller.DiscoveryController : Executing report for endpoint: doc-year-month, appId: ccol
2026-07-14 16:47:20.113 DEBUG [http-nio-8080-exec-4] c.d.controller.DiscoveryController : Fetching document classes for appId: ccol
2026-07-14 16:48:35.687 DEBUG [http-nio-8080-exec-8] c.d.controller.DiscoveryController : Fetching document classes for appId: ccol
2026-07-14 16:48:45.664 DEBUG [http-nio-8080-exec-9] c.d.controller.DiscoveryController : Fetching document classes for appId: ccol
2026-07-14 16:52:23.292 DEBUG [http-nio-8080-exec-1] c.d.controller.DiscoveryController : Fetching document classes for appId: ccol
2026-07-14 16:56:27.643 DEBUG [http-nio-8080-exec-6] c.d.controller.DiscoveryController : Fetching document classes for appId: ccol
2026-07-14 17:04:01.581 DEBUG [http-nio-8080-exec-5] c.d.controller.DiscoveryController : Fetching document classes for appId: ccol
2026-07-14 17:05:09.720 DEBUG [http-nio-8080-exec-1] c.d.controller.DiscoveryController : Fetching document classes for appId: ccol
2026-07-14 17:06:06.545 DEBUG [http-nio-8080-exec-2] c.d.controller.DiscoveryController : Fetching document classes for appId: ccol
2026-07-14 18:14:18.789 INFO  [RMI TCP Connection(168)-127.0.0.1] o.s.b.a.SpringApplicationAdminMXBeanRegistrar$SpringApplicationAdmin : Application shutdown requested.
2026-07-14 18:14:18.820 INFO  [RMI TCP Connection(168)-127.0.0.1] o.s.boot.tomcat.GracefulShutdown : Commencing graceful shutdown. Waiting for active requests to complete
2026-07-14 18:14:18.830 INFO  [tomcat-shutdown] o.a.coyote.http11.Http11NioProtocol : Pausing ProtocolHandler ["http-nio-8080"]
2026-07-14 18:14:18.870 INFO  [tomcat-shutdown] o.s.boot.tomcat.GracefulShutdown : Graceful shutdown complete
2026-07-14 18:14:18.873 INFO  [RMI TCP Connection(168)-127.0.0.1] o.a.coyote.http11.Http11NioProtocol : Stopping ProtocolHandler ["http-nio-8080"]
2026-07-14 18:14:18.902 INFO  [RMI TCP Connection(168)-127.0.0.1] o.s.o.j.LocalContainerEntityManagerFactoryBean : Closing JPA EntityManagerFactory for persistence unit 'default'
2026-07-14 18:14:18.931 INFO  [RMI TCP Connection(168)-127.0.0.1] com.zaxxer.hikari.HikariDataSource : HikariPool-1 - Shutdown initiated...
2026-07-14 18:14:18.940 INFO  [RMI TCP Connection(168)-127.0.0.1] com.zaxxer.hikari.HikariDataSource : HikariPool-1 - Shutdown completed.
2026-07-14 22:11:12.326 INFO  [main] com.db_search.DbSearchApplication : Starting DbSearchApplication using Java 21.0.1 with PID 1692 (D:\MigrationReportTool\Backend\MigrationReport\target\classes started by Shaik Firoz in D:\MigrationReportTool\Backend\MigrationReport)
2026-07-14 22:11:12.327 DEBUG [main] com.db_search.DbSearchApplication : Running with Spring Boot v4.1.0, Spring v7.0.8
2026-07-14 22:11:12.328 INFO  [main] com.db_search.DbSearchApplication : No active profile set, falling back to 1 default profile: "default"
2026-07-14 22:11:12.979 INFO  [main] o.s.d.r.c.RepositoryConfigurationDelegate : Bootstrapping Spring Data JPA repositories in DEFAULT mode.
2026-07-14 22:11:13.039 INFO  [main] o.s.d.r.c.RepositoryConfigurationDelegate : Finished Spring Data repository scanning in 46 ms. Found 2 JPA repository interfaces.
2026-07-14 22:11:13.351 INFO  [main] o.s.boot.tomcat.TomcatWebServer : Tomcat initialized with port 8080 (http)
2026-07-14 22:11:13.362 INFO  [main] o.a.coyote.http11.Http11NioProtocol : Initializing ProtocolHandler ["http-nio-8080"]
2026-07-14 22:11:13.363 INFO  [main] o.apache.catalina.core.StandardService : Starting service [Tomcat]
2026-07-14 22:11:13.364 INFO  [main] o.apache.catalina.core.StandardEngine : Starting Servlet engine: [Apache Tomcat/11.0.22]
2026-07-14 22:11:13.417 INFO  [main] o.s.b.w.c.s.WebApplicationContextInitializer : Root WebApplicationContext: initialization completed in 1056 ms
2026-07-14 22:11:13.559 INFO  [main] org.hibernate.orm.jpa : HHH008540: Processing PersistenceUnitInfo [name: default]
2026-07-14 22:11:13.624 INFO  [main] org.hibernate.orm.core : HHH000001: Hibernate ORM core version 7.4.1.Final
2026-07-14 22:11:14.010 INFO  [main] o.s.o.j.p.SpringPersistenceUnitInfo : No LoadTimeWeaver setup: ignoring JPA class transformer
2026-07-14 22:11:14.042 INFO  [main] com.zaxxer.hikari.HikariDataSource : HikariPool-1 - Starting...
2026-07-14 22:11:15.199 WARN  [main] org.hibernate.orm.jdbc.error : HHH000247: ErrorCode: 0, SQLState: 28P01
2026-07-14 22:11:15.199 WARN  [main] org.hibernate.orm.jdbc.error : FATAL: password authentication failed for user "postgres"
2026-07-14 22:11:15.200 WARN  [main] org.hibernate.orm.jdbc : HHH100046: Could not obtain connection to query JDBC database metadata
org.hibernate.exception.AuthException: Unable to obtain isolated JDBC connection [FATAL: password authentication failed for user "postgres"] [n/a]
	at org.hibernate.exception.internal.SQLStateConversionDelegate.convert(SQLStateConversionDelegate.java:87)
	at org.hibernate.exception.internal.StandardSQLExceptionConverter.convert(StandardSQLExceptionConverter.java:34)
	at org.hibernate.engine.jdbc.spi.SqlExceptionHelper.convert(SqlExceptionHelper.java:115)
	at org.hibernate.engine.jdbc.spi.SqlExceptionHelper.convert(SqlExceptionHelper.java:101)
	at org.hibernate.resource.transaction.backend.jdbc.internal.JdbcIsolationDelegate.delegateWork(JdbcIsolationDelegate.java:51)
	at org.hibernate.engine.jdbc.env.internal.JdbcEnvironmentInitiator.getJdbcEnvironmentUsingJdbcMetadata(JdbcEnvironmentInitiator.java:366)
	at org.hibernate.engine.jdbc.env.internal.JdbcEnvironmentInitiator.getJdbcEnvironment(JdbcEnvironmentInitiator.java:143)
	at org.hibernate.engine.jdbc.env.internal.JdbcEnvironmentInitiator.initiateService(JdbcEnvironmentInitiator.java:120)
	at org.hibernate.engine.jdbc.env.internal.JdbcEnvironmentInitiator.initiateService(JdbcEnvironmentInitiator.java:80)
	at org.hibernate.boot.registry.internal.StandardServiceRegistryImpl.initiateService(StandardServiceRegistryImpl.java:133)
	at org.hibernate.service.internal.AbstractServiceRegistryImpl.createService(AbstractServiceRegistryImpl.java:260)
	at org.hibernate.service.internal.AbstractServiceRegistryImpl.initializeService(AbstractServiceRegistryImpl.java:235)
	at org.hibernate.service.internal.AbstractServiceRegistryImpl.getService(AbstractServiceRegistryImpl.java:212)
	at org.hibernate.boot.model.relational.Database.<init>(Database.java:44)
	at org.hibernate.boot.internal.InFlightMetadataCollectorImpl.getDatabase(InFlightMetadataCollectorImpl.java:251)
	at org.hibernate.boot.internal.InFlightMetadataCollectorImpl.<init>(InFlightMetadataCollectorImpl.java:203)
	at org.hibernate.boot.model.process.spi.MetadataBuildingProcess.complete(MetadataBuildingProcess.java:180)
	at org.hibernate.jpa.boot.internal.EntityManagerFactoryBuilderImpl.metadata(EntityManagerFactoryBuilderImpl.java:1388)
	at org.hibernate.jpa.boot.internal.EntityManagerFactoryBuilderImpl.populateSessionFactoryBuilder(EntityManagerFactoryBuilderImpl.java:1468)
	at org.hibernate.jpa.boot.internal.EntityManagerFactoryBuilderImpl.build(EntityManagerFactoryBuilderImpl.java:1450)
	at org.springframework.orm.jpa.vendor.SpringHibernateJpaPersistenceProvider.createContainerEntityManagerFactory(SpringHibernateJpaPersistenceProvider.java:93)
	at org.springframework.orm.jpa.LocalContainerEntityManagerFactoryBean.createNativeEntityManagerFactory(LocalContainerEntityManagerFactoryBean.java:443)
	at org.springframework.orm.jpa.AbstractEntityManagerFactoryBean.buildNativeEntityManagerFactory(AbstractEntityManagerFactoryBean.java:436)
	at org.springframework.orm.jpa.AbstractEntityManagerFactoryBean.afterPropertiesSet(AbstractEntityManagerFactoryBean.java:411)
	at org.springframework.orm.jpa.LocalContainerEntityManagerFactoryBean.afterPropertiesSet(LocalContainerEntityManagerFactoryBean.java:419)
	at org.springframework.beans.factory.support.AbstractAutowireCapableBeanFactory.invokeInitMethods(AbstractAutowireCapableBeanFactory.java:1862)
	at org.springframework.beans.factory.support.AbstractAutowireCapableBeanFactory.initializeBean(AbstractAutowireCapableBeanFactory.java:1811)
	at org.springframework.beans.factory.support.AbstractAutowireCapableBeanFactory.doCreateBean(AbstractAutowireCapableBeanFactory.java:603)
	at org.springframework.beans.factory.support.AbstractAutowireCapableBeanFactory.createBean(AbstractAutowireCapableBeanFactory.java:525)
	at org.springframework.beans.factory.support.AbstractBeanFactory.lambda$doGetBean$0(AbstractBeanFactory.java:333)
	at org.springframework.beans.factory.support.DefaultSingletonBeanRegistry.getSingleton(DefaultSingletonBeanRegistry.java:371)
	at org.springframework.beans.factory.support.AbstractBeanFactory.doGetBean(AbstractBeanFactory.java:331)
	at org.springframework.beans.factory.support.AbstractBeanFactory.getBean(AbstractBeanFactory.java:201)
	at org.springframework.context.support.AbstractApplicationContext.finishBeanFactoryInitialization(AbstractApplicationContext.java:977)
	at org.springframework.context.support.AbstractApplicationContext.refresh(AbstractApplicationContext.java:621)
	at org.springframework.boot.web.server.servlet.context.ServletWebServerApplicationContext.refresh(ServletWebServerApplicationContext.java:143)
	at org.springframework.boot.SpringApplication.refresh(SpringApplication.java:756)
	at org.springframework.boot.SpringApplication.refreshContext(SpringApplication.java:445)
	at org.springframework.boot.SpringApplication.run(SpringApplication.java:321)
	at org.springframework.boot.SpringApplication.run(SpringApplication.java:1365)
	at org.springframework.boot.SpringApplication.run(SpringApplication.java:1354)
	at com.db_search.DbSearchApplication.main(DbSearchApplication.java:11)
Caused by: org.postgresql.util.PSQLException: FATAL: password authentication failed for user "postgres"
	at org.postgresql.core.v3.ConnectionFactoryImpl.doAuthentication(ConnectionFactoryImpl.java:835)
	at org.postgresql.core.v3.ConnectionFactoryImpl.tryConnect(ConnectionFactoryImpl.java:307)
	at org.postgresql.core.v3.ConnectionFactoryImpl.openConnectionImpl(ConnectionFactoryImpl.java:365)
	at org.postgresql.core.ConnectionFactory.openConnection(ConnectionFactory.java:52)
	at org.postgresql.jdbc.PgConnection.<init>(PgConnection.java:290)
	at org.postgresql.Driver.makeConnection(Driver.java:448)
	at org.postgresql.Driver.connect(Driver.java:298)
	at com.zaxxer.hikari.util.DriverDataSource.getConnection(DriverDataSource.java:144)
	at com.zaxxer.hikari.pool.PoolBase.newConnection(PoolBase.java:373)
	at com.zaxxer.hikari.pool.PoolBase.newPoolEntry(PoolBase.java:210)
	at com.zaxxer.hikari.pool.HikariPool.createPoolEntry(HikariPool.java:488)
	at com.zaxxer.hikari.pool.HikariPool.checkFailFast(HikariPool.java:576)
	at com.zaxxer.hikari.pool.HikariPool.<init>(HikariPool.java:97)
	at com.zaxxer.hikari.HikariDataSource.getConnection(HikariDataSource.java:111)
	at org.hibernate.engine.jdbc.connections.internal.DataSourceConnectionProvider.getConnection(DataSourceConnectionProvider.java:149)
	at org.hibernate.engine.jdbc.env.internal.JdbcEnvironmentInitiator$ConnectionProviderJdbcConnectionAccess.obtainConnection(JdbcEnvironmentInitiator.java:508)
	at org.hibernate.resource.transaction.backend.jdbc.internal.JdbcIsolationDelegate.delegateWork(JdbcIsolationDelegate.java:48)
	... 37 common frames omitted
2026-07-14 22:11:15.204 ERROR [main] o.s.o.j.LocalContainerEntityManagerFactoryBean : Failed to initialize JPA EntityManagerFactory: Unable to create requested service [org.hibernate.engine.jdbc.env.spi.JdbcEnvironment] due to: Unable to determine Dialect without JDBC metadata (please set 'jakarta.persistence.jdbc.url' for common cases or 'hibernate.dialect' when a custom Dialect implementation must be provided)
2026-07-14 22:11:15.205 WARN  [main] o.s.b.w.s.s.c.AnnotationConfigServletWebServerApplicationContext : Exception encountered during context initialization - cancelling refresh attempt: org.springframework.beans.factory.BeanCreationException: Error creating bean with name 'entityManagerFactory' defined in class path resource [org/springframework/boot/hibernate/autoconfigure/HibernateJpaConfiguration.class]: Unable to create requested service [org.hibernate.engine.jdbc.env.spi.JdbcEnvironment] due to: Unable to determine Dialect without JDBC metadata (please set 'jakarta.persistence.jdbc.url' for common cases or 'hibernate.dialect' when a custom Dialect implementation must be provided)
2026-07-14 22:11:15.206 INFO  [main] o.apache.catalina.core.StandardService : Stopping service [Tomcat]
2026-07-14 22:11:15.218 INFO  [main] o.s.b.a.l.ConditionEvaluationReportLogger : 

Error starting ApplicationContext. To display the condition evaluation report re-run your application with 'debug' enabled.
2026-07-14 22:11:15.232 ERROR [main] o.s.boot.SpringApplication : Application run failed
org.springframework.beans.factory.BeanCreationException: Error creating bean with name 'entityManagerFactory' defined in class path resource [org/springframework/boot/hibernate/autoconfigure/HibernateJpaConfiguration.class]: Unable to create requested service [org.hibernate.engine.jdbc.env.spi.JdbcEnvironment] due to: Unable to determine Dialect without JDBC metadata (please set 'jakarta.persistence.jdbc.url' for common cases or 'hibernate.dialect' when a custom Dialect implementation must be provided)
	at org.springframework.beans.factory.support.AbstractAutowireCapableBeanFactory.initializeBean(AbstractAutowireCapableBeanFactory.java:1815)
	at org.springframework.beans.factory.support.AbstractAutowireCapableBeanFactory.doCreateBean(AbstractAutowireCapableBeanFactory.java:603)
	at org.springframework.beans.factory.support.AbstractAutowireCapableBeanFactory.createBean(AbstractAutowireCapableBeanFactory.java:525)
	at org.springframework.beans.factory.support.AbstractBeanFactory.lambda$doGetBean$0(AbstractBeanFactory.java:333)
	at org.springframework.beans.factory.support.DefaultSingletonBeanRegistry.getSingleton(DefaultSingletonBeanRegistry.java:371)
	at org.springframework.beans.factory.support.AbstractBeanFactory.doGetBean(AbstractBeanFactory.java:331)
	at org.springframework.beans.factory.support.AbstractBeanFactory.getBean(AbstractBeanFactory.java:201)
	at org.springframework.context.support.AbstractApplicationContext.finishBeanFactoryInitialization(AbstractApplicationContext.java:977)
	at org.springframework.context.support.AbstractApplicationContext.refresh(AbstractApplicationContext.java:621)
	at org.springframework.boot.web.server.servlet.context.ServletWebServerApplicationContext.refresh(ServletWebServerApplicationContext.java:143)
	at org.springframework.boot.SpringApplication.refresh(SpringApplication.java:756)
	at org.springframework.boot.SpringApplication.refreshContext(SpringApplication.java:445)
	at org.springframework.boot.SpringApplication.run(SpringApplication.java:321)
	at org.springframework.boot.SpringApplication.run(SpringApplication.java:1365)
	at org.springframework.boot.SpringApplication.run(SpringApplication.java:1354)
	at com.db_search.DbSearchApplication.main(DbSearchApplication.java:11)
Caused by: org.hibernate.service.spi.ServiceException: Unable to create requested service [org.hibernate.engine.jdbc.env.spi.JdbcEnvironment] due to: Unable to determine Dialect without JDBC metadata (please set 'jakarta.persistence.jdbc.url' for common cases or 'hibernate.dialect' when a custom Dialect implementation must be provided)
	at org.hibernate.service.internal.AbstractServiceRegistryImpl.createService(AbstractServiceRegistryImpl.java:273)
	at org.hibernate.service.internal.AbstractServiceRegistryImpl.initializeService(AbstractServiceRegistryImpl.java:235)
	at org.hibernate.service.internal.AbstractServiceRegistryImpl.getService(AbstractServiceRegistryImpl.java:212)
	at org.hibernate.boot.model.relational.Database.<init>(Database.java:44)
	at org.hibernate.boot.internal.InFlightMetadataCollectorImpl.getDatabase(InFlightMetadataCollectorImpl.java:251)
	at org.hibernate.boot.internal.InFlightMetadataCollectorImpl.<init>(InFlightMetadataCollectorImpl.java:203)
	at org.hibernate.boot.model.process.spi.MetadataBuildingProcess.complete(MetadataBuildingProcess.java:180)
	at org.hibernate.jpa.boot.internal.EntityManagerFactoryBuilderImpl.metadata(EntityManagerFactoryBuilderImpl.java:1388)
	at org.hibernate.jpa.boot.internal.EntityManagerFactoryBuilderImpl.populateSessionFactoryBuilder(EntityManagerFactoryBuilderImpl.java:1468)
	at org.hibernate.jpa.boot.internal.EntityManagerFactoryBuilderImpl.build(EntityManagerFactoryBuilderImpl.java:1450)
	at org.springframework.orm.jpa.vendor.SpringHibernateJpaPersistenceProvider.createContainerEntityManagerFactory(SpringHibernateJpaPersistenceProvider.java:93)
	at org.springframework.orm.jpa.LocalContainerEntityManagerFactoryBean.createNativeEntityManagerFactory(LocalContainerEntityManagerFactoryBean.java:443)
	at org.springframework.orm.jpa.AbstractEntityManagerFactoryBean.buildNativeEntityManagerFactory(AbstractEntityManagerFactoryBean.java:436)
	at org.springframework.orm.jpa.AbstractEntityManagerFactoryBean.afterPropertiesSet(AbstractEntityManagerFactoryBean.java:411)
	at org.springframework.orm.jpa.LocalContainerEntityManagerFactoryBean.afterPropertiesSet(LocalContainerEntityManagerFactoryBean.java:419)
	at org.springframework.beans.factory.support.AbstractAutowireCapableBeanFactory.invokeInitMethods(AbstractAutowireCapableBeanFactory.java:1862)
	at org.springframework.beans.factory.support.AbstractAutowireCapableBeanFactory.initializeBean(AbstractAutowireCapableBeanFactory.java:1811)
	... 15 common frames omitted
Caused by: org.hibernate.HibernateException: Unable to determine Dialect without JDBC metadata (please set 'jakarta.persistence.jdbc.url' for common cases or 'hibernate.dialect' when a custom Dialect implementation must be provided)
	at org.hibernate.engine.jdbc.dialect.internal.DialectFactoryImpl.determineDialect(DialectFactoryImpl.java:190)
	at org.hibernate.engine.jdbc.dialect.internal.DialectFactoryImpl.buildDialect(DialectFactoryImpl.java:86)
	at org.hibernate.engine.jdbc.env.internal.JdbcEnvironmentInitiator.getJdbcEnvironmentWithDefaults(JdbcEnvironmentInitiator.java:200)
	at org.hibernate.engine.jdbc.env.internal.JdbcEnvironmentInitiator.getJdbcEnvironmentUsingJdbcMetadata(JdbcEnvironmentInitiator.java:452)
	at org.hibernate.engine.jdbc.env.internal.JdbcEnvironmentInitiator.getJdbcEnvironment(JdbcEnvironmentInitiator.java:143)
	at org.hibernate.engine.jdbc.env.internal.JdbcEnvironmentInitiator.initiateService(JdbcEnvironmentInitiator.java:120)
	at org.hibernate.engine.jdbc.env.internal.JdbcEnvironmentInitiator.initiateService(JdbcEnvironmentInitiator.java:80)
	at org.hibernate.boot.registry.internal.StandardServiceRegistryImpl.initiateService(StandardServiceRegistryImpl.java:133)
	at org.hibernate.service.internal.AbstractServiceRegistryImpl.createService(AbstractServiceRegistryImpl.java:260)
	... 31 common frames omitted
2026-07-14 22:12:58.745 INFO  [main] com.db_search.DbSearchApplication : Starting DbSearchApplication using Java 21.0.1 with PID 22732 (D:\MigrationReportTool\Backend\MigrationReport\target\classes started by Shaik Firoz in D:\MigrationReportTool\Backend\MigrationReport)
2026-07-14 22:12:58.747 DEBUG [main] com.db_search.DbSearchApplication : Running with Spring Boot v4.1.0, Spring v7.0.8
2026-07-14 22:12:58.747 INFO  [main] com.db_search.DbSearchApplication : No active profile set, falling back to 1 default profile: "default"
2026-07-14 22:12:59.183 INFO  [main] o.s.d.r.c.RepositoryConfigurationDelegate : Bootstrapping Spring Data JPA repositories in DEFAULT mode.
2026-07-14 22:12:59.224 INFO  [main] o.s.d.r.c.RepositoryConfigurationDelegate : Finished Spring Data repository scanning in 35 ms. Found 2 JPA repository interfaces.
2026-07-14 22:12:59.492 INFO  [main] o.s.boot.tomcat.TomcatWebServer : Tomcat initialized with port 8080 (http)
2026-07-14 22:12:59.502 INFO  [main] o.a.coyote.http11.Http11NioProtocol : Initializing ProtocolHandler ["http-nio-8080"]
2026-07-14 22:12:59.503 INFO  [main] o.apache.catalina.core.StandardService : Starting service [Tomcat]
2026-07-14 22:12:59.503 INFO  [main] o.apache.catalina.core.StandardEngine : Starting Servlet engine: [Apache Tomcat/11.0.22]
2026-07-14 22:12:59.557 INFO  [main] o.s.b.w.c.s.WebApplicationContextInitializer : Root WebApplicationContext: initialization completed in 773 ms
2026-07-14 22:12:59.681 INFO  [main] org.hibernate.orm.jpa : HHH008540: Processing PersistenceUnitInfo [name: default]
2026-07-14 22:12:59.715 INFO  [main] org.hibernate.orm.core : HHH000001: Hibernate ORM core version 7.4.1.Final
2026-07-14 22:13:00.002 INFO  [main] o.s.o.j.p.SpringPersistenceUnitInfo : No LoadTimeWeaver setup: ignoring JPA class transformer
2026-07-14 22:13:00.031 INFO  [main] com.zaxxer.hikari.HikariDataSource : HikariPool-1 - Starting...
2026-07-14 22:13:00.194 INFO  [main] com.zaxxer.hikari.pool.HikariPool : HikariPool-1 - Added connection org.postgresql.jdbc.PgConnection@48860139
2026-07-14 22:13:00.196 INFO  [main] com.zaxxer.hikari.HikariDataSource : HikariPool-1 - Start completed.
2026-07-14 22:13:00.272 INFO  [main] org.hibernate.orm.connections.pooling : HHH10001005: Database info:
	Database JDBC URL [jdbc:postgresql://localhost:5432/P8Migration]
	Database driver: PostgreSQL JDBC Driver
	Database dialect: PostgreSQLDialect
	Database version: 16.9
	Default catalog/schema: P8Migration/public
	Autocommit mode: undefined/unknown
	Isolation level: READ_COMMITTED [default READ_COMMITTED]
	JDBC fetch size: none
	Pool: DataSourceConnectionProvider
	Minimum pool size: undefined/unknown
	Maximum pool size: undefined/unknown
2026-07-14 22:13:01.249 INFO  [main] org.hibernate.orm.core : HHH000489: No JTA platform available (set 'hibernate.transaction.jta.platform' to enable JTA platform integration)
2026-07-14 22:13:01.316 INFO  [main] o.s.o.j.LocalContainerEntityManagerFactoryBean : Initialized JPA EntityManagerFactory for persistence unit 'default'
2026-07-14 22:13:01.377 INFO  [main] o.s.d.j.r.query.QueryEnhancerFactories : Hibernate is in classpath; If applicable, HQL parser will be used.
2026-07-14 22:13:01.461 WARN  [main] o.s.b.w.s.s.c.AnnotationConfigServletWebServerApplicationContext : Exception encountered during context initialization - cancelling refresh attempt: org.springframework.beans.factory.UnsatisfiedDependencyException: Error creating bean with name 'checksumController' defined in file [D:\MigrationReportTool\Backend\MigrationReport\target\classes\com\db_search\controller\ChecksumController.class]: Unsatisfied dependency expressed through constructor parameter 0: Error creating bean with name 'checksumService' defined in file [D:\MigrationReportTool\Backend\MigrationReport\target\classes\com\db_search\service\ChecksumService.class]: Unsatisfied dependency expressed through constructor parameter 1: Error creating bean with name 'configurationService' defined in file [D:\MigrationReportTool\Backend\MigrationReport\target\classes\com\db_search\service\ConfigurationService.class]: Unsatisfied dependency expressed through constructor parameter 0: No qualifying bean of type 'com.fasterxml.jackson.databind.ObjectMapper' available: expected at least 1 bean which qualifies as autowire candidate. Dependency annotations: {}
2026-07-14 22:13:01.461 INFO  [main] o.s.o.j.LocalContainerEntityManagerFactoryBean : Closing JPA EntityManagerFactory for persistence unit 'default'
2026-07-14 22:13:01.464 INFO  [main] com.zaxxer.hikari.HikariDataSource : HikariPool-1 - Shutdown initiated...
2026-07-14 22:13:01.472 INFO  [main] com.zaxxer.hikari.HikariDataSource : HikariPool-1 - Shutdown completed.
2026-07-14 22:13:01.478 INFO  [main] o.apache.catalina.core.StandardService : Stopping service [Tomcat]
2026-07-14 22:13:01.490 INFO  [main] o.s.b.a.l.ConditionEvaluationReportLogger : 

Error starting ApplicationContext. To display the condition evaluation report re-run your application with 'debug' enabled.
2026-07-14 22:13:01.505 ERROR [main] o.s.b.d.LoggingFailureAnalysisReporter : 

***************************
APPLICATION FAILED TO START
***************************

Description:

Parameter 0 of constructor in com.db_search.service.ConfigurationService required a bean of type 'com.fasterxml.jackson.databind.ObjectMapper' that could not be found.


Action:

Consider defining a bean of type 'com.fasterxml.jackson.databind.ObjectMapper' in your configuration.

2026-07-14 22:14:47.422 INFO  [main] com.db_search.DbSearchApplication : Starting DbSearchApplication using Java 21.0.1 with PID 26368 (D:\MigrationReportTool\Backend\MigrationReport\target\classes started by Shaik Firoz in D:\MigrationReportTool\Backend\MigrationReport)
2026-07-14 22:14:47.424 DEBUG [main] com.db_search.DbSearchApplication : Running with Spring Boot v4.1.0, Spring v7.0.8
2026-07-14 22:14:47.425 INFO  [main] com.db_search.DbSearchApplication : No active profile set, falling back to 1 default profile: "default"
2026-07-14 22:14:47.926 INFO  [main] o.s.d.r.c.RepositoryConfigurationDelegate : Bootstrapping Spring Data JPA repositories in DEFAULT mode.
2026-07-14 22:14:47.979 INFO  [main] o.s.d.r.c.RepositoryConfigurationDelegate : Finished Spring Data repository scanning in 44 ms. Found 2 JPA repository interfaces.
2026-07-14 22:14:48.344 INFO  [main] o.s.boot.tomcat.TomcatWebServer : Tomcat initialized with port 8080 (http)
2026-07-14 22:14:48.353 INFO  [main] o.a.coyote.http11.Http11NioProtocol : Initializing ProtocolHandler ["http-nio-8080"]
2026-07-14 22:14:48.355 INFO  [main] o.apache.catalina.core.StandardService : Starting service [Tomcat]
2026-07-14 22:14:48.355 INFO  [main] o.apache.catalina.core.StandardEngine : Starting Servlet engine: [Apache Tomcat/11.0.22]
2026-07-14 22:14:48.408 INFO  [main] o.s.b.w.c.s.WebApplicationContextInitializer : Root WebApplicationContext: initialization completed in 949 ms
2026-07-14 22:14:48.556 INFO  [main] org.hibernate.orm.jpa : HHH008540: Processing PersistenceUnitInfo [name: default]
2026-07-14 22:14:48.712 INFO  [main] org.hibernate.orm.core : HHH000001: Hibernate ORM core version 7.4.1.Final
2026-07-14 22:14:49.113 INFO  [main] o.s.o.j.p.SpringPersistenceUnitInfo : No LoadTimeWeaver setup: ignoring JPA class transformer
2026-07-14 22:14:49.144 INFO  [main] com.zaxxer.hikari.HikariDataSource : HikariPool-1 - Starting...
2026-07-14 22:14:49.306 INFO  [main] com.zaxxer.hikari.pool.HikariPool : HikariPool-1 - Added connection org.postgresql.jdbc.PgConnection@5d22ed6c
2026-07-14 22:14:49.308 INFO  [main] com.zaxxer.hikari.HikariDataSource : HikariPool-1 - Start completed.
2026-07-14 22:14:49.378 INFO  [main] org.hibernate.orm.connections.pooling : HHH10001005: Database info:
	Database JDBC URL [jdbc:postgresql://localhost:5432/P8Migration]
	Database driver: PostgreSQL JDBC Driver
	Database dialect: PostgreSQLDialect
	Database version: 16.9
	Default catalog/schema: P8Migration/public
	Autocommit mode: undefined/unknown
	Isolation level: READ_COMMITTED [default READ_COMMITTED]
	JDBC fetch size: none
	Pool: DataSourceConnectionProvider
	Minimum pool size: undefined/unknown
	Maximum pool size: undefined/unknown
2026-07-14 22:14:50.324 INFO  [main] org.hibernate.orm.core : HHH000489: No JTA platform available (set 'hibernate.transaction.jta.platform' to enable JTA platform integration)
2026-07-14 22:14:50.377 INFO  [main] o.s.o.j.LocalContainerEntityManagerFactoryBean : Initialized JPA EntityManagerFactory for persistence unit 'default'
2026-07-14 22:14:50.432 INFO  [main] o.s.d.j.r.query.QueryEnhancerFactories : Hibernate is in classpath; If applicable, HQL parser will be used.
2026-07-14 22:14:50.610 WARN  [main] o.s.b.j.a.JpaBaseConfiguration$JpaWebConfiguration : spring.jpa.open-in-view is enabled by default. Therefore, database queries may be performed during view rendering. Explicitly configure spring.jpa.open-in-view to disable this warning
2026-07-14 22:14:50.941 INFO  [main] o.a.coyote.http11.Http11NioProtocol : Starting ProtocolHandler ["http-nio-8080"]
2026-07-14 22:14:50.966 INFO  [main] o.s.boot.tomcat.TomcatWebServer : Tomcat started on port 8080 (http) with context path '/'
2026-07-14 22:14:50.972 INFO  [main] com.db_search.DbSearchApplication : Started DbSearchApplication in 3.927 seconds (process running for 4.554)
2026-07-14 22:15:19.520 INFO  [http-nio-8080-exec-1] o.a.c.c.C.[Tomcat].[localhost].[/] : Initializing Spring DispatcherServlet 'dispatcherServlet'
2026-07-14 22:15:19.520 INFO  [http-nio-8080-exec-1] o.s.web.servlet.DispatcherServlet : Initializing Servlet 'dispatcherServlet'
2026-07-14 22:15:19.520 INFO  [http-nio-8080-exec-1] o.s.web.servlet.DispatcherServlet : Completed initialization in 0 ms
2026-07-14 22:23:47.675 INFO  [RMI TCP Connection(11)-127.0.0.1] o.s.b.a.SpringApplicationAdminMXBeanRegistrar$SpringApplicationAdmin : Application shutdown requested.
2026-07-14 22:23:47.681 INFO  [RMI TCP Connection(11)-127.0.0.1] o.s.boot.tomcat.GracefulShutdown : Commencing graceful shutdown. Waiting for active requests to complete
2026-07-14 22:23:47.684 INFO  [tomcat-shutdown] o.a.coyote.http11.Http11NioProtocol : Pausing ProtocolHandler ["http-nio-8080"]
2026-07-14 22:23:47.698 INFO  [tomcat-shutdown] o.s.boot.tomcat.GracefulShutdown : Graceful shutdown complete
2026-07-14 22:23:47.700 INFO  [RMI TCP Connection(11)-127.0.0.1] o.a.coyote.http11.Http11NioProtocol : Stopping ProtocolHandler ["http-nio-8080"]
2026-07-14 22:23:47.709 INFO  [RMI TCP Connection(11)-127.0.0.1] o.s.o.j.LocalContainerEntityManagerFactoryBean : Closing JPA EntityManagerFactory for persistence unit 'default'
2026-07-14 22:23:47.712 INFO  [RMI TCP Connection(11)-127.0.0.1] com.zaxxer.hikari.HikariDataSource : HikariPool-1 - Shutdown initiated...
2026-07-14 22:23:47.719 INFO  [RMI TCP Connection(11)-127.0.0.1] com.zaxxer.hikari.HikariDataSource : HikariPool-1 - Shutdown completed.
2026-07-14 22:23:50.721 INFO  [main] com.db_search.DbSearchApplication : Starting DbSearchApplication using Java 21.0.1 with PID 37396 (D:\MigrationReportTool\Backend\MigrationReport\target\classes started by Shaik Firoz in D:\MigrationReportTool\Backend\MigrationReport)
2026-07-14 22:23:50.723 DEBUG [main] com.db_search.DbSearchApplication : Running with Spring Boot v4.1.0, Spring v7.0.8
2026-07-14 22:23:50.724 INFO  [main] com.db_search.DbSearchApplication : No active profile set, falling back to 1 default profile: "default"
2026-07-14 22:23:51.246 INFO  [main] o.s.d.r.c.RepositoryConfigurationDelegate : Bootstrapping Spring Data JPA repositories in DEFAULT mode.
2026-07-14 22:23:51.297 INFO  [main] o.s.d.r.c.RepositoryConfigurationDelegate : Finished Spring Data repository scanning in 41 ms. Found 2 JPA repository interfaces.
2026-07-14 22:23:51.624 INFO  [main] o.s.boot.tomcat.TomcatWebServer : Tomcat initialized with port 8080 (http)
2026-07-14 22:23:51.636 INFO  [main] o.a.coyote.http11.Http11NioProtocol : Initializing ProtocolHandler ["http-nio-8080"]
2026-07-14 22:23:51.638 INFO  [main] o.apache.catalina.core.StandardService : Starting service [Tomcat]
2026-07-14 22:23:51.638 INFO  [main] o.apache.catalina.core.StandardEngine : Starting Servlet engine: [Apache Tomcat/11.0.22]
2026-07-14 22:23:51.700 INFO  [main] o.s.b.w.c.s.WebApplicationContextInitializer : Root WebApplicationContext: initialization completed in 934 ms
2026-07-14 22:23:51.858 INFO  [main] org.hibernate.orm.jpa : HHH008540: Processing PersistenceUnitInfo [name: default]
2026-07-14 22:23:51.923 INFO  [main] org.hibernate.orm.core : HHH000001: Hibernate ORM core version 7.4.1.Final
2026-07-14 22:23:52.270 INFO  [main] o.s.o.j.p.SpringPersistenceUnitInfo : No LoadTimeWeaver setup: ignoring JPA class transformer
2026-07-14 22:23:52.303 INFO  [main] com.zaxxer.hikari.HikariDataSource : HikariPool-1 - Starting...
2026-07-14 22:23:52.493 INFO  [main] com.zaxxer.hikari.pool.HikariPool : HikariPool-1 - Added connection org.postgresql.jdbc.PgConnection@5d22ed6c
2026-07-14 22:23:52.494 INFO  [main] com.zaxxer.hikari.HikariDataSource : HikariPool-1 - Start completed.
2026-07-14 22:23:52.677 INFO  [main] org.hibernate.orm.connections.pooling : HHH10001005: Database info:
	Database JDBC URL [jdbc:postgresql://localhost:5432/P8Migration]
	Database driver: PostgreSQL JDBC Driver
	Database dialect: PostgreSQLDialect
	Database version: 16.9
	Default catalog/schema: P8Migration/public
	Autocommit mode: undefined/unknown
	Isolation level: READ_COMMITTED [default READ_COMMITTED]
	JDBC fetch size: none
	Pool: DataSourceConnectionProvider
	Minimum pool size: undefined/unknown
	Maximum pool size: undefined/unknown
2026-07-14 22:23:53.605 INFO  [main] org.hibernate.orm.core : HHH000489: No JTA platform available (set 'hibernate.transaction.jta.platform' to enable JTA platform integration)
2026-07-14 22:23:53.654 INFO  [main] o.s.o.j.LocalContainerEntityManagerFactoryBean : Initialized JPA EntityManagerFactory for persistence unit 'default'
2026-07-14 22:23:53.711 INFO  [main] o.s.d.j.r.query.QueryEnhancerFactories : Hibernate is in classpath; If applicable, HQL parser will be used.
2026-07-14 22:23:53.898 WARN  [main] o.s.b.j.a.JpaBaseConfiguration$JpaWebConfiguration : spring.jpa.open-in-view is enabled by default. Therefore, database queries may be performed during view rendering. Explicitly configure spring.jpa.open-in-view to disable this warning
2026-07-14 22:23:54.205 INFO  [main] o.a.coyote.http11.Http11NioProtocol : Starting ProtocolHandler ["http-nio-8080"]
2026-07-14 22:23:54.229 INFO  [main] o.s.boot.tomcat.TomcatWebServer : Tomcat started on port 8080 (http) with context path '/'
2026-07-14 22:23:54.234 INFO  [main] com.db_search.DbSearchApplication : Started DbSearchApplication in 3.924 seconds (process running for 4.558)
2026-07-14 22:23:59.513 INFO  [http-nio-8080-exec-1] o.a.c.c.C.[Tomcat].[localhost].[/] : Initializing Spring DispatcherServlet 'dispatcherServlet'
2026-07-14 22:23:59.513 INFO  [http-nio-8080-exec-1] o.s.web.servlet.DispatcherServlet : Initializing Servlet 'dispatcherServlet'
2026-07-14 22:23:59.516 INFO  [http-nio-8080-exec-1] o.s.web.servlet.DispatcherServlet : Completed initialization in 3 ms
2026-07-14 22:36:19.411 DEBUG [http-nio-8080-exec-5] c.d.controller.DiscoveryController : Fetching document classes for appId: ccol
2026-07-14 22:36:26.592 INFO  [http-nio-8080-exec-9] c.d.controller.DiscoveryController : Executing report for endpoint: doc-count, appId: ccol
2026-07-14 22:36:33.951 INFO  [http-nio-8080-exec-7] c.d.controller.DiscoveryController : Executing report for endpoint: doc-mime, appId: ccol
2026-07-14 22:36:37.214 INFO  [http-nio-8080-exec-2] c.d.controller.DiscoveryController : Executing report for endpoint: size-bucket, appId: ccol
2026-07-14 22:36:40.361 INFO  [http-nio-8080-exec-3] c.d.controller.DiscoveryController : Executing report for endpoint: doc-year-wise, appId: ccol
2026-07-14 22:36:43.918 INFO  [http-nio-8080-exec-5] c.d.controller.DiscoveryController : Executing report for endpoint: doc-year-month, appId: ccol
