[T 07:08:57 30944] Initializing tracer.
[T 07:08:57 30944] Initializing tags.
[T 07:08:58 30944] CodeQL CLI version 2.26.1
[T 07:08:58 30944] Initializing tracer.
[T 07:08:58 30944] Initializing tags.
[T 07:08:58 30944] Allocated ID BA9AC4C3000078E0_0000000000000001 (parent )
[T 07:08:58 30944] ==== Candidate to intercept: C:\Users\Shaik Firoz\Downloads\codeql-win64\codeql\tools\win64\runner.exe (25968) ====
[T 07:08:58 30944] Lua: === Intercepted call to c:\users\shaik firoz\downloads\codeql-win64\codeql\tools\win64\runner.exe ===
[T 07:08:58 30944] Executing the following tracer actions:
[T 07:08:58 30944] Tracer actions:
[T 07:08:58 30944] pre_invocations(0)
[T 07:08:58 30944] post_invocations(0)
[T 07:08:58 30944] trace_languages(1): [java]
[T 07:08:58 25968] Initializing tracer.
[T 07:08:58 25968] Initializing tags.
[T 07:08:58 25968] ID set to BA9AC4C3000078E0_0000000000000001 (parent root)
[T 07:08:58 25968] Allocated ID 3D17FB7900006570_0000000000000001 (parent BA9AC4C3000078E0_0000000000000001)
[T 07:08:58 25968] ==== Candidate to intercept: C:\Windows\System32\cmd.exe (38688) ====
[T 07:08:58 25968] Lua: === Intercepted call to c:\windows\system32\cmd.exe ===
[T 07:08:58 25968] Executing the following tracer actions:
[T 07:08:58 25968] Tracer actions:
[T 07:08:58 25968] pre_invocations(0)
[T 07:08:58 25968] post_invocations(0)
[T 07:08:58 25968] trace_languages(1): [java]
[T 07:08:58 38688] Initializing tracer.
[T 07:08:58 38688] Initializing tags.
[T 07:08:58 38688] ID set to 3D17FB7900006570_0000000000000001 (parent BA9AC4C3000078E0_0000000000000001)
[T 07:08:58 38688] Allocated ID F760BE6C00009720_0000000000000001 (parent 3D17FB7900006570_0000000000000001)
[T 07:08:58 38688] ==== Candidate to intercept: C:\Windows\System32\cmd.exe (62180) ====
[T 07:08:58 38688] Lua: === Intercepted call to c:\windows\system32\cmd.exe ===
[T 07:08:58 38688] Executing the following tracer actions:
[T 07:08:58 38688] Tracer actions:
[T 07:08:58 38688] pre_invocations(0)
[T 07:08:58 38688] post_invocations(0)
[T 07:08:58 38688] trace_languages(1): [java]
[T 07:08:58 62180] Initializing tracer.
[T 07:08:58 62180] Initializing tags.
[T 07:08:58 62180] ID set to F760BE6C00009720_0000000000000001 (parent 3D17FB7900006570_0000000000000001)
[T 07:08:58 62180] Allocated ID CF8C44CB0000F2E4_0000000000000001 (parent F760BE6C00009720_0000000000000001)
[T 07:08:58 62180] ==== Candidate to intercept: C:\Windows\System32\WindowsPowerShell\v1.0\powershell.exe (17092) ====
[T 07:08:58 62180] Lua: === Intercepted call to c:\windows\system32\windowspowershell\v1.0\powershell.exe ===
[T 07:08:58 62180] Executing the following tracer actions:
[T 07:08:58 62180] Tracer actions:
[T 07:08:58 62180] pre_invocations(0)
[T 07:08:58 62180] post_invocations(0)
[T 07:08:58 62180] trace_languages(1): [java]
[T 07:08:58 17092] Initializing tracer.
[T 07:08:58 17092] Initializing tags.
[T 07:08:58 17092] ID set to CF8C44CB0000F2E4_0000000000000001 (parent F760BE6C00009720_0000000000000001)
[T 07:08:59 38688] Allocated ID 6196EE6000009720_0000000000000001 (parent 3D17FB7900006570_0000000000000001)
[T 07:08:59 38688] ==== Candidate to intercept: C:\Program Files\Common Files\Oracle\Java\javapath_target_8630125\java.exe (56088) ====
[T 07:08:59 38688] Lua: === Intercepted call to c:\program files\common files\oracle\java\javapath_target_8630125\java.exe ===
[T 07:08:59 38688] Executing the following tracer actions:
[T 07:08:59 38688] Tracer actions:
[T 07:08:59 38688] pre_invocations(0)
[T 07:08:59 38688] post_invocations(0)
[T 07:08:59 38688] trace_languages(1): [java]
[T 07:08:59 56088] Initializing tracer.
[T 07:08:59 56088] Initializing tags.
[T 07:08:59 56088] ID set to 6196EE6000009720_0000000000000001 (parent 3D17FB7900006570_0000000000000001)
[T 07:08:59 56088] Allocated ID 869FAEAE0000DB18_0000000000000001 (parent 6196EE6000009720_0000000000000001)
[T 07:08:59 56088] ==== Candidate to intercept: C:\Program Files\Java\jdk-21\bin\java.exe (23524) ====
[T 07:08:59 56088] Lua: === Intercepted call to c:\program files\java\jdk-21\bin\java.exe ===
[T 07:08:59 56088] Executing the following tracer actions:
[T 07:08:59 56088] Tracer actions:
[T 07:08:59 56088] pre_invocations(0)
[T 07:08:59 56088] post_invocations(0)
[T 07:08:59 56088] trace_languages(1): [java]
[T 07:08:59 23524] Initializing tracer.
[T 07:08:59 23524] Initializing tags.
[T 07:08:59 23524] ID set to 869FAEAE0000DB18_0000000000000001 (parent 6196EE6000009720_0000000000000001)
[T 07:08:59 23524] Passing through -javaagent:C:\Users\Shaik Firoz\Downloads\codeql-win64\codeql\java\tools\codeql-java-agent.jar=ignore-project,java,kotlin to underlying JVM.
[T 07:08:59 23524] Passing through -Xbootclasspath/a:C:\Users\Shaik Firoz\Downloads\codeql-win64\codeql\java\tools\codeql-java-agent.jar to underlying JVM.
[T 07:08:59 23524] Intercepted JVM creation with extra hidden args: ['-javaagent:C:\Users\Shaik Firoz\Downloads\codeql-win64\codeql\java\tools\codeql-java-agent.jar=ignore-project,java,kotlin' '-Xbootclasspath/a:C:\Users\Shaik Firoz\Downloads\codeql-win64\codeql\java\tools\codeql-java-agent.jar' ] (result: 1, 0).
[T 07:08:59 38688] Allocated ID FAA46FBD00009720_0000000000000001 (parent 3D17FB7900006570_0000000000000001)
[T 07:08:59 38688] ==== Candidate to intercept: C:\Program Files\Common Files\Oracle\Java\javapath_target_8630125\java.exe (59784) ====
[T 07:08:59 38688] Lua: === Intercepted call to c:\program files\common files\oracle\java\javapath_target_8630125\java.exe ===
[T 07:08:59 38688] Executing the following tracer actions:
[T 07:08:59 38688] Tracer actions:
[T 07:08:59 38688] pre_invocations(0)
[T 07:08:59 38688] post_invocations(0)
[T 07:08:59 38688] trace_languages(1): [java]
[T 07:08:59 59784] Initializing tracer.
[T 07:08:59 59784] Initializing tags.
[T 07:08:59 59784] ID set to FAA46FBD00009720_0000000000000001 (parent 3D17FB7900006570_0000000000000001)
[T 07:09:00 59784] Allocated ID E501CAAF0000E988_0000000000000001 (parent FAA46FBD00009720_0000000000000001)
[T 07:09:00 59784] ==== Candidate to intercept: C:\Program Files\Java\jdk-21\bin\java.exe (43516) ====
[T 07:09:00 59784] Lua: === Intercepted call to c:\program files\java\jdk-21\bin\java.exe ===
[T 07:09:00 59784] Executing the following tracer actions:
[T 07:09:00 59784] Tracer actions:
[T 07:09:00 59784] pre_invocations(0)
[T 07:09:00 59784] post_invocations(0)
[T 07:09:00 59784] trace_languages(1): [java]
[T 07:09:00 43516] Initializing tracer.
[T 07:09:00 43516] Initializing tags.
[T 07:09:00 43516] ID set to E501CAAF0000E988_0000000000000001 (parent FAA46FBD00009720_0000000000000001)
[T 07:09:00 43516] Passing through -javaagent:C:\Users\Shaik Firoz\Downloads\codeql-win64\codeql\java\tools\codeql-java-agent.jar=ignore-project,java,kotlin to underlying JVM.
[T 07:09:00 43516] Passing through -Xbootclasspath/a:C:\Users\Shaik Firoz\Downloads\codeql-win64\codeql\java\tools\codeql-java-agent.jar to underlying JVM.
[T 07:09:00 43516] Intercepted JVM creation with extra hidden args: ['-javaagent:C:\Users\Shaik Firoz\Downloads\codeql-win64\codeql\java\tools\codeql-java-agent.jar=ignore-project,java,kotlin' '-Xbootclasspath/a:C:\Users\Shaik Firoz\Downloads\codeql-win64\codeql\java\tools\codeql-java-agent.jar' ] (result: 1, 0).
[T 07:09:10 43516] Allocated ID 135DF3160000A9FC_0000000000000001 (parent E501CAAF0000E988_0000000000000001)
[T 07:09:10 43516] ==== Candidate to intercept: C:\Program Files\Java\jdk-21\bin\java.exe (39204) ====
[T 07:09:10 43516] Lua: === Intercepted call to c:\program files\java\jdk-21\bin\java.exe ===
[T 07:09:10 43516] Executing the following tracer actions:
[T 07:09:10 43516] Tracer actions:
[T 07:09:10 43516] pre_invocations(0)
[T 07:09:10 43516] post_invocations(0)
[T 07:09:10 43516] trace_languages(1): [java]
[T 07:09:10 39204] Initializing tracer.
[T 07:09:10 39204] Initializing tags.
[T 07:09:10 39204] ID set to 135DF3160000A9FC_0000000000000001 (parent E501CAAF0000E988_0000000000000001)
[T 07:09:10 39204] Passing through -javaagent:C:\Users\Shaik Firoz\Downloads\codeql-win64\codeql\java\tools\codeql-java-agent.jar=ignore-project,java,kotlin to underlying JVM.
[T 07:09:10 39204] Passing through -Xbootclasspath/a:C:\Users\Shaik Firoz\Downloads\codeql-win64\codeql\java\tools\codeql-java-agent.jar to underlying JVM.
[T 07:09:10 39204] Intercepted JVM creation with extra hidden args: ['-javaagent:C:\Users\Shaik Firoz\Downloads\codeql-win64\codeql\java\tools\codeql-java-agent.jar=ignore-project,java,kotlin' '-Xbootclasspath/a:C:\Users\Shaik Firoz\Downloads\codeql-win64\codeql\java\tools\codeql-java-agent.jar' ] (result: 1, 0).
[T 07:10:05 43516] Allocated ID CF9691F40000A9FC_0000000000000001 (parent E501CAAF0000E988_0000000000000001)
[T 07:10:05 43516] ==== Candidate to intercept: C:\Program Files\Java\jdk-21\bin\java.exe (56476) ====
[T 07:10:05 43516] Lua: === Intercepted call to c:\program files\java\jdk-21\bin\java.exe ===
[T 07:10:05 43516] Executing the following tracer actions:
[T 07:10:05 43516] Tracer actions:
[T 07:10:05 43516] pre_invocations(0)
[T 07:10:05 43516] post_invocations(0)
[T 07:10:05 43516] trace_languages(1): [java]
[T 07:10:06 56476] Initializing tracer.
[T 07:10:06 56476] Initializing tags.
[T 07:10:06 56476] ID set to CF9691F40000A9FC_0000000000000001 (parent E501CAAF0000E988_0000000000000001)
[T 07:10:06 56476] Passing through -javaagent:C:\Users\Shaik Firoz\Downloads\codeql-win64\codeql\java\tools\codeql-java-agent.jar=ignore-project,java,kotlin to underlying JVM.
[T 07:10:06 56476] Passing through -Xbootclasspath/a:C:\Users\Shaik Firoz\Downloads\codeql-win64\codeql\java\tools\codeql-java-agent.jar to underlying JVM.
[T 07:10:06 56476] Intercepted JVM creation with extra hidden args: ['-javaagent:C:\Users\Shaik Firoz\Downloads\codeql-win64\codeql\java\tools\codeql-java-agent.jar=ignore-project,java,kotlin' '-Xbootclasspath/a:C:\Users\Shaik Firoz\Downloads\codeql-win64\codeql\java\tools\codeql-java-agent.jar' ] (result: 1, 0).
