[2026-07-27 12:40:07] [javac-extractor-56476] Starting extraction for:
                                              sun.java.command=com.semmle.extractor.java.JavaExtractor --jdk-version 21 --javac-args @@@D:\MigrationReportTool\Backend\MigrationReport\migration-api-db\log\ext\javac-1.args
                                              user.dir=D:\MigrationReportTool\Backend\MigrationReport
[2026-07-27 12:40:07] [javac-extractor-56476] Compilation name D:/MigrationReportTool/Backend/MigrationReport/migration-api-db/trap/java/diagnostics/diagnostic-1.trap.gz
[2026-07-27 12:40:07] [javac-extractor-56476] [WARN] Appending source destination directory D:\MigrationReportTool\Backend\MigrationReport\target\generated-test-sources\test-annotations to sourcepath
[2026-07-27 12:40:11] [javac-extractor-56476] Annotation processor class 'lombok.launch.AnnotationProcessorHider$AnnotationProcessor' initialized.
[2026-07-27 12:40:12] [javac-extractor-56476] Annotation processor class 'lombok.launch.AnnotationProcessorHider$ClaimingProcessor' initialized.
[2026-07-27 12:40:12] [javac-extractor-56476] 1 files will be passed to the attrib/flow phase
[2026-07-27 12:40:12] [javac-extractor-56476] Processing file D:\MigrationReportTool\Backend\MigrationReport\src\test\java\com\migrationreport\MigrationReportApplicationTests.java
[2026-07-27 12:40:14] [javac-extractor-56476] Processing JAR file: C:/Users/Shaik Firoz/.m2/repository/org/junit/jupiter/junit-jupiter-api/6.0.3/junit-jupiter-api-6.0.3.jar
[2026-07-27 12:40:14] [javac-extractor-56476] Processing JAR file: C:/Users/Shaik Firoz/.m2/repository/org/springframework/boot/spring-boot-test/4.1.0/spring-boot-test-4.1.0.jar
[2026-07-27 12:40:14] [javac-extractor-56476] Processing JAR file: C:/Users/Shaik Firoz/.m2/repository/org/apiguardian/apiguardian-api/1.1.2/apiguardian-api-1.1.2.jar
[2026-07-27 12:40:14] [javac-extractor-56476] Processing JAR file: C:/Users/Shaik Firoz/.m2/repository/org/junit/platform/junit-platform-commons/6.0.3/junit-platform-commons-6.0.3.jar
[2026-07-27 12:40:14] [javac-extractor-56476] Processing JAR file: C:/Users/Shaik Firoz/.m2/repository/org/springframework/spring-test/7.0.8/spring-test-7.0.8.jar
[2026-07-27 12:40:14] [javac-extractor-56476] Processing JAR file: C:/Users/Shaik Firoz/.m2/repository/org/opentest4j/opentest4j/1.3.0/opentest4j-1.3.0.jar
[2026-07-27 12:40:14] [javac-extractor-56476] Javac init time: 4.6s
[2026-07-27 12:40:14] [javac-extractor-56476] Javac attr time: 0.1s
[2026-07-27 12:40:14] [javac-extractor-56476] Extractor time: 2.7s
[2026-07-27 12:40:14] [javac-extractor-56476] Other time: 0.4s
[2026-07-27 12:40:14] [javac-extractor-56476] Total time: 7.8s
