[2026-07-27 12:39:10] [javac-extractor-39204] Starting extraction for:
                                              sun.java.command=com.semmle.extractor.java.JavaExtractor --jdk-version 21 --javac-args @@@D:\MigrationReportTool\Backend\MigrationReport\migration-api-db\log\ext\javac.args
                                              user.dir=D:\MigrationReportTool\Backend\MigrationReport
[2026-07-27 12:39:10] [javac-extractor-39204] Compilation name D:/MigrationReportTool/Backend/MigrationReport/migration-api-db/trap/java/diagnostics/diagnostic.trap.gz
[2026-07-27 12:39:11] [javac-extractor-39204] Annotation processors enabled, and lombok usage detected in file: D:\MigrationReportTool\Backend\MigrationReport\src\main\java\com\migrationreport\MigrationReportApplication.java
[2026-07-27 12:39:11] [javac-extractor-39204] Annotation processors enabled, and lombok usage detected in file: D:\MigrationReportTool\Backend\MigrationReport\src\main\java\com\migrationreport\config\DataSourceConfig.java
[2026-07-27 12:39:11] [javac-extractor-39204] Annotation processors enabled, and lombok usage detected in file: D:\MigrationReportTool\Backend\MigrationReport\src\main\java\com\migrationreport\controller\AuthController.java
[2026-07-27 12:39:11] [javac-extractor-39204] Annotation processors enabled, and lombok usage detected in file: D:\MigrationReportTool\Backend\MigrationReport\src\main\java\com\migrationreport\controller\ChecksumController.java
[2026-07-27 12:39:11] [javac-extractor-39204] Annotation processors enabled, and lombok usage detected in file: D:\MigrationReportTool\Backend\MigrationReport\src\main\java\com\migrationreport\controller\ColumnConfigController.java
[2026-07-27 12:39:11] [javac-extractor-39204] Annotation processors enabled, and lombok usage detected in file: D:\MigrationReportTool\Backend\MigrationReport\src\main\java\com\migrationreport\controller\ConfigurationController.java
[2026-07-27 12:39:11] [javac-extractor-39204] Annotation processors enabled, and lombok usage detected in file: D:\MigrationReportTool\Backend\MigrationReport\src\main\java\com\migrationreport\controller\DeliverableController.java
[2026-07-27 12:39:11] [javac-extractor-39204] Annotation processors enabled, and lombok usage detected in file: D:\MigrationReportTool\Backend\MigrationReport\src\main\java\com\migrationreport\controller\DiscoveryController.java
[2026-07-27 12:39:11] [javac-extractor-39204] Annotation processors enabled, and lombok usage detected in file: D:\MigrationReportTool\Backend\MigrationReport\src\main\java\com\migrationreport\controller\ExceptionController.java
[2026-07-27 12:39:11] [javac-extractor-39204] Annotation processors enabled, and lombok usage detected in file: D:\MigrationReportTool\Backend\MigrationReport\src\main\java\com\migrationreport\controller\MonitorController.java
[2026-07-27 12:39:11] [javac-extractor-39204] Annotation processors enabled, and lombok usage detected in file: D:\MigrationReportTool\Backend\MigrationReport\src\main\java\com\migrationreport\controller\PropertyMappingController.java
[2026-07-27 12:39:11] [javac-extractor-39204] Annotation processors enabled, and lombok usage detected in file: D:\MigrationReportTool\Backend\MigrationReport\src\main\java\com\migrationreport\controller\SearchController.java
[2026-07-27 12:39:11] [javac-extractor-39204] Annotation processors enabled, and lombok usage detected in file: D:\MigrationReportTool\Backend\MigrationReport\src\main\java\com\migrationreport\dialect\DialectConfig.java
[2026-07-27 12:39:11] [javac-extractor-39204] Annotation processors enabled, and lombok usage detected in file: D:\MigrationReportTool\Backend\MigrationReport\src\main\java\com\migrationreport\dto\ChecksumRecordDTO.java
[2026-07-27 12:39:11] [javac-extractor-39204] Annotation processors enabled, and lombok usage detected in file: D:\MigrationReportTool\Backend\MigrationReport\src\main\java\com\migrationreport\dto\ChecksumReportRequest.java
[2026-07-27 12:39:11] [javac-extractor-39204] Annotation processors enabled, and lombok usage detected in file: D:\MigrationReportTool\Backend\MigrationReport\src\main\java\com\migrationreport\dto\ChecksumReportResponse.java
[2026-07-27 12:39:11] [javac-extractor-39204] Annotation processors enabled, and lombok usage detected in file: D:\MigrationReportTool\Backend\MigrationReport\src\main\java\com\migrationreport\dto\DeliverableRequest.java
[2026-07-27 12:39:11] [javac-extractor-39204] Annotation processors enabled, and lombok usage detected in file: D:\MigrationReportTool\Backend\MigrationReport\src\main\java\com\migrationreport\dto\DeliverableRowDTO.java
[2026-07-27 12:39:11] [javac-extractor-39204] Annotation processors enabled, and lombok usage detected in file: D:\MigrationReportTool\Backend\MigrationReport\src\main\java\com\migrationreport\dto\LogConfigDTO.java
[2026-07-27 12:39:11] [javac-extractor-39204] Annotation processors enabled, and lombok usage detected in file: D:\MigrationReportTool\Backend\MigrationReport\src\main\java\com\migrationreport\dto\LogEntryDTO.java
[2026-07-27 12:39:11] [javac-extractor-39204] Annotation processors enabled, and lombok usage detected in file: D:\MigrationReportTool\Backend\MigrationReport\src\main\java\com\migrationreport\dto\LoginRequest.java
[2026-07-27 12:39:11] [javac-extractor-39204] Annotation processors enabled, and lombok usage detected in file: D:\MigrationReportTool\Backend\MigrationReport\src\main\java\com\migrationreport\dto\MetadataFieldDTO.java
[2026-07-27 12:39:11] [javac-extractor-39204] Annotation processors enabled, and lombok usage detected in file: D:\MigrationReportTool\Backend\MigrationReport\src\main\java\com\migrationreport\dto\QuerySearchRequest.java
[2026-07-27 12:39:11] [javac-extractor-39204] Annotation processors enabled, and lombok usage detected in file: D:\MigrationReportTool\Backend\MigrationReport\src\main\java\com\migrationreport\dto\SearchRequest.java
[2026-07-27 12:39:11] [javac-extractor-39204] Annotation processors enabled, and lombok usage detected in file: D:\MigrationReportTool\Backend\MigrationReport\src\main\java\com\migrationreport\entity\BaseDocVersion.java
[2026-07-27 12:39:11] [javac-extractor-39204] Annotation processors enabled, and lombok usage detected in file: D:\MigrationReportTool\Backend\MigrationReport\src\main\java\com\migrationreport\entity\User.java
[2026-07-27 12:39:11] [javac-extractor-39204] Annotation processors enabled, and lombok usage detected in file: D:\MigrationReportTool\Backend\MigrationReport\src\main\java\com\migrationreport\exception\GlobalExceptionHandler.java
[2026-07-27 12:39:11] [javac-extractor-39204] Annotation processors enabled, and lombok usage detected in file: D:\MigrationReportTool\Backend\MigrationReport\src\main\java\com\migrationreport\service\ChecksumService.java
[2026-07-27 12:39:11] [javac-extractor-39204] Annotation processors enabled, and lombok usage detected in file: D:\MigrationReportTool\Backend\MigrationReport\src\main\java\com\migrationreport\service\ConfigurationService.java
[2026-07-27 12:39:11] [javac-extractor-39204] Annotation processors enabled, and lombok usage detected in file: D:\MigrationReportTool\Backend\MigrationReport\src\main\java\com\migrationreport\service\DeliverableService.java
[2026-07-27 12:39:11] [javac-extractor-39204] Annotation processors enabled, and lombok usage detected in file: D:\MigrationReportTool\Backend\MigrationReport\src\main\java\com\migrationreport\service\DiscoveryService.java
[2026-07-27 12:39:11] [javac-extractor-39204] Annotation processors enabled, and lombok usage detected in file: D:\MigrationReportTool\Backend\MigrationReport\src\main\java\com\migrationreport\service\ExceptionService.java
[2026-07-27 12:39:11] [javac-extractor-39204] Annotation processors enabled, and lombok usage detected in file: D:\MigrationReportTool\Backend\MigrationReport\src\main\java\com\migrationreport\service\PropertyMappingService.java
[2026-07-27 12:39:11] [javac-extractor-39204] Annotation processors enabled, and lombok usage detected in file: D:\MigrationReportTool\Backend\MigrationReport\src\main\java\com\migrationreport\service\SearchService.java
[2026-07-27 12:39:11] [javac-extractor-39204] Annotation processors enabled, and lombok usage detected in file: D:\MigrationReportTool\Backend\MigrationReport\src\main\java\com\migrationreport\util\TempUpdate.java
[2026-07-27 12:39:11] [javac-extractor-39204] [WARN] Appending source destination directory D:\MigrationReportTool\Backend\MigrationReport\target\generated-sources\annotations to sourcepath
[2026-07-27 12:39:17] [javac-extractor-39204] Annotation processor class 'lombok.launch.AnnotationProcessorHider$AnnotationProcessor' initialized.
[2026-07-27 12:39:18] [javac-extractor-39204] Annotation processor class 'lombok.launch.AnnotationProcessorHider$ClaimingProcessor' initialized.
[2026-07-27 12:39:18] [javac-extractor-39204] 58 files will be passed to the attrib/flow phase
[2026-07-27 12:39:18] [javac-extractor-39204] Processing file D:\MigrationReportTool\Backend\MigrationReport\src\main\java\com\migrationreport\MigrationReportApplication.java
[2026-07-27 12:39:41] [javac-extractor-39204] Processing module java.base
[2026-07-27 12:39:41] [javac-extractor-39204] Processing module java.desktop
[2026-07-27 12:39:41] [javac-extractor-39204] Processing module java.datatransfer
[2026-07-27 12:39:41] [javac-extractor-39204] Processing JAR file: C:/Users/Shaik Firoz/.m2/repository/org/springframework/boot/spring-boot/4.1.0/spring-boot-4.1.0.jar
[2026-07-27 12:39:41] [javac-extractor-39204] Processing JAR file: C:/Users/Shaik Firoz/.m2/repository/org/springframework/spring-core/7.0.8/spring-core-7.0.8.jar
[2026-07-27 12:39:41] [javac-extractor-39204] Processing JAR file: C:/Users/Shaik Firoz/.m2/repository/org/springframework/spring-context/7.0.8/spring-context-7.0.8.jar
[2026-07-27 12:39:42] [javac-extractor-39204] Processing JAR file: C:/Users/Shaik Firoz/.m2/repository/org/springframework/boot/spring-boot-autoconfigure/4.1.0/spring-boot-autoconfigure-4.1.0.jar
[2026-07-27 12:39:42] [javac-extractor-39204] Processing JAR file: C:/Users/Shaik Firoz/.m2/repository/org/projectlombok/lombok/1.18.46/lombok-1.18.46.jar
[2026-07-27 12:39:42] [javac-extractor-39204] Processing JAR file: C:/Users/Shaik Firoz/.m2/repository/org/slf4j/slf4j-api/2.0.18/slf4j-api-2.0.18.jar
[2026-07-27 12:39:42] [javac-extractor-39204] Processing JAR file: C:/Users/Shaik Firoz/.m2/repository/org/springframework/spring-beans/7.0.8/spring-beans-7.0.8.jar
[2026-07-27 12:39:42] [javac-extractor-39204] Processing JAR file: C:/Users/Shaik Firoz/.m2/repository/commons-logging/commons-logging/1.3.6/commons-logging-1.3.6.jar
[2026-07-27 12:39:42] [javac-extractor-39204] Processing file D:\MigrationReportTool\Backend\MigrationReport\src\main\java\com\migrationreport\config\DataSourceConfig.java
[2026-07-27 12:39:49] [javac-extractor-39204] Processing module java.sql
[2026-07-27 12:39:49] [javac-extractor-39204] Processing module java.logging
[2026-07-27 12:39:49] [javac-extractor-39204] Processing module java.xml
[2026-07-27 12:39:49] [javac-extractor-39204] Processing JAR file: C:/Users/Shaik Firoz/.m2/repository/org/springframework/boot/spring-boot-jdbc/4.1.0/spring-boot-jdbc-4.1.0.jar
[2026-07-27 12:39:49] [javac-extractor-39204] Processing JAR file: C:/Users/Shaik Firoz/.m2/repository/com/fasterxml/jackson/core/jackson-databind/2.21.5/jackson-databind-2.21.5.jar
[2026-07-27 12:39:49] [javac-extractor-39204] Processing JAR file: C:/Users/Shaik Firoz/.m2/repository/com/fasterxml/jackson/core/jackson-core/2.21.4/jackson-core-2.21.4.jar
[2026-07-27 12:39:49] [javac-extractor-39204] Processing JAR file: C:/Users/Shaik Firoz/.m2/repository/com/fasterxml/jackson/core/jackson-annotations/2.21/jackson-annotations-2.21.jar
[2026-07-27 12:39:49] [javac-extractor-39204] Processing file D:\MigrationReportTool\Backend\MigrationReport\src\main\java\com\migrationreport\dto\config\DbConfigWrapper.java
[2026-07-27 12:39:50] [javac-extractor-39204] Processing file D:\MigrationReportTool\Backend\MigrationReport\src\main\java\com\migrationreport\config\SecurityHeadersFilter.java
[2026-07-27 12:39:50] [javac-extractor-39204] Processing JAR file: C:/Users/Shaik Firoz/.m2/repository/org/apache/tomcat/embed/tomcat-embed-core/11.0.24/tomcat-embed-core-11.0.24.jar
[2026-07-27 12:39:50] [javac-extractor-39204] Processing file D:\MigrationReportTool\Backend\MigrationReport\src\main\java\com\migrationreport\config\WebConfig.java
[2026-07-27 12:39:53] [javac-extractor-39204] Processing JAR file: C:/Users/Shaik Firoz/.m2/repository/org/springframework/spring-webmvc/7.0.8/spring-webmvc-7.0.8.jar
[2026-07-27 12:39:53] [javac-extractor-39204] Processing JAR file: C:/Users/Shaik Firoz/.m2/repository/org/springframework/spring-web/7.0.8/spring-web-7.0.8.jar
[2026-07-27 12:39:53] [javac-extractor-39204] Processing file D:\MigrationReportTool\Backend\MigrationReport\src\main\java\com\migrationreport\controller\AuthController.java
[2026-07-27 12:39:55] [javac-extractor-39204] Processing JAR file: C:/Users/Shaik Firoz/.m2/repository/org/springframework/data/spring-data-jpa/4.1.0/spring-data-jpa-4.1.0.jar
[2026-07-27 12:39:55] [javac-extractor-39204] Processing JAR file: C:/Users/Shaik Firoz/.m2/repository/org/springframework/data/spring-data-commons/4.1.0/spring-data-commons-4.1.0.jar
[2026-07-27 12:39:55] [javac-extractor-39204] Processing JAR file: C:/Users/Shaik Firoz/.m2/repository/jakarta/persistence/jakarta.persistence-api/3.2.0/jakarta.persistence-api-3.2.0.jar
[2026-07-27 12:39:55] [javac-extractor-39204] Processing file D:\MigrationReportTool\Backend\MigrationReport\src\main\java\com\migrationreport\service\AuthService.java
[2026-07-27 12:39:55] [javac-extractor-39204] Processing file D:\MigrationReportTool\Backend\MigrationReport\src\main\java\com\migrationreport\dto\LoginRequest.java
[2026-07-27 12:39:55] [javac-extractor-39204] Processing file D:\MigrationReportTool\Backend\MigrationReport\src\main\java\com\migrationreport\repository\UserRepository.java
[2026-07-27 12:39:55] [javac-extractor-39204] Processing file D:\MigrationReportTool\Backend\MigrationReport\src\main\java\com\migrationreport\entity\User.java
[2026-07-27 12:39:55] [javac-extractor-39204] Processing file D:\MigrationReportTool\Backend\MigrationReport\src\main\java\com\migrationreport\controller\ChecksumController.java
[2026-07-27 12:39:56] [javac-extractor-39204] Processing JAR file: C:/Users/Shaik Firoz/.m2/repository/org/springframework/spring-jdbc/7.0.8/spring-jdbc-7.0.8.jar
[2026-07-27 12:39:56] [javac-extractor-39204] Processing JAR file: C:/Users/Shaik Firoz/.m2/repository/org/springframework/spring-tx/7.0.8/spring-tx-7.0.8.jar
[2026-07-27 12:39:56] [javac-extractor-39204] Processing JAR file: C:/Users/Shaik Firoz/.m2/repository/jakarta/annotation/jakarta.annotation-api/3.0.0/jakarta.annotation-api-3.0.0.jar
[2026-07-27 12:39:56] [javac-extractor-39204] Processing file D:\MigrationReportTool\Backend\MigrationReport\src\main\java\com\migrationreport\service\ChecksumService.java
[2026-07-27 12:39:56] [javac-extractor-39204] Processing file D:\MigrationReportTool\Backend\MigrationReport\src\main\java\com\migrationreport\dto\ChecksumReportRequest.java
[2026-07-27 12:39:56] [javac-extractor-39204] Processing file D:\MigrationReportTool\Backend\MigrationReport\src\main\java\com\migrationreport\dto\ChecksumReportResponse.java
[2026-07-27 12:39:56] [javac-extractor-39204] Processing file D:\MigrationReportTool\Backend\MigrationReport\src\main\java\com\migrationreport\service\ConfigurationService.java
[2026-07-27 12:39:57] [javac-extractor-39204] Processing file D:\MigrationReportTool\Backend\MigrationReport\src\main\java\com\migrationreport\dialect\SqlDialect.java
[2026-07-27 12:39:57] [javac-extractor-39204] Processing file D:\MigrationReportTool\Backend\MigrationReport\src\main\java\com\migrationreport\dto\config\TenantConfig.java
[2026-07-27 12:39:57] [javac-extractor-39204] Processing file D:\MigrationReportTool\Backend\MigrationReport\src\main\java\com\migrationreport\controller\ColumnConfigController.java
[2026-07-27 12:39:57] [javac-extractor-39204] Processing file D:\MigrationReportTool\Backend\MigrationReport\src\main\java\com\migrationreport\service\SearchService.java
[2026-07-27 12:39:58] [javac-extractor-39204] Processing file D:\MigrationReportTool\Backend\MigrationReport\src\main\java\com\migrationreport\dto\MetadataFieldDTO.java
[2026-07-27 12:39:58] [javac-extractor-39204] Processing file D:\MigrationReportTool\Backend\MigrationReport\src\main\java\com\migrationreport\security\QueryValidator.java
[2026-07-27 12:39:58] [javac-extractor-39204] Processing file D:\MigrationReportTool\Backend\MigrationReport\src\main\java\com\migrationreport\dto\SearchRequest.java
[2026-07-27 12:39:58] [javac-extractor-39204] Processing file D:\MigrationReportTool\Backend\MigrationReport\src\main\java\com\migrationreport\controller\ConfigurationController.java
[2026-07-27 12:39:58] [javac-extractor-39204] Processing file D:\MigrationReportTool\Backend\MigrationReport\src\main\java\com\migrationreport\controller\DeliverableController.java
[2026-07-27 12:39:59] [javac-extractor-39204] Processing file D:\MigrationReportTool\Backend\MigrationReport\src\main\java\com\migrationreport\service\DeliverableService.java
[2026-07-27 12:39:59] [javac-extractor-39204] Processing file D:\MigrationReportTool\Backend\MigrationReport\src\main\java\com\migrationreport\dto\DeliverableRequest.java
[2026-07-27 12:39:59] [javac-extractor-39204] Processing file D:\MigrationReportTool\Backend\MigrationReport\src\main\java\com\migrationreport\controller\DiscoveryController.java
[2026-07-27 12:39:59] [javac-extractor-39204] Processing file D:\MigrationReportTool\Backend\MigrationReport\src\main\java\com\migrationreport\service\DiscoveryService.java
[2026-07-27 12:40:00] [javac-extractor-39204] Processing file D:\MigrationReportTool\Backend\MigrationReport\src\main\java\com\migrationreport\dto\DiscoveryCriteria.java
[2026-07-27 12:40:00] [javac-extractor-39204] Processing file D:\MigrationReportTool\Backend\MigrationReport\src\main\java\com\migrationreport\controller\ExceptionController.java
[2026-07-27 12:40:00] [javac-extractor-39204] Processing file D:\MigrationReportTool\Backend\MigrationReport\src\main\java\com\migrationreport\dto\mapping\PropertyMappingTemplate.java
[2026-07-27 12:40:00] [javac-extractor-39204] Processing file D:\MigrationReportTool\Backend\MigrationReport\src\main\java\com\migrationreport\service\ExceptionService.java
[2026-07-27 12:40:00] [javac-extractor-39204] Processing file D:\MigrationReportTool\Backend\MigrationReport\src\main\java\com\migrationreport\dto\ExceptionCriteria.java
[2026-07-27 12:40:00] [javac-extractor-39204] Processing file D:\MigrationReportTool\Backend\MigrationReport\src\main\java\com\migrationreport\dto\CustomMetadataFilter.java
[2026-07-27 12:40:00] [javac-extractor-39204] Processing file D:\MigrationReportTool\Backend\MigrationReport\src\main\java\com\migrationreport\service\PropertyMappingService.java
[2026-07-27 12:40:00] [javac-extractor-39204] Processing file D:\MigrationReportTool\Backend\MigrationReport\src\main\java\com\migrationreport\controller\MonitorController.java
[2026-07-27 12:40:00] [javac-extractor-39204] Processing file D:\MigrationReportTool\Backend\MigrationReport\src\main\java\com\migrationreport\service\MonitorService.java
[2026-07-27 12:40:01] [javac-extractor-39204] Processing file D:\MigrationReportTool\Backend\MigrationReport\src\main\java\com\migrationreport\dto\LogConfigDTO.java
[2026-07-27 12:40:01] [javac-extractor-39204] Processing file D:\MigrationReportTool\Backend\MigrationReport\src\main\java\com\migrationreport\dto\LogEntryDTO.java
[2026-07-27 12:40:01] [javac-extractor-39204] Processing file D:\MigrationReportTool\Backend\MigrationReport\src\main\java\com\migrationreport\controller\PropertyMappingController.java
[2026-07-27 12:40:01] [javac-extractor-39204] Processing file D:\MigrationReportTool\Backend\MigrationReport\src\main\java\com\migrationreport\controller\SearchController.java
[2026-07-27 12:40:01] [javac-extractor-39204] Processing file D:\MigrationReportTool\Backend\MigrationReport\src\main\java\com\migrationreport\dto\QuerySearchRequest.java
[2026-07-27 12:40:01] [javac-extractor-39204] Processing file D:\MigrationReportTool\Backend\MigrationReport\src\main\java\com\migrationreport\dialect\DialectConfig.java
[2026-07-27 12:40:01] [javac-extractor-39204] Processing file D:\MigrationReportTool\Backend\MigrationReport\src\main\java\com\migrationreport\dialect\PostgresDialect.java
[2026-07-27 12:40:01] [javac-extractor-39204] Processing file D:\MigrationReportTool\Backend\MigrationReport\src\main\java\com\migrationreport\dialect\SqlServerDialect.java
[2026-07-27 12:40:02] [javac-extractor-39204] Processing file D:\MigrationReportTool\Backend\MigrationReport\src\main\java\com\migrationreport\dto\ChecksumRecordDTO.java
[2026-07-27 12:40:02] [javac-extractor-39204] Processing file D:\MigrationReportTool\Backend\MigrationReport\src\main\java\com\migrationreport\dto\DeliverableRowDTO.java
[2026-07-27 12:40:02] [javac-extractor-39204] Processing file D:\MigrationReportTool\Backend\MigrationReport\src\main\java\com\migrationreport\entity\BaseDocVersion.java
[2026-07-27 12:40:02] [javac-extractor-39204] Processing file D:\MigrationReportTool\Backend\MigrationReport\src\main\java\com\migrationreport\exception\ConfigurationException.java
[2026-07-27 12:40:02] [javac-extractor-39204] Processing file D:\MigrationReportTool\Backend\MigrationReport\src\main\java\com\migrationreport\exception\DatabaseQueryException.java
[2026-07-27 12:40:02] [javac-extractor-39204] Processing file D:\MigrationReportTool\Backend\MigrationReport\src\main\java\com\migrationreport\exception\EncryptionException.java
[2026-07-27 12:40:02] [javac-extractor-39204] Processing file D:\MigrationReportTool\Backend\MigrationReport\src\main\java\com\migrationreport\exception\GlobalExceptionHandler.java
[2026-07-27 12:40:02] [javac-extractor-39204] Processing file D:\MigrationReportTool\Backend\MigrationReport\src\main\java\com\migrationreport\exception\ResourceNotFoundException.java
[2026-07-27 12:40:02] [javac-extractor-39204] Processing file D:\MigrationReportTool\Backend\MigrationReport\src\main\java\com\migrationreport\exception\LogParsingException.java
[2026-07-27 12:40:02] [javac-extractor-39204] Processing file D:\MigrationReportTool\Backend\MigrationReport\src\main\java\com\migrationreport\security\PathValidator.java
[2026-07-27 12:40:02] [javac-extractor-39204] Processing file D:\MigrationReportTool\Backend\MigrationReport\src\main\java\com\migrationreport\security\SqlIdentifierValidator.java
[2026-07-27 12:40:02] [javac-extractor-39204] Processing file D:\MigrationReportTool\Backend\MigrationReport\src\main\java\com\migrationreport\util\EncryptionUtil.java
[2026-07-27 12:40:03] [javac-extractor-39204] Processing file D:\MigrationReportTool\Backend\MigrationReport\src\main\java\com\migrationreport\util\TempUpdate.java
[2026-07-27 12:40:03] [javac-extractor-39204] Javac init time: 7.0s
[2026-07-27 12:40:03] [javac-extractor-39204] Javac attr time: 1.1s
[2026-07-27 12:40:03] [javac-extractor-39204] Extractor time: 43.6s
[2026-07-27 12:40:03] [javac-extractor-39204] Other time: 0.6s
[2026-07-27 12:40:03] [javac-extractor-39204] Total time: 52.3s
